Component: ARM Compiler 5.06 update 1 (build 61) Tool: armlink [4d35a8]

==============================================================================

Section Cross References

    stm32f10x_it.o(.text) refers to stm32f10x_usart.o(.text) for USART_GetITStatus
    stm32f10x_it.o(.text) refers to stm32f10x_it.o(.data) for TimingDelay
    stm32f10x_it.o(.text) refers to stm32f10x_it.o(.bss) for RxBuffer1
    main.o(.text) refers to v_set_c1025.o(.text) for Vol_GPIO_Configuration
    main.o(.text) refers to t226_1022.o(.text) for M9_BUS_VOLTAGE
    main.o(.text) refers to lib.o(i.ShowTxt) for ShowTxt
    main.o(.text) refers to config_gpio_powerout_ssd2828_lowlayerfunction.o(.text) for ShowData_uV2V_4bitfloat
    main.o(.text) refers to lcd.o(.text) for BEEP_BIBI
    main.o(.text) refers to stm32f10x_gpio.o(.text) for GPIO_SetBits
    main.o(.text) refers to stm32f10x_rcc.o(.text) for RCC_APB2PeriphClockCmd
    main.o(.text) refers to misc.o(.text) for NVIC_PriorityGroupConfig
    main.o(.text) refers to stm32f10x_it.o(.data) for TimingDelay
    main.o(.text) refers to main.o(.data) for HFZVDD
    main.o(.text) refers to t226_1022.o(.data) for FlagOfCurrentSleep
    main.o(.text) refers to lcd.o(.data) for PIC_NUM
    main.o(.text) refers to stm32f10x_flash.o(.text) for FLASH_PrefetchBufferCmd
    main.o(.text) refers to e24c16iic.o(.text) for EEPROM_GPIO_Config
    main.o(.text) refers to tsliic_rev01.o(.text) for TSL_GPIO_Config
    main.o(.text) refers to m2481_control.o(.text) for M2481_EN_Pin_Configuration
    main.o(.text) refers to lib.o(i.Allcolor) for Allcolor
    main.o(.text) refers to otp.o(.text) for VCOM_READ
    main.o(.text) refers to lib.o(i.showbmp) for showbmp
    main.o(.text) refers to tsliic_rev_c.o(.text) for Dly_10ns
    main.o(.text) refers to stm32f10x_usart.o(.text) for USART_SendData
    main.o(.text) refers to otp.o(.data) for OTP_VALUE1
    main.o(.text) refers to stm32f10x_exti.o(.text) for EXTI_GetITStatus
    lcd.o(.text) refers to config_gpio_powerout_ssd2828_lowlayerfunction.o(.text) for STM32TOSSD2828_W_COM
    lcd.o(.text) refers to main.o(.text) for DelayMs
    lcd.o(.text) refers to lcd.o(.bss) for MIPI_Array
    lcd.o(.text) refers to stm32f10x_gpio.o(.text) for GPIO_SetBits
    lcd.o(.text) refers to t226_1022.o(.text) for T226_intion
    lcd.o(.text) refers to v_set_c1025.o(.text) for VDD_ADJ_SET
    lcd.o(.text) refers to lcd.o(.data) for HPW
    config_gpio_powerout_ssd2828_lowlayerfunction.o(.text) refers to stm32f10x_gpio.o(.text) for GPIO_ReadInputDataBit
    config_gpio_powerout_ssd2828_lowlayerfunction.o(.text) refers to lcd.o(.text) for MDelay
    config_gpio_powerout_ssd2828_lowlayerfunction.o(.text) refers to memseta.o(.text) for __aeabi_memclr4
    config_gpio_powerout_ssd2828_lowlayerfunction.o(.text) refers to strcpy.o(.text) for strcpy
    config_gpio_powerout_ssd2828_lowlayerfunction.o(.text) refers to lib.o(i.ShowTxt) for ShowTxt
    config_gpio_powerout_ssd2828_lowlayerfunction.o(.text) refers to stm32f10x_rcc.o(.text) for RCC_APB2PeriphClockCmd
    config_gpio_powerout_ssd2828_lowlayerfunction.o(.text) refers to stm32f10x_exti.o(.text) for EXTI_GenerateSWInterrupt
    config_gpio_powerout_ssd2828_lowlayerfunction.o(.text) refers to main.o(.text) for Delay
    config_gpio_powerout_ssd2828_lowlayerfunction.o(.text) refers to stm32f10x_usart.o(.text) for USART_Init
    otp.o(.text) refers to main.o(.text) for Delay
    otp.o(.text) refers to lcd.o(.text) for SSD2828_ENTER_LP_mode
    otp.o(.text) refers to config_gpio_powerout_ssd2828_lowlayerfunction.o(.text) for STM32TOSSD2828_W_COM
    otp.o(.text) refers to lib.o(i.ShowTxt) for ShowTxt
    otp.o(.text) refers to store.o(.text) for SLAVE_EEPROM_COUNT_NUM
    otp.o(.text) refers to lib.o(i.Allcolor) for Allcolor
    otp.o(.text) refers to otp.o(.data) for VCOMDC1
    otp.o(.text) refers to lcd.o(.bss) for MIPI_READ_DATA
    otp.o(.text) refers to tsliic_rev_c.o(.text) for sensor_check
    otp.o(.text) refers to otp.o(.bss) for SURE
    otp.o(.text) refers to lib.o(i.showbmp) for showbmp
    otp.o(.text) refers to memseta.o(.text) for __aeabi_memclr4
    otp.o(.text) refers to memcpya.o(.text) for __aeabi_memcpy4
    otp.o(.text) refers to tsliic_rev01.o(.text) for Measure_Brightness_Init
    otp.o(.text) refers to tsliic_brightness.o(.text) for ave_Bright
    otp.o(.text) refers to fflti.o(.text) for __aeabi_i2f
    otp.o(.text) refers to fdiv.o(.text) for __aeabi_fdiv
    otp.o(.text) refers to f2d.o(.text) for __aeabi_f2d
    otp.o(.text) refers to pow.o(i.pow) for pow
    otp.o(.text) refers to d2f.o(.text) for __aeabi_d2f
    otp.o(.text) refers to lcd.o(.data) for Flicker_OTP
    otp.o(.text) refers to otp.o(.constdata) for .constdata
    otp.o(.text) refers to fadd.o(.text) for __aeabi_frsub
    otp.o(.text) refers to dadd.o(.text) for __aeabi_dadd
    otp.o(.text) refers to cfrcmple.o(.text) for __aeabi_cfrcmple
    otp.o(.text) refers to cfcmple.o(.text) for __aeabi_cfcmple
[...]
    i.__mathlib_dbl_overflow                 0x0800b5cc   Section        0  dunder.o(i.__mathlib_dbl_overflow)
    i.__mathlib_dbl_underflow                0x0800b5dc   Section        0  dunder.o(i.__mathlib_dbl_underflow)
    i.__scatterload_copy                     0x0800b5ec   Section       14  handlers.o(i.__scatterload_copy)
    i.__scatterload_null                     0x0800b5fa   Section        2  handlers.o(i.__scatterload_null)
    i.__scatterload_zeroinit                 0x0800b5fc   Section       14  handlers.o(i.__scatterload_zeroinit)
    i.__set_errno                            0x0800b60c   Section        0  errno.o(i.__set_errno)
    i.comsend                                0x0800b618   Section        0  lib.o(i.comsend)
    i.num2HEXchar                            0x0800b644   Section        0  lib.o(i.num2HEXchar)
    i.pow                                    0x0800b684   Section        0  pow.o(i.pow)
    i.showbmp                                0x0800c05c   Section        0  lib.o(i.showbmp)
    i.sqrt                                   0x0800c0f4   Section        0  sqrt.o(i.sqrt)
    .constdata                               0x0800c140   Section       32  otp.o(.constdata)
    .constdata                               0x0800c160   Section      136  pow.o(.constdata)
    bp                                       0x0800c160   Data          16  pow.o(.constdata)
    dp_h                                     0x0800c170   Data          16  pow.o(.constdata)
    dp_l                                     0x0800c180   Data          16  pow.o(.constdata)
    L                                        0x0800c190   Data          48  pow.o(.constdata)
    P                                        0x0800c1c0   Data          40  pow.o(.constdata)
    .constdata                               0x0800c1e8   Section        8  qnan.o(.constdata)
    .data                                    0x20000000   Section        7  stm32f10x_it.o(.data)
    .data                                    0x20000008   Section       35  main.o(.data)
    .data                                    0x2000002c   Section       59  lcd.o(.data)
    .data                                    0x20000068   Section      480  otp.o(.data)
    gamma_line                               0x200000a0   Data         424  otp.o(.data)
    .data                                    0x20000248   Section     1040  store.o(.data)
    cfcrc_table                              0x20000248   Data        1024  store.o(.data)
    .data                                    0x20000658   Section        5  m2481_control.o(.data)
    dir                                      0x2000065c   Data           1  m2481_control.o(.data)
    .data                                    0x2000065e   Section       30  t226_1022.o(.data)
    .data                                    0x2000067c   Section        4  tsliic_rev01.o(.data)
    .data                                    0x20000680   Section       20  system_stm32f10x.o(.data)
    .data                                    0x20000694   Section       20  stm32f10x_rcc.o(.data)
    APBAHBPrescTable                         0x20000694   Data          16  stm32f10x_rcc.o(.data)
    ADCPrescTable                            0x200006a4   Data           4  stm32f10x_rcc.o(.data)
    .data                                    0x200006a8   Section        4  tsliic_rev_c.o(.data)
    .data                                    0x200006ac   Section        4  errno.o(.data)
    _errno                                   0x200006ac   Data           4  errno.o(.data)
    .bss                                     0x200006b0   Section      127  stm32f10x_it.o(.bss)
    .bss                                     0x20000730   Section      310  lcd.o(.bss)
    .bss                                     0x20000868   Section      300  otp.o(.bss)
    STACK                                    0x20000998   Section     1024  startup_stm32f10x_xl.o(STACK)

    Global Symbols

    Symbol Name                              Value     Ov Type        Size  Object(Section)

    BuildAttributes$$THM_ISAv4$P$D$K$B$S$PE$A:L22UL41UL21$X:L11$S22US41US21$IEEE1$IW$USESV6$~STKCKD$USESV7$~SHL$OTIME$ROPI$IEEEX$EBA8$MICROLIB$REQ8$PRES8$EABIv2 0x00000000   Number         0  anon$$obj.o ABSOLUTE
    __ARM_use_no_argv                        0x00000000   Number         0  main.o ABSOLUTE
    __cpp_initialize__aeabi_                  - Undefined Weak Reference
    __cxa_finalize                            - Undefined Weak Reference
    _clock_init                               - Undefined Weak Reference
    _microlib_exit                            - Undefined Weak Reference
    __Vectors_Size                           0x00000130   Number         0  startup_stm32f10x_xl.o ABSOLUTE
    __Vectors                                0x08000000   Data           4  startup_stm32f10x_xl.o(RESET)
    __Vectors_End                            0x08000130   Data           0  startup_stm32f10x_xl.o(RESET)
    __main                                   0x08000131   Thumb Code     0  entry.o(.ARM.Collect$$$$00000000)
    _main_stk                                0x08000131   Thumb Code     0  entry2.o(.ARM.Collect$$$$00000001)
    _main_scatterload                        0x08000135   Thumb Code     0  entry5.o(.ARM.Collect$$$$00000004)
    __main_after_scatterload                 0x08000139   Thumb Code     0  entry5.o(.ARM.Collect$$$$00000004)
    _main_clock                              0x08000139   Thumb Code     0  entry7b.o(.ARM.Collect$$$$00000008)
    _main_cpp_init                           0x08000139   Thumb Code     0  entry8b.o(.ARM.Collect$$$$0000000A)
    _main_init                               0x08000139   Thumb Code     0  entry9a.o(.ARM.Collect$$$$0000000B)
    __rt_final_cpp                           0x08000141   Thumb Code     0  entry10a.o(.ARM.Collect$$$$0000000D)
    __rt_final_exit                          0x08000141   Thumb Code     0  entry11a.o(.ARM.Collect$$$$0000000F)
    NMI_Handler                              0x08000145   Thumb Code     2  stm32f10x_it.o(.text)
    HardFault_Handler                        0x08000147   Thumb Code     4  stm32f10x_it.o(.text)
    MemManage_Handler                        0x0800014b   Thumb Code     4  stm32f10x_it.o(.text)
    BusFault_Handler                         0x0800014f   Thumb Code     4  stm32f10x_it.o(.text)
    UsageFault_Handler                       0x08000153   Thumb Code     4  stm32f10x_it.o(.text)
    SVC_Handler                              0x08000157   Thumb Code     2  stm32f10x_it.o(.text)
    DebugMon_Handler                         0x08000159   Thumb Code     2  stm32f10x_it.o(.text)
    PendSV_Handler                           0x0800015b   Thumb Code     2  stm32f10x_it.o(.text)
    SysTick_Handler                          0x0800015d   Thumb Code    18  stm32f10x_it.o(.text)
    EXTI15_10_IRQHandler                     0x0800016f   Thumb Code     2  stm32f10x_it.o(.text)
    USART1_IRQHandler                        0x08000171   Thumb Code    62  stm32f10x_it.o(.text)
    LCD_Vol_SET                              0x080001c9   Thumb Code    68  main.o(.text)
    DelayMs                                  0x0800020d   Thumb Code    20  main.o(.text)
    IDD_IOIDD_show                           0x08000221   Thumb Code   222  main.o(.text)
    PassKey                                  0x080002ff   Thumb Code   578  main.o(.text)
    BACK_LIGHT_ON                            0x08000541   Thumb Code    12  main.o(.text)
    BACK_LIGHT_OFF                           0x0800054d   Thumb Code    54  main.o(.text)
    NVIC_Configuration                       0x08000583   Thumb Code   358  main.o(.text)
    RCC_Configuration                        0x080006e9   Thumb Code   144  main.o(.text)
    SYSinitialize                            0x08000779   Thumb Code    86  main.o(.text)
    main                                     0x080007cf   Thumb Code   720  main.o(.text)
    Delay                                    0x08000a9f   Thumb Code    18  main.o(.text)
    DelaySec                                 0x08000ab1   Thumb Code    24  main.o(.text)
    fputc                                    0x08000ac9   Thumb Code   204  main.o(.text)
    EXTI0_IRQHandler                         0x08000b95   Thumb Code    32  main.o(.text)
    MIPI_Protocol_Write                      0x08000bb9   Thumb Code    56  lcd.o(.text)
    MIPI_SPI_Write                           0x08000bf1   Thumb Code    68  lcd.o(.text)
    VCOM_set                                 0x08000c35   Thumb Code    26  lcd.o(.text)
    ID_set                                   0x08000c4f   Thumb Code     2  lcd.o(.text)
    SSD2828_inition_lcd                      0x08000c51   Thumb Code  3572  lcd.o(.text)
    SSD2828_inition_lcd_Check                0x08001a45   Thumb Code     2  lcd.o(.text)
    Forward_scan                             0x08001a47   Thumb Code     2  lcd.o(.text)
    Backward_scan                            0x08001a49   Thumb Code     2  lcd.o(.text)
    MTP                                      0x08001a4b   Thumb Code     2  lcd.o(.text)
    MTP_ID                                   0x08001a4d   Thumb Code     2  lcd.o(.text)
    STM_MINI_SET                             0x08001a4f   Thumb Code   182  lcd.o(.text)
    SSD2828_VIDEO_MODE_HS                    0x08001b05   Thumb Code    24  lcd.o(.text)
    SSD2828_ENTER_LP_mode                    0x08001b1d   Thumb Code    24  lcd.o(.text)
    STM32_Init_SSD2828                       0x08001b35   Thumb Code   612  lcd.o(.text)
    SSD2828_ENTER_READ_LCDIC_mode            0x08001d99   Thumb Code    24  lcd.o(.text)
    MDelay                                   0x08001db1   Thumb Code    28  lcd.o(.text)
    TC358768_DCS_write_1A_1P                 0x08001dcd   Thumb Code    44  lcd.o(.text)
    READ_IC                                  0x08001df9   Thumb Code   264  lcd.o(.text)
    READ_IC_A                                0x08001f01   Thumb Code   234  lcd.o(.text)
    TC358768_DCS_write_1A_0P                 0x08001feb   Thumb Code    30  lcd.o(.text)
    SSD2828_101FD05                          0x08002009   Thumb Code    28  lcd.o(.text)
    SEND_IC_REG_OnlyFor045LF                 0x08002025   Thumb Code    36  lcd.o(.text)
    SEND_DATA_OnlyFor045LF                   0x08002049   Thumb Code    52  lcd.o(.text)
    SSD2828_MIPI_MODE_CHANGE_OnlyFor045LF    0x0800207d   Thumb Code    76  lcd.o(.text)
    enter_sleep_mode                         0x080020c9   Thumb Code   242  lcd.o(.text)
    exit_sleep_mode                          0x080021bb   Thumb Code     8  lcd.o(.text)
    reset_lcd                                0x080021c3   Thumb Code    18  lcd.o(.text)
    BEEP_ON                                  0x080021d5   Thumb Code    18  lcd.o(.text)
    BEEP_OFF                                 0x080021e7   Thumb Code    18  lcd.o(.text)
    BEEP_Dudu                                0x080021f9   Thumb Code    80  lcd.o(.text)
    BEEP_BIBI                                0x08002249   Thumb Code    92  lcd.o(.text)
    BEEP_XiXi                                0x080022a5   Thumb Code    48  lcd.o(.text)
    BEEP_HuHu                                0x080022d5   Thumb Code    48  lcd.o(.text)
    READ_SSD2828_onebyte                     0x08002309   Thumb Code   378  config_gpio_powerout_ssd2828_lowlayerfunction.o(.text)
    SSD2825_READ_AnyByte                     0x08002483   Thumb Code   292  config_gpio_powerout_ssd2828_lowlayerfunction.o(.text)
    STM32TOSSD2828_W_COM                     0x080025a7   Thumb Code   132  config_gpio_powerout_ssd2828_lowlayerfunction.o(.text)
    STM32TOSSD2828_W_DATA_16BITS             0x0800262b   Thumb Code   266  config_gpio_powerout_ssd2828_lowlayerfunction.o(.text)
    STM32TOSSD2828_W_DATA_8BITS              0x08002735   Thumb Code   134  config_gpio_powerout_ssd2828_lowlayerfunction.o(.text)
    V3ADJ_SET                                0x080027bb   Thumb Code     2  config_gpio_powerout_ssd2828_lowlayerfunction.o(.text)
    ShowData_hex                             0x080027bd   Thumb Code   248  config_gpio_powerout_ssd2828_lowlayerfunction.o(.text)
    ShowData                                 0x080028b5   Thumb Code   164  config_gpio_powerout_ssd2828_lowlayerfunction.o(.text)
    ShowData_ua2ma_4bitfloat                 0x08002959   Thumb Code   354  config_gpio_powerout_ssd2828_lowlayerfunction.o(.text)
    ShowData_uV2V_4bitfloat                  0x08002abb   Thumb Code   306  config_gpio_powerout_ssd2828_lowlayerfunction.o(.text)
    LCD_CtrlLinesConfig                      0x08002bed   Thumb Code   180  config_gpio_powerout_ssd2828_lowlayerfunction.o(.text)
    EXTI_Configuration                       0x08002ca1   Thumb Code    74  config_gpio_powerout_ssd2828_lowlayerfunction.o(.text)
    KEYGPIO_Init                             0x08002ceb   Thumb Code   118  config_gpio_powerout_ssd2828_lowlayerfunction.o(.text)
    DelayKEY                                 0x08002d61   Thumb Code    74  config_gpio_powerout_ssd2828_lowlayerfunction.o(.text)
    USART_REMAP_GPIO_Configuration           0x08002dab   Thumb Code   120  config_gpio_powerout_ssd2828_lowlayerfunction.o(.text)
    USART_GPIO_Configuration                 0x08002e23   Thumb Code   156  config_gpio_powerout_ssd2828_lowlayerfunction.o(.text)
    Soft_reset                               0x08002ed9   Thumb Code    90  otp.o(.text)
    Enter_sleep_begin                        0x08002f33   Thumb Code    94  otp.o(.text)
    Gamma_OK                                 0x08002f91   Thumb Code    40  otp.o(.text)
    Gamma_NG                                 0x08002fb9   Thumb Code    40  otp.o(.text)
    OTP_ID_OK                                0x08002fe1   Thumb Code    28  otp.o(.text)
    OTP_ID_NG                                0x08002ffd   Thumb Code    40  otp.o(.text)
    OTP_ERROR_1                              0x08003025   Thumb Code    20  otp.o(.text)
    OTP_ERROR_2                              0x08003039   Thumb Code    20  otp.o(.text)
    OTP_ERROR_3                              0x0800304d   Thumb Code    32  otp.o(.text)
    OTP_ERROR_4                              0x0800306d   Thumb Code    32  otp.o(.text)
    OTP_NO                                   0x0800308d   Thumb Code    28  otp.o(.text)
    OTP_OK                                   0x080030a9   Thumb Code    38  otp.o(.text)
    OTP_adjust_result                        0x080030cf   Thumb Code    72  otp.o(.text)
    Running_water_result                     0x08003117   Thumb Code   116  otp.o(.text)
    VCOM_READ                                0x0800318b   Thumb Code    40  otp.o(.text)
    VCOM_CHECK                               0x080031b3   Thumb Code    46  otp.o(.text)
    VCOM_TIMES_Check                         0x080031e1   Thumb Code    38  otp.o(.text)
    Gamma_READ                               0x08003207   Thumb Code    98  otp.o(.text)
    Gamma_Check                              0x08003269   Thumb Code   712  otp.o(.text)
    ID_READ                                  0x08003531   Thumb Code   130  otp.o(.text)
    ID_CHECK                                 0x080035b3   Thumb Code    80  otp.o(.text)
    SENSOR_Check                             0x08003603   Thumb Code    76  otp.o(.text)
    I2C_MEMSURE1                             0x0800364f   Thumb Code   428  otp.o(.text)
    Sensor_check                             0x080037fb   Thumb Code   112  otp.o(.text)
    I2C_DATAL_COMPARE                        0x0800386b   Thumb Code    54  otp.o(.text)
    I2C_DATAL_COMPAREX                       0x080038a1   Thumb Code   308  otp.o(.text)
    Auto_otp                                 0x080039d5   Thumb Code   118  otp.o(.text)
    KEY_adjust                               0x08003a4b   Thumb Code   260  otp.o(.text)
    GAMMA_LINE_CHECK                         0x08003b4f   Thumb Code  1950  otp.o(.text)
    IICTWaitS                                0x08004341   Thumb Code    40  iics.o(.text)
    EEPROM_GPIO_ConfigS                      0x08004369   Thumb Code    48  iics.o(.text)
    PIN_SDA1_IICFLOATS                       0x08004399   Thumb Code    26  iics.o(.text)
    PIN_SDA1_IICOUTPUTS                      0x080043b3   Thumb Code    30  iics.o(.text)
    IICStartS                                0x080043d1   Thumb Code    56  iics.o(.text)
    IICStopS                                 0x08004409   Thumb Code    66  iics.o(.text)
    IICSendTAckS                             0x0800444b   Thumb Code    58  iics.o(.text)
    IICTestTAckS                             0x08004485   Thumb Code    36  iics.o(.text)
    IICSentByteS                             0x080044a9   Thumb Code    82  iics.o(.text)
    IICReceiveByteS                          0x080044fb   Thumb Code    76  iics.o(.text)
    EEPROMBYTE_WriteS                        0x08004547   Thumb Code    90  iics.o(.text)
    EEPROMBYTE_ReadS                         0x080045a1   Thumb Code   104  iics.o(.text)
    cfcrc                                    0x08004611   Thumb Code    92  store.o(.text)
    Init_External_EEPROM                     0x0800466d   Thumb Code     8  store.o(.text)
    Delays                                   0x08004675   Thumb Code    30  store.o(.text)
    SLAVE_Read_Data                          0x08004693   Thumb Code   102  store.o(.text)
    Check_CRC_Code                           0x080046f9   Thumb Code   208  store.o(.text)
    GET_SLAVE_EEPROM_COUNT_SIGNAL            0x080047c9   Thumb Code    26  store.o(.text)
    SLAVE_EEPROM_COUNT_NUM                   0x080047e3   Thumb Code   114  store.o(.text)
    SLAVE_Write_Data                         0x08004855   Thumb Code    78  store.o(.text)
    SAVE_SLAVE_EEPROM_COUNT_NUM              0x080048a3   Thumb Code   180  store.o(.text)
    ID_Model_Lifetimes_CHECK                 0x08004957   Thumb Code   122  store.o(.text)
    GET_SLAVE_EEPROM_KEY                     0x080049d1   Thumb Code    64  store.o(.text)
    SLAVE_EEPROM_KEY_CHECK                   0x08004a11   Thumb Code   368  store.o(.text)
    WRITE_SLAVE_EEPROM_KEY                   0x08004b81   Thumb Code    58  store.o(.text)
    GET_SLAVE_EEPROM_COUNT_NUM               0x08004bbb   Thumb Code    20  store.o(.text)
    RENEW_SLAVE_EEPROM_NUM                   0x08004bcf   Thumb Code    50  store.o(.text)
    START_SLAVE_EEPROM_NUM                   0x08004c01   Thumb Code    20  store.o(.text)
    Read_LCD_MODEL                           0x08004c15   Thumb Code    84  store.o(.text)
    initial_Slave_model                      0x08004c69   Thumb Code    68  store.o(.text)
    M2481_EN_Pin_Configuration               0x08004cdd   Thumb Code    50  m2481_control.o(.text)
    PWM_Pin_configuration                    0x08004d0f   Thumb Code    40  m2481_control.o(.text)
    TIM4_Configuration                       0x08004d37   Thumb Code   110  m2481_control.o(.text)
    M2481_PWM_scan                           0x08004da5   Thumb Code   210  m2481_control.o(.text)
    Adjust_Output_Current                    0x08004e77   Thumb Code   162  m2481_control.o(.text)
    IICTWait                                 0x08004f65   Thumb Code    40  e24c16iic.o(.text)
    EEPROM_GPIO_Config                       0x08004f8d   Thumb Code    72  e24c16iic.o(.text)
    PIN_SDA1_IICFLOAT                        0x08004fd5   Thumb Code    26  e24c16iic.o(.text)
    PIN_SDA1_IICOUTPUT                       0x08004fef   Thumb Code    30  e24c16iic.o(.text)
    IICStart                                 0x0800500d   Thumb Code    56  e24c16iic.o(.text)
    IICStop                                  0x08005045   Thumb Code    66  e24c16iic.o(.text)
    IICSendTAck                              0x08005087   Thumb Code    58  e24c16iic.o(.text)
    IICTestTAck                              0x080050c1   Thumb Code    60  e24c16iic.o(.text)
    IICSentByte                              0x080050fd   Thumb Code    82  e24c16iic.o(.text)
    IICReceiveByte                           0x0800514f   Thumb Code    76  e24c16iic.o(.text)
    EEPROMBYTE_Write                         0x0800519b   Thumb Code    90  e24c16iic.o(.text)
    EEPROMBYTE_Read                          0x080051f5   Thumb Code    96  e24c16iic.o(.text)
    EEPROMBYTE_Write_Flex                    0x08005255   Thumb Code    90  e24c16iic.o(.text)
    EEPROMBYTE_Read_Flex                     0x080052af   Thumb Code   104  e24c16iic.o(.text)
    AD5274_5271_GPIO_Config                  0x08005325   Thumb Code   112  v_set_c1025.o(.text)
    AD5274_5271_I2CSDASetInput               0x08005395   Thumb Code    26  v_set_c1025.o(.text)
    AD5274_5271_I2CSDASetOutput              0x080053af   Thumb Code    32  v_set_c1025.o(.text)
    AD5274_5271_I2CStart                     0x080053cf   Thumb Code    56  v_set_c1025.o(.text)
    AD5274_5271_I2CStop                      0x08005407   Thumb Code    56  v_set_c1025.o(.text)
    AD5274_5271_I2CSendByte                  0x0800543f   Thumb Code   140  v_set_c1025.o(.text)
    AD5274_5271_I2CReciveByte                0x080054cb   Thumb Code   134  v_set_c1025.o(.text)
    AD5274_5271_I2CTest                      0x08005551   Thumb Code     4  v_set_c1025.o(.text)
    AD5274_5271_I2CSend                      0x08005555   Thumb Code   100  v_set_c1025.o(.text)
    AD5274_5271_I2CReceive                   0x080055b9   Thumb Code   142  v_set_c1025.o(.text)
    P557_GPIO_Config                         0x08005647   Thumb Code   118  v_set_c1025.o(.text)
    P557_I2CSDASetInput                      0x080056bd   Thumb Code    24  v_set_c1025.o(.text)
    P557_I2CSDASetOutput                     0x080056d5   Thumb Code    30  v_set_c1025.o(.text)
    P557_I2CStart                            0x080056f3   Thumb Code    66  v_set_c1025.o(.text)
    P557_I2CStop                             0x08005735   Thumb Code    52  v_set_c1025.o(.text)
    P557_I2CSendByte                         0x08005769   Thumb Code   134  v_set_c1025.o(.text)
    P557_I2CReciveByte                       0x080057ef   Thumb Code   128  v_set_c1025.o(.text)
    P557_I2CTest                             0x0800586f   Thumb Code     4  v_set_c1025.o(.text)
    P557_I2CSend                             0x08005873   Thumb Code    86  v_set_c1025.o(.text)
    P557_I2CReceive                          0x080058c9   Thumb Code   114  v_set_c1025.o(.text)
    Vol_GPIO_Configuration                   0x0800593b   Thumb Code    74  v_set_c1025.o(.text)
    P557_M1_I2CSDASetInput                   0x08005985   Thumb Code    24  v_set_c1025.o(.text)
    P557_M1_I2CSDASetOutput                  0x0800599d   Thumb Code    30  v_set_c1025.o(.text)
    P557_M1_I2CStart                         0x080059bb   Thumb Code    48  v_set_c1025.o(.text)
    P557_M1_I2CStop                          0x080059eb   Thumb Code    48  v_set_c1025.o(.text)
    P557_M1_I2CSendByte                      0x08005a1b   Thumb Code   126  v_set_c1025.o(.text)
    P557_M1_I2CReciveByte                    0x08005a99   Thumb Code   120  v_set_c1025.o(.text)
    P557_M1_I2CTest                          0x08005b11   Thumb Code     4  v_set_c1025.o(.text)
    P557_M1_I2CSend                          0x08005b15   Thumb Code   106  v_set_c1025.o(.text)
    P557_M1_I2CReceive                       0x08005b7f   Thumb Code   114  v_set_c1025.o(.text)
    VDD_ADJ_SET                              0x08005bf1   Thumb Code   202  v_set_c1025.o(.text)
    VDDIO_ADJ_SET                            0x08005cbb   Thumb Code   192  v_set_c1025.o(.text)
    VOTP_ADJ_SET                             0x08005d7b   Thumb Code   218  v_set_c1025.o(.text)
    T226_I2CSDASetOutput                     0x08005e61   Thumb Code    30  t226_1022.o(.text)
    T226_I2CStop                             0x08005e7f   Thumb Code    48  t226_1022.o(.text)
    T226_I2CSDASetInput                      0x08005eaf   Thumb Code    24  t226_1022.o(.text)
    T226_I2CReciveByte                       0x08005ec7   Thumb Code   120  t226_1022.o(.text)
    T226_I2CSendByte                         0x08005f3f   Thumb Code   126  t226_1022.o(.text)
    T226_I2CStart                            0x08005fbd   Thumb Code    48  t226_1022.o(.text)
    T226_I2CReceive                          0x08005fed   Thumb Code   110  t226_1022.o(.text)
    M9_BUS_VOLTAGE                           0x0800605b   Thumb Code    52  t226_1022.o(.text)
    M12_BUS_VOLTAGE                          0x0800608f   Thumb Code    52  t226_1022.o(.text)
    T226_I2CSend                             0x080060c3   Thumb Code    86  t226_1022.o(.text)
    T226_GPIO_Config                         0x08006119   Thumb Code    72  t226_1022.o(.text)
    T226_intion                              0x08006161   Thumb Code   140  t226_1022.o(.text)
    Measure_IDD_once                         0x080061ed   Thumb Code   136  t226_1022.o(.text)
    Measure_IDD                              0x08006275   Thumb Code   248  t226_1022.o(.text)
    Measure_IDDIO_once                       0x0800636d   Thumb Code    92  t226_1022.o(.text)
    Measure_IDDIO                            0x080063c9   Thumb Code   236  t226_1022.o(.text)
    Measure_I_5TimesForProtectIDDIO          0x080064b5   Thumb Code   108  t226_1022.o(.text)
    Measure_I_5TimesForProtectIDD            0x08006521   Thumb Code   114  t226_1022.o(.text)
    PA910SPISendValueofCurrent               0x08006593   Thumb Code   692  t226_1022.o(.text)
    USART_SEND_DEC                           0x08006847   Thumb Code   182  t226_1022.o(.text)
    AUTO_CALIBRATION                         0x080068fd   Thumb Code  1782  t226_1022.o(.text)
    RESTORE_CALIBRATION                      0x08006ff3   Thumb Code   232  t226_1022.o(.text)
    STORE_CALIBRATION                        0x080070db   Thumb Code   250  t226_1022.o(.text)
    GET_PRESENT                              0x080071d5   Thumb Code   174  t226_1022.o(.text)
    EEpromRead_CurrentCalibration            0x08007283   Thumb Code   346  t226_1022.o(.text)
    SLEEP_CAL_TEST                           0x080073dd   Thumb Code   182  t226_1022.o(.text)
    NORML_CAL_TEST                           0x08007493   Thumb Code   164  t226_1022.o(.text)
    POWER_ON_CHECK                           0x08007537   Thumb Code   124  t226_1022.o(.text)
    END_OFF_CHECK                            0x080075b3   Thumb Code    20  t226_1022.o(.text)
    T226_I2CTest                             0x080075c7   Thumb Code     4  t226_1022.o(.text)
    Dly_1ms                                  0x08007689   Thumb Code    44  tsliic_brightness.o(.text)
    ave_Bright                               0x080076b5   Thumb Code   330  tsliic_brightness.o(.text)
    TSL_GPIO_Config                          0x08007805   Thumb Code    40  tsliic_rev01.o(.text)
    delay_10ns                               0x0800782d   Thumb Code    40  tsliic_rev01.o(.text)
    Tsl_wait                                 0x08007855   Thumb Code    10  tsliic_rev01.o(.text)
    TSL_SDA_FLOAT                            0x0800785f   Thumb Code    26  tsliic_rev01.o(.text)
    TSL_SDA_OUTPUT                           0x08007879   Thumb Code    30  tsliic_rev01.o(.text)
    TSL_Start                                0x08007897   Thumb Code    56  tsliic_rev01.o(.text)
    TSL_Stop                                 0x080078cf   Thumb Code    62  tsliic_rev01.o(.text)
    Send_TAck                                0x0800790d   Thumb Code    58  tsliic_rev01.o(.text)
    Test_TAck                                0x08007947   Thumb Code    60  tsliic_rev01.o(.text)
    TSL_SentByte                             0x08007983   Thumb Code    82  tsliic_rev01.o(.text)
    TSL_ReceiveByte                          0x080079d5   Thumb Code    80  tsliic_rev01.o(.text)
    TSL_WriteReg                             0x08007a25   Thumb Code    84  tsliic_rev01.o(.text)
    Read_Reg                                 0x08007a79   Thumb Code   102  tsliic_rev01.o(.text)
    Read_RegMuti                             0x08007adf   Thumb Code   132  tsliic_rev01.o(.text)
    Cal_culateLux                            0x08007b63   Thumb Code   238  tsliic_rev01.o(.text)
    TSL_Init                                 0x08007c51   Thumb Code    62  tsliic_rev01.o(.text)
    Sensor_Check                             0x08007c8f   Thumb Code    64  tsliic_rev01.o(.text)
    Get_Bright                               0x08007ccf   Thumb Code    52  tsliic_rev01.o(.text)
    TSL2581Init_Bri                          0x08007d03   Thumb Code    88  tsliic_rev01.o(.text)
    Measure_Brightness_Init                  0x08007d5b   Thumb Code    46  tsliic_rev01.o(.text)
    Reset_Senser                             0x08007d89   Thumb Code    58  tsliic_rev01.o(.text)
    Get_Bright2                              0x08007dc3   Thumb Code    96  tsliic_rev01.o(.text)
    Reset_Handler                            0x08007e29   Thumb Code     8  startup_stm32f10x_xl.o(.text)
    ADC1_2_IRQHandler                        0x08007e43   Thumb Code     0  startup_stm32f10x_xl.o(.text)
    ADC3_IRQHandler                          0x08007e43   Thumb Code     0  startup_stm32f10x_xl.o(.text)
    CAN1_RX1_IRQHandler                      0x08007e43   Thumb Code     0  startup_stm32f10x_xl.o(.text)
    CAN1_SCE_IRQHandler                      0x08007e43   Thumb Code     0  startup_stm32f10x_xl.o(.text)
    DMA1_Channel1_IRQHandler                 0x08007e43   Thumb Code     0  startup_stm32f10x_xl.o(.text)
    DMA1_Channel2_IRQHandler                 0x08007e43   Thumb Code     0  startup_stm32f10x_xl.o(.text)
    DMA1_Channel3_IRQHandler                 0x08007e43   Thumb Code     0  startup_stm32f10x_xl.o(.text)
    DMA1_Channel4_IRQHandler                 0x08007e43   Thumb Code     0  startup_stm32f10x_xl.o(.text)
    DMA1_Channel5_IRQHandler                 0x08007e43   Thumb Code     0  startup_stm32f10x_xl.o(.text)
    DMA1_Channel6_IRQHandler                 0x08007e43   Thumb Code     0  startup_stm32f10x_xl.o(.text)
    DMA1_Channel7_IRQHandler                 0x08007e43   Thumb Code     0  startup_stm32f10x_xl.o(.text)
    DMA2_Channel1_IRQHandler                 0x08007e43   Thumb Code     0  startup_stm32f10x_xl.o(.text)
    DMA2_Channel2_IRQHandler                 0x08007e43   Thumb Code     0  startup_stm32f10x_xl.o(.text)
    DMA2_Channel3_IRQHandler                 0x08007e43   Thumb Code     0  startup_stm32f10x_xl.o(.text)
    DMA2_Channel4_5_IRQHandler               0x08007e43   Thumb Code     0  startup_stm32f10x_xl.o(.text)
    EXTI1_IRQHandler                         0x08007e43   Thumb Code     0  startup_stm32f10x_xl.o(.text)
    EXTI2_IRQHandler                         0x08007e43   Thumb Code     0  startup_stm32f10x_xl.o(.text)
    EXTI3_IRQHandler                         0x08007e43   Thumb Code     0  startup_stm32f10x_xl.o(.text)
    EXTI4_IRQHandler                         0x08007e43   Thumb Code     0  startup_stm32f10x_xl.o(.text)
    EXTI9_5_IRQHandler                       0x08007e43   Thumb Code     0  startup_stm32f10x_xl.o(.text)
    FLASH_IRQHandler                         0x08007e43   Thumb Code     0  startup_stm32f10x_xl.o(.text)
    FSMC_IRQHandler                          0x08007e43   Thumb Code     0  startup_stm32f10x_xl.o(.text)
    I2C1_ER_IRQHandler                       0x08007e43   Thumb Code     0  startup_stm32f10x_xl.o(.text)
    I2C1_EV_IRQHandler                       0x08007e43   Thumb Code     0  startup_stm32f10x_xl.o(.text)
    I2C2_ER_IRQHandler                       0x08007e43   Thumb Code     0  startup_stm32f10x_xl.o(.text)
    I2C2_EV_IRQHandler                       0x08007e43   Thumb Code     0  startup_stm32f10x_xl.o(.text)
    PVD_IRQHandler                           0x08007e43   Thumb Code     0  startup_stm32f10x_xl.o(.text)
    RCC_IRQHandler                           0x08007e43   Thumb Code     0  startup_stm32f10x_xl.o(.text)
    RTCAlarm_IRQHandler                      0x08007e43   Thumb Code     0  startup_stm32f10x_xl.o(.text)
    RTC_IRQHandler                           0x08007e43   Thumb Code     0  startup_stm32f10x_xl.o(.text)
    SDIO_IRQHandler                          0x08007e43   Thumb Code     0  startup_stm32f10x_xl.o(.text)
    SPI1_IRQHandler                          0x08007e43   Thumb Code     0  startup_stm32f10x_xl.o(.text)
    SPI2_IRQHandler                          0x08007e43   Thumb Code     0  startup_stm32f10x_xl.o(.text)
    SPI3_IRQHandler                          0x08007e43   Thumb Code     0  startup_stm32f10x_xl.o(.text)
    TAMPER_IRQHandler                        0x08007e43   Thumb Code     0  startup_stm32f10x_xl.o(.text)
    TIM1_BRK_TIM9_IRQHandler                 0x08007e43   Thumb Code     0  startup_stm32f10x_xl.o(.text)
    TIM1_CC_IRQHandler                       0x08007e43   Thumb Code     0  startup_stm32f10x_xl.o(.text)
    TIM1_TRG_COM_TIM11_IRQHandler            0x08007e43   Thumb Code     0  startup_stm32f10x_xl.o(.text)
    TIM1_UP_TIM10_IRQHandler                 0x08007e43   Thumb Code     0  startup_stm32f10x_xl.o(.text)
    TIM2_IRQHandler                          0x08007e43   Thumb Code     0  startup_stm32f10x_xl.o(.text)
    TIM3_IRQHandler                          0x08007e43   Thumb Code     0  startup_stm32f10x_xl.o(.text)
    TIM4_IRQHandler                          0x08007e43   Thumb Code     0  startup_stm32f10x_xl.o(.text)
    TIM5_IRQHandler                          0x08007e43   Thumb Code     0  startup_stm32f10x_xl.o(.text)
    TIM6_IRQHandler                          0x08007e43   Thumb Code     0  startup_stm32f10x_xl.o(.text)
    TIM7_IRQHandler                          0x08007e43   Thumb Code     0  startup_stm32f10x_xl.o(.text)
    TIM8_BRK_TIM12_IRQHandler                0x08007e43   Thumb Code     0  startup_stm32f10x_xl.o(.text)
    TIM8_CC_IRQHandler                       0x08007e43   Thumb Code     0  startup_stm32f10x_xl.o(.text)
    TIM8_TRG_COM_TIM14_IRQHandler            0x08007e43   Thumb Code     0  startup_stm32f10x_xl.o(.text)
    TIM8_UP_TIM13_IRQHandler                 0x08007e43   Thumb Code     0  startup_stm32f10x_xl.o(.text)
    UART4_IRQHandler                         0x08007e43   Thumb Code     0  startup_stm32f10x_xl.o(.text)
    UART5_IRQHandler                         0x08007e43   Thumb Code     0  startup_stm32f10x_xl.o(.text)
    USART2_IRQHandler                        0x08007e43   Thumb Code     0  startup_stm32f10x_xl.o(.text)
    USART3_IRQHandler                        0x08007e43   Thumb Code     0  startup_stm32f10x_xl.o(.text)
    USBWakeUp_IRQHandler                     0x08007e43   Thumb Code     0  startup_stm32f10x_xl.o(.text)
    USB_HP_CAN1_TX_IRQHandler                0x08007e43   Thumb Code     0  startup_stm32f10x_xl.o(.text)
    USB_LP_CAN1_RX0_IRQHandler               0x08007e43   Thumb Code     0  startup_stm32f10x_xl.o(.text)
    WWDG_IRQHandler                          0x08007e43   Thumb Code     0  startup_stm32f10x_xl.o(.text)
    SystemInit                               0x08007f2b   Thumb Code    78  system_stm32f10x.o(.text)
    SystemCoreClockUpdate                    0x08007f79   Thumb Code   142  system_stm32f10x.o(.text)
    RCC_DeInit                               0x0800802d   Thumb Code    64  stm32f10x_rcc.o(.text)
    RCC_HSEConfig                            0x0800806d   Thumb Code    70  stm32f10x_rcc.o(.text)
    RCC_GetFlagStatus                        0x080080b3   Thumb Code    56  stm32f10x_rcc.o(.text)
    RCC_WaitForHSEStartUp                    0x080080eb   Thumb Code    56  stm32f10x_rcc.o(.text)
    RCC_AdjustHSICalibrationValue            0x08008123   Thumb Code    20  stm32f10x_rcc.o(.text)
    RCC_HSICmd                               0x08008137   Thumb Code     6  stm32f10x_rcc.o(.text)
    RCC_PLLConfig                            0x0800813d   Thumb Code    24  stm32f10x_rcc.o(.text)
    RCC_PLLCmd                               0x08008155   Thumb Code     6  stm32f10x_rcc.o(.text)
    RCC_SYSCLKConfig                         0x0800815b   Thumb Code    18  stm32f10x_rcc.o(.text)
    RCC_GetSYSCLKSource                      0x0800816d   Thumb Code    10  stm32f10x_rcc.o(.text)
    RCC_HCLKConfig                           0x08008177   Thumb Code    18  stm32f10x_rcc.o(.text)
    RCC_PCLK1Config                          0x08008189   Thumb Code    18  stm32f10x_rcc.o(.text)
    RCC_PCLK2Config                          0x0800819b   Thumb Code    20  stm32f10x_rcc.o(.text)
    RCC_ITConfig                             0x080081af   Thumb Code    26  stm32f10x_rcc.o(.text)
    RCC_USBCLKConfig                         0x080081c9   Thumb Code     8  stm32f10x_rcc.o(.text)
    RCC_ADCCLKConfig                         0x080081d1   Thumb Code    18  stm32f10x_rcc.o(.text)
    RCC_LSEConfig                            0x080081e3   Thumb Code    50  stm32f10x_rcc.o(.text)
    RCC_LSICmd                               0x08008215   Thumb Code     6  stm32f10x_rcc.o(.text)
    RCC_RTCCLKConfig                         0x0800821b   Thumb Code    12  stm32f10x_rcc.o(.text)
    RCC_RTCCLKCmd                            0x08008227   Thumb Code     8  stm32f10x_rcc.o(.text)
    RCC_GetClocksFreq                        0x0800822f   Thumb Code   192  stm32f10x_rcc.o(.text)
    RCC_AHBPeriphClockCmd                    0x080082ef   Thumb Code    26  stm32f10x_rcc.o(.text)
    RCC_APB2PeriphClockCmd                   0x08008309   Thumb Code    26  stm32f10x_rcc.o(.text)
    RCC_APB1PeriphClockCmd                   0x08008323   Thumb Code    26  stm32f10x_rcc.o(.text)
    RCC_APB2PeriphResetCmd                   0x0800833d   Thumb Code    26  stm32f10x_rcc.o(.text)
    RCC_APB1PeriphResetCmd                   0x08008357   Thumb Code    26  stm32f10x_rcc.o(.text)
    RCC_BackupResetCmd                       0x08008371   Thumb Code     8  stm32f10x_rcc.o(.text)
    RCC_ClockSecuritySystemCmd               0x08008379   Thumb Code     6  stm32f10x_rcc.o(.text)
    RCC_MCOConfig                            0x0800837f   Thumb Code     6  stm32f10x_rcc.o(.text)
    RCC_ClearFlag                            0x08008385   Thumb Code    14  stm32f10x_rcc.o(.text)
    RCC_GetITStatus                          0x08008393   Thumb Code    20  stm32f10x_rcc.o(.text)
    RCC_ClearITPendingBit                    0x080083a7   Thumb Code     6  stm32f10x_rcc.o(.text)
    GPIO_DeInit                              0x080083d1   Thumb Code   172  stm32f10x_gpio.o(.text)
    GPIO_AFIODeInit                          0x0800847d   Thumb Code    20  stm32f10x_gpio.o(.text)
    GPIO_Init                                0x08008491   Thumb Code   278  stm32f10x_gpio.o(.text)
    GPIO_StructInit                          0x080085a7   Thumb Code    16  stm32f10x_gpio.o(.text)
    GPIO_ReadInputDataBit                    0x080085b7   Thumb Code    18  stm32f10x_gpio.o(.text)
    GPIO_ReadInputData                       0x080085c9   Thumb Code     8  stm32f10x_gpio.o(.text)
    GPIO_ReadOutputDataBit                   0x080085d1   Thumb Code    18  stm32f10x_gpio.o(.text)
    GPIO_ReadOutputData                      0x080085e3   Thumb Code     8  stm32f10x_gpio.o(.text)
    GPIO_SetBits                             0x080085eb   Thumb Code     4  stm32f10x_gpio.o(.text)
    GPIO_ResetBits                           0x080085ef   Thumb Code     4  stm32f10x_gpio.o(.text)
    GPIO_WriteBit                            0x080085f3   Thumb Code    10  stm32f10x_gpio.o(.text)
    GPIO_Write                               0x080085fd   Thumb Code     4  stm32f10x_gpio.o(.text)
    GPIO_PinLockConfig                       0x08008601   Thumb Code    18  stm32f10x_gpio.o(.text)
    GPIO_EventOutputConfig                   0x08008613   Thumb Code    26  stm32f10x_gpio.o(.text)
    GPIO_EventOutputCmd                      0x0800862d   Thumb Code     6  stm32f10x_gpio.o(.text)
    GPIO_PinRemapConfig                      0x08008633   Thumb Code   138  stm32f10x_gpio.o(.text)
    GPIO_EXTILineConfig                      0x080086bd   Thumb Code    66  stm32f10x_gpio.o(.text)
    GPIO_ETH_MediaInterfaceConfig            0x080086ff   Thumb Code     8  stm32f10x_gpio.o(.text)
    NVIC_PriorityGroupConfig                 0x0800872d   Thumb Code    10  misc.o(.text)
    NVIC_Init                                0x08008737   Thumb Code   100  misc.o(.text)
    NVIC_SetVectorTable                      0x0800879b   Thumb Code    14  misc.o(.text)
    NVIC_SystemLPConfig                      0x080087a9   Thumb Code    34  misc.o(.text)
    SysTick_CLKSourceConfig                  0x080087cb   Thumb Code    40  misc.o(.text)
    EXTI_DeInit                              0x08008809   Thumb Code    28  stm32f10x_exti.o(.text)
    EXTI_Init                                0x08008825   Thumb Code   142  stm32f10x_exti.o(.text)
    EXTI_StructInit                          0x080088b3   Thumb Code    16  stm32f10x_exti.o(.text)
    EXTI_GenerateSWInterrupt                 0x080088c3   Thumb Code    16  stm32f10x_exti.o(.text)
    EXTI_GetFlagStatus                       0x080088d3   Thumb Code    22  stm32f10x_exti.o(.text)
    EXTI_ClearFlag                           0x080088e9   Thumb Code     8  stm32f10x_exti.o(.text)
    EXTI_GetITStatus                         0x080088f1   Thumb Code    34  stm32f10x_exti.o(.text)
    EXTI_ClearITPendingBit                   0x08008913   Thumb Code     8  stm32f10x_exti.o(.text)
    USART_DeInit                             0x08008925   Thumb Code   134  stm32f10x_usart.o(.text)
    USART_Init                               0x080089ab   Thumb Code   210  stm32f10x_usart.o(.text)
    USART_StructInit                         0x08008a7d   Thumb Code    24  stm32f10x_usart.o(.text)
    USART_ClockInit                          0x08008a95   Thumb Code    34  stm32f10x_usart.o(.text)
    USART_ClockStructInit                    0x08008ab7   Thumb Code    12  stm32f10x_usart.o(.text)
    USART_Cmd                                0x08008ac3   Thumb Code    24  stm32f10x_usart.o(.text)
    USART_ITConfig                           0x08008adb   Thumb Code    74  stm32f10x_usart.o(.text)
    USART_DMACmd                             0x08008b25   Thumb Code    18  stm32f10x_usart.o(.text)
    USART_SetAddress                         0x08008b37   Thumb Code    18  stm32f10x_usart.o(.text)
    USART_WakeUpConfig                       0x08008b49   Thumb Code    18  stm32f10x_usart.o(.text)
    USART_ReceiverWakeUpCmd                  0x08008b5b   Thumb Code    24  stm32f10x_usart.o(.text)
    USART_LINBreakDetectLengthConfig         0x08008b73   Thumb Code    18  stm32f10x_usart.o(.text)
    USART_LINCmd                             0x08008b85   Thumb Code    24  stm32f10x_usart.o(.text)
    USART_SendData                           0x08008b9d   Thumb Code     8  stm32f10x_usart.o(.text)
    USART_ReceiveData                        0x08008ba5   Thumb Code    10  stm32f10x_usart.o(.text)
    USART_SendBreak                          0x08008baf   Thumb Code    10  stm32f10x_usart.o(.text)
    USART_SetGuardTime                       0x08008bb9   Thumb Code    16  stm32f10x_usart.o(.text)
    USART_SetPrescaler                       0x08008bc9   Thumb Code    16  stm32f10x_usart.o(.text)
    USART_SmartCardCmd                       0x08008bd9   Thumb Code    24  stm32f10x_usart.o(.text)
    USART_SmartCardNACKCmd                   0x08008bf1   Thumb Code    24  stm32f10x_usart.o(.text)
    USART_HalfDuplexCmd                      0x08008c09   Thumb Code    24  stm32f10x_usart.o(.text)
    USART_OverSampling8Cmd                   0x08008c21   Thumb Code    22  stm32f10x_usart.o(.text)
    USART_OneBitMethodCmd                    0x08008c37   Thumb Code    24  stm32f10x_usart.o(.text)
    USART_IrDAConfig                         0x08008c4f   Thumb Code    18  stm32f10x_usart.o(.text)
    USART_IrDACmd                            0x08008c61   Thumb Code    24  stm32f10x_usart.o(.text)
    USART_GetFlagStatus                      0x08008c79   Thumb Code    26  stm32f10x_usart.o(.text)
    USART_ClearFlag                          0x08008c93   Thumb Code    18  stm32f10x_usart.o(.text)
    USART_GetITStatus                        0x08008ca5   Thumb Code    84  stm32f10x_usart.o(.text)
    USART_ClearITPendingBit                  0x08008cf9   Thumb Code    52  stm32f10x_usart.o(.text)
    FLASH_SetLatency                         0x08008d2d   Thumb Code    18  stm32f10x_flash.o(.text)
    FLASH_HalfCycleAccessCmd                 0x08008d3f   Thumb Code    22  stm32f10x_flash.o(.text)
    FLASH_PrefetchBufferCmd                  0x08008d55   Thumb Code    22  stm32f10x_flash.o(.text)
    FLASH_Unlock                             0x08008d6b   Thumb Code    20  stm32f10x_flash.o(.text)
    FLASH_UnlockBank1                        0x08008d7f   Thumb Code    12  stm32f10x_flash.o(.text)
    FLASH_UnlockBank2                        0x08008d8b   Thumb Code    12  stm32f10x_flash.o(.text)
    FLASH_Lock                               0x08008d97   Thumb Code    24  stm32f10x_flash.o(.text)
    FLASH_LockBank1                          0x08008daf   Thumb Code    14  stm32f10x_flash.o(.text)
    FLASH_LockBank2                          0x08008dbd   Thumb Code    14  stm32f10x_flash.o(.text)
    FLASH_GetBank2Status                     0x08008dcb   Thumb Code    48  stm32f10x_flash.o(.text)
    FLASH_WaitForLastBank2Operation          0x08008dfb   Thumb Code    38  stm32f10x_flash.o(.text)
    FLASH_GetBank1Status                     0x08008e21   Thumb Code    48  stm32f10x_flash.o(.text)
    FLASH_WaitForLastBank1Operation          0x08008e51   Thumb Code    38  stm32f10x_flash.o(.text)
    FLASH_ErasePage                          0x08008e77   Thumb Code   142  stm32f10x_flash.o(.text)
    FLASH_EraseAllPages                      0x08008f05   Thumb Code   118  stm32f10x_flash.o(.text)
    FLASH_EraseAllBank1Pages                 0x08008f7b   Thumb Code    68  stm32f10x_flash.o(.text)
    FLASH_EraseAllBank2Pages                 0x08008fbf   Thumb Code    68  stm32f10x_flash.o(.text)
    FLASH_WaitForLastOperation               0x08009003   Thumb Code    38  stm32f10x_flash.o(.text)
    FLASH_GetReadOutProtectionStatus         0x08009029   Thumb Code    20  stm32f10x_flash.o(.text)
    FLASH_EraseOptionBytes                   0x0800903d   Thumb Code   150  stm32f10x_flash.o(.text)
    FLASH_ProgramWord                        0x080090d3   Thumb Code   370  stm32f10x_flash.o(.text)
    FLASH_ProgramHalfWord                    0x08009245   Thumb Code   110  stm32f10x_flash.o(.text)
    FLASH_ProgramOptionByteData              0x080092b3   Thumb Code    72  stm32f10x_flash.o(.text)
    FLASH_EnableWriteProtection              0x080092fb   Thumb Code   180  stm32f10x_flash.o(.text)
    FLASH_ReadOutProtection                  0x080093af   Thumb Code   160  stm32f10x_flash.o(.text)
    FLASH_UserOptionByteConfig               0x0800944f   Thumb Code    88  stm32f10x_flash.o(.text)
    FLASH_BootConfig                         0x080094a7   Thumb Code   110  stm32f10x_flash.o(.text)
    FLASH_GetUserOptionByte                  0x08009515   Thumb Code     8  stm32f10x_flash.o(.text)
    FLASH_GetWriteProtectionOptionByte       0x0800951d   Thumb Code    28  stm32f10x_flash.o(.text)
    FLASH_GetPrefetchBufferStatus            0x08009539   Thumb Code    20  stm32f10x_flash.o(.text)
    FLASH_ITConfig                           0x0800954d   Thumb Code    66  stm32f10x_flash.o(.text)
    FLASH_GetFlagStatus                      0x0800958f   Thumb Code    64  stm32f10x_flash.o(.text)
    FLASH_ClearFlag                          0x080095cf   Thumb Code    18  stm32f10x_flash.o(.text)
    FLASH_GetStatus                          0x080095e1   Thumb Code    48  stm32f10x_flash.o(.text)
    TIM_DeInit                               0x08009615   Thumb Code   424  stm32f10x_tim.o(.text)
    TIM_TimeBaseInit                         0x080097bd   Thumb Code   122  stm32f10x_tim.o(.text)
    TIM_OC1Init                              0x08009837   Thumb Code   132  stm32f10x_tim.o(.text)
    TIM_OC2Init                              0x080098bb   Thumb Code   154  stm32f10x_tim.o(.text)
    TIM_OC3Init                              0x08009955   Thumb Code   150  stm32f10x_tim.o(.text)
    TIM_OC4Init                              0x080099eb   Thumb Code   182  stm32f10x_tim.o(.text)
    TIM_SetIC4Prescaler                      0x08009aa1   Thumb Code    26  stm32f10x_tim.o(.text)
    TIM_SetIC3Prescaler                      0x08009b3d   Thumb Code    18  stm32f10x_tim.o(.text)
    TIM_SetIC2Prescaler                      0x08009bc9   Thumb Code    26  stm32f10x_tim.o(.text)
    TIM_SetIC1Prescaler                      0x08009c65   Thumb Code    18  stm32f10x_tim.o(.text)
    TIM_ICInit                               0x08009ce3   Thumb Code   150  stm32f10x_tim.o(.text)
    TIM_PWMIConfig                           0x08009d79   Thumb Code   124  stm32f10x_tim.o(.text)
    TIM_BDTRConfig                           0x08009df5   Thumb Code    32  stm32f10x_tim.o(.text)
    TIM_TimeBaseStructInit                   0x08009e15   Thumb Code    18  stm32f10x_tim.o(.text)
    TIM_OCStructInit                         0x08009e27   Thumb Code    20  stm32f10x_tim.o(.text)
    TIM_ICStructInit                         0x08009e3b   Thumb Code    18  stm32f10x_tim.o(.text)
    TIM_BDTRStructInit                       0x08009e4d   Thumb Code    40  stm32f10x_tim.o(.text)
    TIM_Cmd                                  0x08009e75   Thumb Code    24  stm32f10x_tim.o(.text)
    TIM_CtrlPWMOutputs                       0x08009e8d   Thumb Code    30  stm32f10x_tim.o(.text)
    TIM_ITConfig                             0x08009eab   Thumb Code    18  stm32f10x_tim.o(.text)
    TIM_GenerateEvent                        0x08009ebd   Thumb Code     4  stm32f10x_tim.o(.text)
    TIM_DMAConfig                            0x08009ec1   Thumb Code    10  stm32f10x_tim.o(.text)
    TIM_DMACmd                               0x08009ecb   Thumb Code    18  stm32f10x_tim.o(.text)
    TIM_InternalClockConfig                  0x08009edd   Thumb Code    12  stm32f10x_tim.o(.text)
    TIM_SelectInputTrigger                   0x08009ee9   Thumb Code    18  stm32f10x_tim.o(.text)
    TIM_ITRxExternalClockConfig              0x08009efb   Thumb Code    24  stm32f10x_tim.o(.text)
    TIM_TIxExternalClockConfig               0x08009f13   Thumb Code    62  stm32f10x_tim.o(.text)
    TIM_ETRConfig                            0x08009f51   Thumb Code    28  stm32f10x_tim.o(.text)
    TIM_ETRClockMode1Config                  0x08009f6d   Thumb Code    54  stm32f10x_tim.o(.text)
    TIM_ETRClockMode2Config                  0x08009fa3   Thumb Code    32  stm32f10x_tim.o(.text)
    TIM_PrescalerConfig                      0x08009fc3   Thumb Code     6  stm32f10x_tim.o(.text)
    TIM_CounterModeConfig                    0x08009fc9   Thumb Code    18  stm32f10x_tim.o(.text)
    TIM_EncoderInterfaceConfig               0x08009fdb   Thumb Code    66  stm32f10x_tim.o(.text)
    TIM_ForcedOC1Config                      0x0800a01d   Thumb Code    18  stm32f10x_tim.o(.text)
    TIM_ForcedOC2Config                      0x0800a02f   Thumb Code    26  stm32f10x_tim.o(.text)
    TIM_ForcedOC3Config                      0x0800a049   Thumb Code    18  stm32f10x_tim.o(.text)
    TIM_ForcedOC4Config                      0x0800a05b   Thumb Code    26  stm32f10x_tim.o(.text)
    TIM_ARRPreloadConfig                     0x0800a075   Thumb Code    24  stm32f10x_tim.o(.text)
    TIM_SelectCOM                            0x0800a08d   Thumb Code    24  stm32f10x_tim.o(.text)
    TIM_SelectCCDMA                          0x0800a0a5   Thumb Code    24  stm32f10x_tim.o(.text)
    TIM_CCPreloadControl                     0x0800a0bd   Thumb Code    24  stm32f10x_tim.o(.text)
    TIM_OC1PreloadConfig                     0x0800a0d5   Thumb Code    18  stm32f10x_tim.o(.text)
    TIM_OC2PreloadConfig                     0x0800a0e7   Thumb Code    26  stm32f10x_tim.o(.text)
    TIM_OC3PreloadConfig                     0x0800a101   Thumb Code    18  stm32f10x_tim.o(.text)
    TIM_OC4PreloadConfig                     0x0800a113   Thumb Code    26  stm32f10x_tim.o(.text)
    TIM_OC1FastConfig                        0x0800a12d   Thumb Code    18  stm32f10x_tim.o(.text)
    TIM_OC2FastConfig                        0x0800a13f   Thumb Code    26  stm32f10x_tim.o(.text)
    TIM_OC3FastConfig                        0x0800a159   Thumb Code    18  stm32f10x_tim.o(.text)
    TIM_OC4FastConfig                        0x0800a16b   Thumb Code    26  stm32f10x_tim.o(.text)
    TIM_ClearOC1Ref                          0x0800a185   Thumb Code    18  stm32f10x_tim.o(.text)
    TIM_ClearOC2Ref                          0x0800a197   Thumb Code    24  stm32f10x_tim.o(.text)
    TIM_ClearOC3Ref                          0x0800a1af   Thumb Code    18  stm32f10x_tim.o(.text)
    TIM_ClearOC4Ref                          0x0800a1c1   Thumb Code    24  stm32f10x_tim.o(.text)
    TIM_OC1PolarityConfig                    0x0800a1d9   Thumb Code    18  stm32f10x_tim.o(.text)
    TIM_OC1NPolarityConfig                   0x0800a1eb   Thumb Code    18  stm32f10x_tim.o(.text)
    TIM_OC2PolarityConfig                    0x0800a1fd   Thumb Code    26  stm32f10x_tim.o(.text)
    TIM_OC2NPolarityConfig                   0x0800a217   Thumb Code    26  stm32f10x_tim.o(.text)
    TIM_OC3PolarityConfig                    0x0800a231   Thumb Code    26  stm32f10x_tim.o(.text)
    TIM_OC3NPolarityConfig                   0x0800a24b   Thumb Code    26  stm32f10x_tim.o(.text)
    TIM_OC4PolarityConfig                    0x0800a265   Thumb Code    26  stm32f10x_tim.o(.text)
    TIM_CCxCmd                               0x0800a27f   Thumb Code    30  stm32f10x_tim.o(.text)
    TIM_CCxNCmd                              0x0800a29d   Thumb Code    30  stm32f10x_tim.o(.text)
    TIM_SelectOCxM                           0x0800a2bb   Thumb Code    82  stm32f10x_tim.o(.text)
    TIM_UpdateDisableConfig                  0x0800a30d   Thumb Code    24  stm32f10x_tim.o(.text)
    TIM_UpdateRequestConfig                  0x0800a325   Thumb Code    24  stm32f10x_tim.o(.text)
    TIM_SelectHallSensor                     0x0800a33d   Thumb Code    24  stm32f10x_tim.o(.text)
    TIM_SelectOnePulseMode                   0x0800a355   Thumb Code    18  stm32f10x_tim.o(.text)
    TIM_SelectOutputTrigger                  0x0800a367   Thumb Code    18  stm32f10x_tim.o(.text)
    TIM_SelectSlaveMode                      0x0800a379   Thumb Code    18  stm32f10x_tim.o(.text)
    TIM_SelectMasterSlaveMode                0x0800a38b   Thumb Code    18  stm32f10x_tim.o(.text)
    TIM_SetCounter                           0x0800a39d   Thumb Code     4  stm32f10x_tim.o(.text)
    TIM_SetAutoreload                        0x0800a3a1   Thumb Code     4  stm32f10x_tim.o(.text)
    TIM_SetCompare1                          0x0800a3a5   Thumb Code     4  stm32f10x_tim.o(.text)
    TIM_SetCompare2                          0x0800a3a9   Thumb Code     4  stm32f10x_tim.o(.text)
    TIM_SetCompare3                          0x0800a3ad   Thumb Code     4  stm32f10x_tim.o(.text)
    TIM_SetCompare4                          0x0800a3b1   Thumb Code     6  stm32f10x_tim.o(.text)
    TIM_SetClockDivision                     0x0800a3b7   Thumb Code    18  stm32f10x_tim.o(.text)
    TIM_GetCapture1                          0x0800a3c9   Thumb Code     6  stm32f10x_tim.o(.text)
    TIM_GetCapture2                          0x0800a3cf   Thumb Code     6  stm32f10x_tim.o(.text)
    TIM_GetCapture3                          0x0800a3d5   Thumb Code     6  stm32f10x_tim.o(.text)
    TIM_GetCapture4                          0x0800a3db   Thumb Code     8  stm32f10x_tim.o(.text)
    TIM_GetCounter                           0x0800a3e3   Thumb Code     6  stm32f10x_tim.o(.text)
    TIM_GetPrescaler                         0x0800a3e9   Thumb Code     6  stm32f10x_tim.o(.text)
    TIM_GetFlagStatus                        0x0800a3ef   Thumb Code    18  stm32f10x_tim.o(.text)
    TIM_ClearFlag                            0x0800a401   Thumb Code     6  stm32f10x_tim.o(.text)
    TIM_GetITStatus                          0x0800a407   Thumb Code    34  stm32f10x_tim.o(.text)
    TIM_ClearITPendingBit                    0x0800a429   Thumb Code     6  stm32f10x_tim.o(.text)
    Sensor_GPIO_Config                       0x0800a431   Thumb Code    40  tsliic_rev_c.o(.text)
    Dly_10ns                                 0x0800a459   Thumb Code    22  tsliic_rev_c.o(.text)
    TWait                                    0x0800a46f   Thumb Code    10  tsliic_rev_c.o(.text)
    PIN_SDA_FLOAT                            0x0800a479   Thumb Code    26  tsliic_rev_c.o(.text)
    PIN_SDA_OUTPUT                           0x0800a493   Thumb Code    30  tsliic_rev_c.o(.text)
    TSLStart                                 0x0800a4b1   Thumb Code    56  tsliic_rev_c.o(.text)
    TSLStop                                  0x0800a4e9   Thumb Code    62  tsliic_rev_c.o(.text)
    SendTAck                                 0x0800a527   Thumb Code    58  tsliic_rev_c.o(.text)
    TestTAck                                 0x0800a561   Thumb Code    60  tsliic_rev_c.o(.text)
    TSLSentByte                              0x0800a59d   Thumb Code    78  tsliic_rev_c.o(.text)
    TSLReceiveByte                           0x0800a5eb   Thumb Code    76  tsliic_rev_c.o(.text)
    TSLWriteReg                              0x0800a637   Thumb Code    84  tsliic_rev_c.o(.text)
    ReadReg                                  0x0800a68b   Thumb Code   102  tsliic_rev_c.o(.text)
    ReadRegMuti                              0x0800a6f1   Thumb Code   132  tsliic_rev_c.o(.text)
    CalculateLux                             0x0800a775   Thumb Code   238  tsliic_rev_c.o(.text)
    TSL2561Init                              0x0800a863   Thumb Code    62  tsliic_rev_c.o(.text)
    sensor_check                             0x0800a8a1   Thumb Code    64  tsliic_rev_c.o(.text)
    GetBright                                0x0800a8e1   Thumb Code    86  tsliic_rev_c.o(.text)
    GetBright2                               0x0800a937   Thumb Code    96  tsliic_rev_c.o(.text)
    GetFlicker                               0x0800a997   Thumb Code   436  tsliic_rev_c.o(.text)
    GET_FLICKER                              0x0800ab4b   Thumb Code     8  tsliic_rev_c.o(.text)
    __aeabi_memcpy                           0x0800ab59   Thumb Code    36  memcpya.o(.text)
    __aeabi_memcpy4                          0x0800ab59   Thumb Code     0  memcpya.o(.text)
    __aeabi_memcpy8                          0x0800ab59   Thumb Code     0  memcpya.o(.text)
    __aeabi_memset                           0x0800ab7d   Thumb Code    14  memseta.o(.text)
    __aeabi_memset4                          0x0800ab7d   Thumb Code     0  memseta.o(.text)
    __aeabi_memset8                          0x0800ab7d   Thumb Code     0  memseta.o(.text)
    __aeabi_memclr                           0x0800ab8b   Thumb Code     4  memseta.o(.text)
    __aeabi_memclr4                          0x0800ab8b   Thumb Code     0  memseta.o(.text)
    __aeabi_memclr8                          0x0800ab8b   Thumb Code     0  memseta.o(.text)
    _memset$wrapper                          0x0800ab8f   Thumb Code    18  memseta.o(.text)
    strcpy                                   0x0800aba1   Thumb Code    18  strcpy.o(.text)
    __aeabi_fadd                             0x0800abb3   Thumb Code   164  fadd.o(.text)
    __aeabi_fsub                             0x0800ac57   Thumb Code     6  fadd.o(.text)
    __aeabi_frsub                            0x0800ac5d   Thumb Code     6  fadd.o(.text)
    __aeabi_fdiv                             0x0800ac63   Thumb Code   124  fdiv.o(.text)
    __aeabi_dadd                             0x0800acdf   Thumb Code   322  dadd.o(.text)
    __aeabi_dsub                             0x0800ae21   Thumb Code     6  dadd.o(.text)
    __aeabi_drsub                            0x0800ae27   Thumb Code     6  dadd.o(.text)
    __aeabi_i2f                              0x0800ae2d   Thumb Code    18  fflti.o(.text)
    __aeabi_ui2f                             0x0800ae3f   Thumb Code    10  ffltui.o(.text)
    __aeabi_i2d                              0x0800ae49   Thumb Code    34  dflti.o(.text)
    __aeabi_f2uiz                            0x0800ae6b   Thumb Code    40  ffixui.o(.text)
    __aeabi_d2uiz                            0x0800ae93   Thumb Code    50  dfixui.o(.text)
    __aeabi_f2d                              0x0800aec5   Thumb Code    38  f2d.o(.text)
    __aeabi_d2f                              0x0800aeeb   Thumb Code    56  d2f.o(.text)
    __aeabi_cfcmpeq                          0x0800af25   Thumb Code     0  cfcmple.o(.text)
    __aeabi_cfcmple                          0x0800af25   Thumb Code    20  cfcmple.o(.text)
    __aeabi_cfrcmple                         0x0800af39   Thumb Code    20  cfrcmple.o(.text)
    __aeabi_llsl                             0x0800af4d   Thumb Code    30  llshl.o(.text)
    _ll_shift_l                              0x0800af4d   Thumb Code     0  llshl.o(.text)
    __aeabi_llsr                             0x0800af6b   Thumb Code    32  llushr.o(.text)
    _ll_ushift_r                             0x0800af6b   Thumb Code     0  llushr.o(.text)
    __aeabi_lasr                             0x0800af8b   Thumb Code    36  llsshr.o(.text)
    _ll_sshift_r                             0x0800af8b   Thumb Code     0  llsshr.o(.text)
    __I$use$fp                               0x0800afaf   Thumb Code     0  iusefp.o(.text)
    _float_round                             0x0800afaf   Thumb Code    18  fepilogue.o(.text)
    _float_epilogue                          0x0800afc1   Thumb Code    92  fepilogue.o(.text)
    _double_round                            0x0800b01d   Thumb Code    30  depilogue.o(.text)
    _double_epilogue                         0x0800b03b   Thumb Code   156  depilogue.o(.text)
    __aeabi_dmul                             0x0800b0d7   Thumb Code   228  dmul.o(.text)
    __aeabi_ddiv                             0x0800b1bb   Thumb Code   222  ddiv.o(.text)
    __ARM_scalbn                             0x0800b299   Thumb Code    46  dscalb.o(.text)
    scalbn                                   0x0800b299   Thumb Code     0  dscalb.o(.text)
    __aeabi_cdrcmple                         0x0800b2c9   Thumb Code    48  cdrcmple.o(.text)
    __scatterload                            0x0800b2f9   Thumb Code    28  init.o(.text)
    __scatterload_rt2                        0x0800b2f9   Thumb Code     0  init.o(.text)
    _dsqrt                                   0x0800b31d   Thumb Code   162  dsqrt.o(.text)
    __decompress                             0x0800b3bf   Thumb Code     0  __dczerorl2.o(.text)
    __decompress1                            0x0800b3bf   Thumb Code    86  __dczerorl2.o(.text)
    Allcolor                                 0x0800b415   Thumb Code    44  lib.o(i.Allcolor)
    ShowTxt                                  0x0800b465   Thumb Code    98  lib.o(i.ShowTxt)
    __ARM_fpclassify                         0x0800b4d9   Thumb Code    40  fpclassify.o(i.__ARM_fpclassify)
    __kernel_poly                            0x0800b501   Thumb Code   170  poly.o(i.__kernel_poly)
    __mathlib_dbl_divzero                    0x0800b5ad   Thumb Code    12  dunder.o(i.__mathlib_dbl_divzero)
    __mathlib_dbl_infnan2                    0x0800b5bd   Thumb Code     4  dunder.o(i.__mathlib_dbl_infnan2)
    __mathlib_dbl_invalid                    0x0800b5c1   Thumb Code    12  dunder.o(i.__mathlib_dbl_invalid)
    __mathlib_dbl_overflow                   0x0800b5cd   Thumb Code    14  dunder.o(i.__mathlib_dbl_overflow)
    __mathlib_dbl_underflow                  0x0800b5dd   Thumb Code    10  dunder.o(i.__mathlib_dbl_underflow)
    __scatterload_copy                       0x0800b5ed   Thumb Code    14  handlers.o(i.__scatterload_copy)
    __scatterload_null                       0x0800b5fb   Thumb Code     2  handlers.o(i.__scatterload_null)
    __scatterload_zeroinit                   0x0800b5fd   Thumb Code    14  handlers.o(i.__scatterload_zeroinit)
    __set_errno                              0x0800b60d   Thumb Code     6  errno.o(i.__set_errno)
    comsend                                  0x0800b619   Thumb Code    40  lib.o(i.comsend)
    num2HEXchar                              0x0800b645   Thumb Code    62  lib.o(i.num2HEXchar)
    pow                                      0x0800b685   Thumb Code  2512  pow.o(i.pow)
    showbmp                                  0x0800c05d   Thumb Code   122  lib.o(i.showbmp)
    sqrt                                     0x0800c0f5   Thumb Code    76  sqrt.o(i.sqrt)
    __mathlib_zero                           0x0800c1e8   Data           8  qnan.o(.constdata)
    Region$$Table$$Base                      0x0800c1f0   Number         0  anon$$obj.o(Region$$Table)
    Region$$Table$$Limit                     0x0800c210   Number         0  anon$$obj.o(Region$$Table)
    TimingDelay                              0x20000000   Data           4  stm32f10x_it.o(.data)
    RxCounter1                               0x20000004   Data           1  stm32f10x_it.o(.data)
    rec_f                                    0x20000005   Data           1  stm32f10x_it.o(.data)
    NbrOfDataToRead1                         0x20000006   Data           1  stm32f10x_it.o(.data)
    HSEStartUpStatus                         0x20000008   Data           1  main.o(.data)
    Flag_sleep                               0x20000009   Data           1  main.o(.data)
    pic_num                                  0x2000000a   Data           1  main.o(.data)
    HFZIDD                                   0x2000000c   Data           2  main.o(.data)
    HFZIDDIO                                 0x2000000e   Data           2  main.o(.data)
    HFZVDD                                   0x20000010   Data           2  main.o(.data)
    HFZVDDIO                                 0x20000012   Data           2  main.o(.data)
    CAL_OK                                   0x20000014   Data           1  main.o(.data)
    FLAG_RESET                               0x20000015   Data           1  main.o(.data)
    show_promise                             0x20000016   Data           1  main.o(.data)
    pucData                                  0x20000017   Data           2  main.o(.data)
    Vshunt_limit                             0x2000001a   Data           2  main.o(.data)
    IDD_WORK_LIMIT_VALUE_WHITE               0x2000001c   Data           2  main.o(.data)
    IOIDD_WORK_LIMIT_VALUE_WHITE             0x2000001e   Data           2  main.o(.data)
    IDD_WORK_LIMIT_VALUE_COLOR               0x20000020   Data           2  main.o(.data)
    IOIDD_WORK_LIMIT_VALUE_COLOR             0x20000022   Data           2  main.o(.data)
    IDD_SLEEP_LIMIT_VALUE                    0x20000024   Data           2  main.o(.data)
    IOIDD_SLEEP_LIMIT_VALUE                  0x20000026   Data           2  main.o(.data)
    led0pwmval                               0x20000028   Data           2  main.o(.data)
    HorA                                     0x2000002a   Data           1  main.o(.data)
    data                                     0x2000002c   Data           2  lcd.o(.data)
    RED_bmp                                  0x20000030   Data           4  lcd.o(.data)
    GREEN_bmp                                0x20000034   Data           4  lcd.o(.data)
    BLUE_bmp                                 0x20000038   Data           4  lcd.o(.data)
    WHITE_bmp                                0x2000003c   Data           4  lcd.o(.data)
    BLACK_bmp                                0x20000040   Data           4  lcd.o(.data)
    GURY_45_bmp                              0x20000044   Data           4  lcd.o(.data)
    GURY_60_bmp                              0x20000048   Data           4  lcd.o(.data)
    GURY_128_bmp                             0x2000004c   Data           4  lcd.o(.data)
    value_HighSpeed                          0x20000050   Data           2  lcd.o(.data)
    value_Lane_select                        0x20000052   Data           2  lcd.o(.data)
    VDP                                      0x20000054   Data           2  lcd.o(.data)
    VBP                                      0x20000056   Data           2  lcd.o(.data)
    VFP                                      0x20000058   Data           2  lcd.o(.data)
    HDP                                      0x2000005a   Data           2  lcd.o(.data)
    HBP                                      0x2000005c   Data           2  lcd.o(.data)
    HFP                                      0x2000005e   Data           2  lcd.o(.data)
    HPW                                      0x20000060   Data           2  lcd.o(.data)
    VPW                                      0x20000062   Data           2  lcd.o(.data)
    PIC_NUM                                  0x20000064   Data           1  lcd.o(.data)
    Flicker_OTP                              0x20000065   Data           1  lcd.o(.data)
    Flicker_OQC                              0x20000066   Data           1  lcd.o(.data)
    Sensor_data_ok                           0x20000068   Data           4  otp.o(.data)
    OTP_VALUE1                               0x2000006c   Data           1  otp.o(.data)
    OTP_VALUE2                               0x2000006d   Data           1  otp.o(.data)
    OTP_TIMES                                0x2000006e   Data           1  otp.o(.data)
    Gamma_VALUE1                             0x2000006f   Data           1  otp.o(.data)
    Gamma_VALUE2                             0x20000070   Data           1  otp.o(.data)
    Gamma_VALUE3                             0x20000071   Data           1  otp.o(.data)
    Gamma_VALUE4                             0x20000072   Data           1  otp.o(.data)
    ID_OK                                    0x20000073   Data           1  otp.o(.data)
    ID1_VALUE                                0x20000074   Data           1  otp.o(.data)
    ID2_VALUE                                0x20000075   Data           1  otp.o(.data)
    ID3_VALUE                                0x20000076   Data           1  otp.o(.data)
    ID1_READ                                 0x20000077   Data           1  otp.o(.data)
    ID2_READ                                 0x20000078   Data           1  otp.o(.data)
    ID3_READ                                 0x20000079   Data           1  otp.o(.data)
    ID_VAL                                   0x2000007c   Data           4  otp.o(.data)
    ID_SHOW                                  0x20000080   Data           4  otp.o(.data)
    ID1_default                              0x20000084   Data           1  otp.o(.data)
    ID2_default                              0x20000085   Data           1  otp.o(.data)
    ID3_default                              0x20000086   Data           1  otp.o(.data)
    VCOM_register                            0x20000087   Data           1  otp.o(.data)
    VCOM_Read_reg                            0x20000088   Data           1  otp.o(.data)
    VCOM_Time_reg                            0x20000089   Data           1  otp.o(.data)
    ID1_register                             0x2000008a   Data           1  otp.o(.data)
    ID2_register                             0x2000008b   Data           1  otp.o(.data)
    ID3_register                             0x2000008c   Data           1  otp.o(.data)
    Gamma_reg1                               0x2000008d   Data           1  otp.o(.data)
    Gamma_reg2                               0x2000008e   Data           1  otp.o(.data)
    Gamma_reg3                               0x2000008f   Data           1  otp.o(.data)
    Gamma_reg4                               0x20000090   Data           1  otp.o(.data)
    Gamma_default1                           0x20000091   Data           1  otp.o(.data)
    Gamma_default2                           0x20000092   Data           1  otp.o(.data)
    Gamma_default3                           0x20000093   Data           1  otp.o(.data)
    Gamma_default4                           0x20000094   Data           1  otp.o(.data)
    STEP                                     0x20000095   Data           1  otp.o(.data)
    VCOMDH                                   0x20000096   Data           1  otp.o(.data)
    VCOMDC                                   0x20000097   Data           1  otp.o(.data)
    VCOM_Temp                                0x20000098   Data           1  otp.o(.data)
    MTP_OVER                                 0x20000099   Data           1  otp.o(.data)
    count1                                   0x2000009a   Data           2  otp.o(.data)
    count2                                   0x2000009c   Data           2  otp.o(.data)
    VCOMDC1                                  0x2000009e   Data           2  otp.o(.data)
    cmmmg                                    0x20000648   Data           1  store.o(.data)
    ARR_MASTER1                              0x20000649   Data           1  store.o(.data)
    ARR_MASTER2                              0x2000064a   Data           1  store.o(.data)
    ARR_SLAVE                                0x2000064b   Data           1  store.o(.data)
    Name1_addr                               0x2000064c   Data           1  store.o(.data)
    Name2_addr                               0x2000064d   Data           1  store.o(.data)
    Name1                                    0x2000064e   Data           1  store.o(.data)
    Name2                                    0x2000064f   Data           1  store.o(.data)
    JTY                                      0x20000650   Data           3  store.o(.data)
    LIFE_TIMES                               0x20000654   Data           4  store.o(.data)
    led0pwm                                  0x20000658   Data           2  m2481_control.o(.data)
    hfz_light                                0x2000065a   Data           2  m2481_control.o(.data)
    IDDCurrentOfSleep                        0x2000065e   Data           2  t226_1022.o(.data)
    IDDIOCurrentOfSleep                      0x20000660   Data           2  t226_1022.o(.data)
    FlagOfCurrentSleep                       0x20000662   Data           1  t226_1022.o(.data)
    IDD_UA_preset                            0x20000664   Data           2  t226_1022.o(.data)
    IDD_UA_decom                             0x20000666   Data           2  t226_1022.o(.data)
    IDD_MA                                   0x20000668   Data           2  t226_1022.o(.data)
    IDDIO_UA                                 0x2000066a   Data           2  t226_1022.o(.data)
    IDDIO_MA                                 0x2000066c   Data           2  t226_1022.o(.data)
    decom_a                                  0x2000066e   Data           2  t226_1022.o(.data)
    decom_b                                  0x20000670   Data           2  t226_1022.o(.data)
    Preset1                                  0x20000672   Data           2  t226_1022.o(.data)
    Preset2                                  0x20000674   Data           2  t226_1022.o(.data)
    HFZ_COF                                  0x20000676   Data           1  t226_1022.o(.data)
    vddio_vol                                0x20000678   Data           2  t226_1022.o(.data)
    vdd_vol                                  0x2000067a   Data           2  t226_1022.o(.data)
    Bri_Seg                                  0x2000067c   Data           4  tsliic_rev01.o(.data)
    SystemCoreClock                          0x20000680   Data           4  system_stm32f10x.o(.data)
    AHBPrescTable                            0x20000684   Data          16  system_stm32f10x.o(.data)
    BriSeg                                   0x200006a8   Data           4  tsliic_rev_c.o(.data)
    RxBuffer1                                0x200006b0   Data         127  stm32f10x_it.o(.bss)
    MIPI_READ_DATA                           0x20000730   Data          10  lcd.o(.bss)
    MIPI_Array                               0x2000073a   Data         300  lcd.o(.bss)
    Sensor_error_dot                         0x20000868   Data         120  otp.o(.bss)
    DATA_SUM1                                0x200008e0   Data          60  otp.o(.bss)
    DATA_SUMY                                0x2000091c   Data          60  otp.o(.bss)
    SURE                                     0x20000958   Data          60  otp.o(.bss)
    __initial_sp                             0x20000d98   Data           0  startup_stm32f10x_xl.o(STACK)



==============================================================================

Memory Map of the image

  Image Entry point : 0x08000131

  Load Region LR_IROM1 (Base: 0x08000000, Size: 0x0000c8c0, Max: 0x00080000, ABSOLUTE, COMPRESSED[0x0000c798])

    Execution Region ER_IROM1 (Base: 0x08000000, Size: 0x0000c210, Max: 0x00080000, ABSOLUTE)

    Base Addr    Size         Type   Attr      Idx    E Section Name        Object

    0x08000000   0x00000130   Data   RO          361    RESET               startup_stm32f10x_xl.o
    0x08000130   0x00000000   Code   RO          998  * .ARM.Collect$$$$00000000  mc_w.l(entry.o)
    0x08000130   0x00000004   Code   RO         1060    .ARM.Collect$$$$00000001  mc_w.l(entry2.o)
    0x08000134   0x00000004   Code   RO         1063    .ARM.Collect$$$$00000004  mc_w.l(entry5.o)
    0x08000138   0x00000000   Code   RO         1065    .ARM.Collect$$$$00000008  mc_w.l(entry7b.o)
    0x08000138   0x00000000   Code   RO         1067    .ARM.Collect$$$$0000000A  mc_w.l(entry8b.o)
    0x08000138   0x00000008   Code   RO         1068    .ARM.Collect$$$$0000000B  mc_w.l(entry9a.o)
    0x08000140   0x00000000   Code   RO         1070    .ARM.Collect$$$$0000000D  mc_w.l(entry10a.o)
    0x08000140   0x00000000   Code   RO         1072    .ARM.Collect$$$$0000000F  mc_w.l(entry11a.o)
    0x08000140   0x00000004   Code   RO         1061    .ARM.Collect$$$$00002712  mc_w.l(entry2.o)
    0x08000144   0x00000084   Code   RO            1    .text               stm32f10x_it.o
    0x080001c8   0x000009f0   Code   RO           81    .text               main.o
    0x08000bb8   0x00001750   Code   RO          168    .text               lcd.o
    0x08002308   0x00000bd0   Code   RO          191    .text               config_gpio_powerout_ssd2828_lowlayerfunction.o
    0x08002ed8   0x00001468   Code   RO          210    .text               otp.o
    0x08004340   0x000002d0   Code   RO          241    .text               iics.o
    0x08004610   0x000006cc   Code   RO          253    .text               store.o
    0x08004cdc   0x00000288   Code   RO          272    .text               m2481_control.o
    0x08004f64   0x000003c0   Code   RO          291    .text               e24c16iic.o
    0x08005324   0x00000b3c   Code   RO          303    .text               v_set_c1025.o
    0x08005e60   0x00001828   Code   RO          316    .text               t226_1022.o
    0x08007688   0x0000017c   Code   RO          332    .text               tsliic_brightness.o
    0x08007804   0x00000624   Code   RO          344    .text               tsliic_rev01.o
    0x08007e28   0x00000024   Code   RO          362    .text               startup_stm32f10x_xl.o
    0x08007e4c   0x000001e0   Code   RO          377    .text               system_stm32f10x.o
    0x0800802c   0x000003a4   Code   RO          395    .text               stm32f10x_rcc.o
    0x080083d0   0x0000035c   Code   RO          451    .text               stm32f10x_gpio.o
    0x0800872c   0x000000dc   Code   RO          469    .text               misc.o
    0x08008808   0x0000011c   Code   RO          484    .text               stm32f10x_exti.o
    0x08008924   0x00000408   Code   RO          529    .text               stm32f10x_usart.o
    0x08008d2c   0x000008e8   Code   RO          691    .text               stm32f10x_flash.o
    0x08009614   0x00000e1a   Code   RO          748    .text               stm32f10x_tim.o
    0x0800a42e   0x00000002   PAD
    0x0800a430   0x00000728   Code   RO          898    .text               tsliic_rev_c.lib(tsliic_rev_c.o)
    0x0800ab58   0x00000024   Code   RO         1001    .text               mc_w.l(memcpya.o)
    0x0800ab7c   0x00000024   Code   RO         1003    .text               mc_w.l(memseta.o)
    0x0800aba0   0x00000012   Code   RO         1005    .text               mc_w.l(strcpy.o)
    0x0800abb2   0x000000b0   Code   RO         1009    .text               mf_w.l(fadd.o)
    0x0800ac62   0x0000007c   Code   RO         1011    .text               mf_w.l(fdiv.o)
    0x0800acde   0x0000014e   Code   RO         1013    .text               mf_w.l(dadd.o)
    0x0800ae2c   0x00000012   Code   RO         1015    .text               mf_w.l(fflti.o)
    0x0800ae3e   0x0000000a   Code   RO         1017    .text               mf_w.l(ffltui.o)
    0x0800ae48   0x00000022   Code   RO         1019    .text               mf_w.l(dflti.o)
    0x0800ae6a   0x00000028   Code   RO         1021    .text               mf_w.l(ffixui.o)
    0x0800ae92   0x00000032   Code   RO         1023    .text               mf_w.l(dfixui.o)
    0x0800aec4   0x00000026   Code   RO         1025    .text               mf_w.l(f2d.o)
    0x0800aeea   0x00000038   Code   RO         1027    .text               mf_w.l(d2f.o)
    0x0800af22   0x00000002   PAD
    0x0800af24   0x00000014   Code   RO         1029    .text               mf_w.l(cfcmple.o)
    0x0800af38   0x00000014   Code   RO         1031    .text               mf_w.l(cfrcmple.o)
    0x0800af4c   0x0000001e   Code   RO         1074    .text               mc_w.l(llshl.o)
    0x0800af6a   0x00000020   Code   RO         1076    .text               mc_w.l(llushr.o)
    0x0800af8a   0x00000024   Code   RO         1078    .text               mc_w.l(llsshr.o)
    0x0800afae   0x00000000   Code   RO         1087    .text               mc_w.l(iusefp.o)
    0x0800afae   0x0000006e   Code   RO         1088    .text               mf_w.l(fepilogue.o)
    0x0800b01c   0x000000ba   Code   RO         1090    .text               mf_w.l(depilogue.o)
    0x0800b0d6   0x000000e4   Code   RO         1092    .text               mf_w.l(dmul.o)
    0x0800b1ba   0x000000de   Code   RO         1094    .text               mf_w.l(ddiv.o)
    0x0800b298   0x0000002e   Code   RO         1096    .text               mf_w.l(dscalb.o)
    0x0800b2c6   0x00000002   PAD
    0x0800b2c8   0x00000030   Code   RO         1098    .text               mf_w.l(cdrcmple.o)
    0x0800b2f8   0x00000024   Code   RO         1100    .text               mc_w.l(init.o)
    0x0800b31c   0x000000a2   Code   RO         1102    .text               mf_w.l(dsqrt.o)
    0x0800b3be   0x00000056   Code   RO         1114    .text               mc_w.l(__dczerorl2.o)
    0x0800b414   0x00000050   Code   RO          778    i.Allcolor          STM3210E.lib(lib.o)
    0x0800b464   0x00000074   Code   RO          780    i.ShowTxt           STM3210E.lib(lib.o)
    0x0800b4d8   0x00000028   Code   RO         1047    i.__ARM_fpclassify  m_ws.l(fpclassify.o)
    0x0800b500   0x000000aa   Code   RO         1049    i.__kernel_poly     m_ws.l(poly.o)
    0x0800b5aa   0x00000002   PAD
    0x0800b5ac   0x00000010   Code   RO         1033    i.__mathlib_dbl_divzero  m_ws.l(dunder.o)
    0x0800b5bc   0x00000004   Code   RO         1035    i.__mathlib_dbl_infnan2  m_ws.l(dunder.o)
    0x0800b5c0   0x0000000c   Code   RO         1036    i.__mathlib_dbl_invalid  m_ws.l(dunder.o)
    0x0800b5cc   0x0000000e   Code   RO         1037    i.__mathlib_dbl_overflow  m_ws.l(dunder.o)
    0x0800b5da   0x00000002   PAD
    0x0800b5dc   0x00000010   Code   RO         1039    i.__mathlib_dbl_underflow  m_ws.l(dunder.o)
    0x0800b5ec   0x0000000e   Code   RO         1108    i.__scatterload_copy  mc_w.l(handlers.o)
    0x0800b5fa   0x00000002   Code   RO         1109    i.__scatterload_null  mc_w.l(handlers.o)
    0x0800b5fc   0x0000000e   Code   RO         1110    i.__scatterload_zeroinit  mc_w.l(handlers.o)
    0x0800b60a   0x00000002   PAD
    0x0800b60c   0x0000000c   Code   RO         1082    i.__set_errno       mc_w.l(errno.o)
    0x0800b618   0x0000002c   Code   RO          782    i.comsend           STM3210E.lib(lib.o)
    0x0800b644   0x0000003e   Code   RO          783    i.num2HEXchar       STM3210E.lib(lib.o)
    0x0800b682   0x00000002   PAD
    0x0800b684   0x000009d8   Code   RO          989    i.pow               m_ws.l(pow.o)
    0x0800c05c   0x00000098   Code   RO          784    i.showbmp           STM3210E.lib(lib.o)
    0x0800c0f4   0x0000004c   Code   RO         1053    i.sqrt              m_ws.l(sqrt.o)
    0x0800c140   0x00000020   Data   RO          212    .constdata          otp.o
    0x0800c160   0x00000088   Data   RO          990    .constdata          m_ws.l(pow.o)
    0x0800c1e8   0x00000008   Data   RO         1051    .constdata          m_ws.l(qnan.o)
    0x0800c1f0   0x00000020   Data   RO         1106    Region$$Table       anon$$obj.o


    Execution Region RW_IRAM1 (Base: 0x20000000, Size: 0x00000d98, Max: 0x00010000, ABSOLUTE, COMPRESSED[0x00000588])

    Base Addr    Size         Type   Attr      Idx    E Section Name        Object

    0x20000000   0x00000007   Data   RW            3    .data               stm32f10x_it.o
    0x20000007   0x00000001   PAD
    0x20000008   0x00000023   Data   RW           82    .data               main.o
    0x2000002b   0x00000001   PAD
    0x2000002c   0x0000003b   Data   RW          170    .data               lcd.o
    0x20000067   0x00000001   PAD
    0x20000068   0x000001e0   Data   RW          213    .data               otp.o
    0x20000248   0x00000410   Data   RW          254    .data               store.o
    0x20000658   0x00000005   Data   RW          273    .data               m2481_control.o
    0x2000065d   0x00000001   PAD
    0x2000065e   0x0000001e   Data   RW          317    .data               t226_1022.o
    0x2000067c   0x00000004   Data   RW          345    .data               tsliic_rev01.o
    0x20000680   0x00000014   Data   RW          378    .data               system_stm32f10x.o
    0x20000694   0x00000014   Data   RW          396    .data               stm32f10x_rcc.o
    0x200006a8   0x00000004   Data   RW          899    .data               tsliic_rev_c.lib(tsliic_rev_c.o)
    0x200006ac   0x00000004   Data   RW         1083    .data               mc_w.l(errno.o)
    0x200006b0   0x0000007f   Zero   RW            2    .bss                stm32f10x_it.o
    0x2000072f   0x00000001   PAD
    0x20000730   0x00000136   Zero   RW          169    .bss                lcd.o
    0x20000866   0x00000002   PAD
    0x20000868   0x0000012c   Zero   RW          211    .bss                otp.o
    0x20000994   0x00000004   PAD
    0x20000998   0x00000400   Zero   RW          359    STACK               startup_stm32f10x_xl.o


==============================================================================

Image component sizes


      Code (inc. data)   RO Data    RW Data    ZI Data      Debug   Object Name

      3024         64          0          0          0       6772   config_gpio_powerout_ssd2828_lowlayerfunction.o
       960         14          0          0          0       4055   e24c16iic.o
       720          8          0          0          0       3408   iics.o
      5968         84          0         59        310       9364   lcd.o
       648         76          0          5          0       1979   m2481_control.o
      2544        486          0         35          0     235502   main.o
       220         22          0          0          0       3837   misc.o
      5224        968         32        480        300      10984   otp.o
        36          8        304          0       1024        964   startup_stm32f10x_xl.o
       284         10          0          0          0       4795   stm32f10x_exti.o
      2280         46          0          0          0      16975   stm32f10x_flash.o
       860         38          0          0          0      23321   stm32f10x_gpio.o
       132         26          0          7        127     245751   stm32f10x_it.o
       932         36          0         20          0      18052   stm32f10x_rcc.o
      3610         88          0          0          0      43552   stm32f10x_tim.o
      1032         22          0          0          0      14864   stm32f10x_usart.o
      1740        376          0       1040          0       6919   store.o
       480         38          0         20          0       1863   system_stm32f10x.o
      6184        574          0         30          0      13484   t226_1022.o
       380          6          0          0          0       1573   tsliic_brightness.o
      1572         12          0          4          0       6828   tsliic_rev01.o
      2876         44          0          0          0      11395   v_set_c1025.o

    ----------------------------------------------------------------------
     41708       3046        368       1704       1768     686237   Object Totals
         0          0         32          0          0          0   (incl. Generated)
         2          0          0          4          7          0   (incl. Padding)

    ----------------------------------------------------------------------

      Code (inc. data)   RO Data    RW Data    ZI Data      Debug   Library Member Name

       454         88          0          0          0     209419   lib.o
        62         10          0          0          0        340   dunder.o
        40          0          0          0          0         68   fpclassify.o
       170          0          0          0          0         96   poly.o
      2520        190        136          0          0        324   pow.o
         0          0          8          0          0          0   qnan.o
        76          0          0          0          0         84   sqrt.o
        86          0          0          0          0          0   __dczerorl2.o
         0          0          0          0          0          0   entry.o
         0          0          0          0          0          0   entry10a.o
         0          0          0          0          0          0   entry11a.o
         8          4          0          0          0          0   entry2.o
         4          0          0          0          0          0   entry5.o
         0          0          0          0          0          0   entry7b.o
         0          0          0          0          0          0   entry8b.o
         8          4          0          0          0          0   entry9a.o
        12          6          0          4          0         68   errno.o
        30          0          0          0          0          0   handlers.o
        36          8          0          0          0         68   init.o
         0          0          0          0          0          0   iusefp.o
        30          0          0          0          0         68   llshl.o
        36          0          0          0          0         68   llsshr.o
        32          0          0          0          0         68   llushr.o
        36          0          0          0          0         68   memcpya.o
        36          0          0          0          0        108   memseta.o
        18          0          0          0          0         68   strcpy.o
        48          0          0          0          0         68   cdrcmple.o
        20          0          0          0          0         68   cfcmple.o
        20          0          0          0          0         68   cfrcmple.o
        56          0          0          0          0         88   d2f.o
       334          0          0          0          0        148   dadd.o
       222          0          0          0          0        100   ddiv.o
       186          0          0          0          0        176   depilogue.o
        50          0          0          0          0         76   dfixui.o
        34          0          0          0          0         76   dflti.o
       228          0          0          0          0         96   dmul.o
        46          0          0          0          0         80   dscalb.o
       162          0          0          0          0        100   dsqrt.o
        38          0          0          0          0         68   f2d.o
       176          0          0          0          0        140   fadd.o
       124          0          0          0          0         88   fdiv.o
       110          0          0          0          0        168   fepilogue.o
        40          0          0          0          0         68   ffixui.o
        18          0          0          0          0         68   fflti.o
        10          0          0          0          0         68   ffltui.o
      1832         12          0          4          0     222242   tsliic_rev_c.o

    ----------------------------------------------------------------------
      7460        322        144          8          0     434969   Library Totals
        12          0          0          0          0          0   (incl. Padding)

    ----------------------------------------------------------------------

      Code (inc. data)   RO Data    RW Data    ZI Data      Debug   Library Name

       454         88          0          0          0     209419   STM3210E.lib
      2868        200        144          0          0        912   m_ws.l
       372         22          0          4          0        584   mc_w.l
      1922          0          0          0          0       1812   mf_w.l
      1832         12          0          4          0     222242   tsliic_rev_c.lib

    ----------------------------------------------------------------------
      7460        322        144          8          0     434969   Library Totals

    ----------------------------------------------------------------------

==============================================================================


      Code (inc. data)   RO Data    RW Data    ZI Data      Debug   

     49168       3368        512       1712       1768    1117382   Grand Totals
     49168       3368        512       1416       1768    1117382   ELF Image Totals (compressed)
     49168       3368        512       1416          0          0   ROM Totals

==============================================================================

    Total RO  Size (Code + RO Data)                49680 (  48.52kB)
    Total RW  Size (RW Data + ZI Data)              3480 (   3.40kB)
    Total ROM Size (Code + RO Data + RW Data)      51096 (  49.90kB)

==============================================================================

