Component: ARM Compiler 5.06 update 1 (build 61) Tool: armlink [4d35a8]

==============================================================================

Section Cross References

    stm32f10x_it.o(.text) refers to stm32f10x_usart.o(.text) for USART_GetITStatus
    stm32f10x_it.o(.text) refers to stm32f10x_it.o(.data) for TimingDelay
    stm32f10x_it.o(.text) refers to stm32f10x_it.o(.bss) for RxBuffer1
    main.o(.text) refers to memseta.o(.text) for __aeabi_memclr4
    main.o(.text) refers to strcpy.o(.text) for strcpy
    main.o(.text) refers to lib.o(i.ShowTxt) for ShowTxt
    main.o(.text) refers to t226.o(.text) for M9_BUS_VOLTAGE
    main.o(.text) refers to lcd.o(.text) for BEEP_BIBI
    main.o(.text) refers to tsliic_rev_c.o(.text) for Dly_10ns
    main.o(.text) refers to misc.o(.text) for NVIC_PriorityGroupConfig
    main.o(.text) refers to stm32f10x_rcc.o(.text) for RCC_DeInit
    main.o(.text) refers to stm32f10x_flash.o(.text) for FLASH_PrefetchBufferCmd
    main.o(.text) refers to config_gpio_powerout_ssd2828_lowlayerfunction.o(.text) for USART_GPIO_Configuration
    main.o(.text) refers to main.o(.data) for HFZVDD
    main.o(.text) refers to lcd.o(.data) for PIC_NUM
    main.o(.text) refers to iic.o(.text) for EEPROM_GPIO_Config
    main.o(.text) refers to lib.o(i.Allcolor) for Allcolor
    main.o(.text) refers to lib.o(i.showbmp) for showbmp
    main.o(.text) refers to sdcard.o(.text) for SD_Init
    main.o(.text) refers to stm32f10x_usart.o(.text) for USART_SendData
    main.o(.text) refers to stm32f10x_exti.o(.text) for EXTI_GetITStatus
    main.o(.text) refers to main.o(.bss) for SDCardInfo
    lcd.o(.text) refers to config_gpio_powerout_ssd2828_lowlayerfunction.o(.text) for LCD_CtrlLinesConfig
    lcd.o(.text) refers to main.o(.text) for Delay
    lcd.o(.text) refers to v_set_c.o(.text) for VDD_ADJ_EN
    lcd.o(.text) refers to stm32f10x_gpio.o(.text) for GPIO_SetBits
    lcd.o(.text) refers to t226.o(.text) for T226_intion
    lcd.o(.text) refers to lcd.o(.data) for HPW
    lcd.o(.text) refers to lcd.o(.bss) for MIPI_READ_DATA
    lcd.o(.text) refers to stm32f10x_rcc.o(.text) for RCC_APB2PeriphClockCmd
    iic.o(.text) refers to stm32f10x_rcc.o(.text) for RCC_APB2PeriphClockCmd
    iic.o(.text) refers to stm32f10x_gpio.o(.text) for GPIO_PinRemapConfig
    iic.o(.text) refers to main.o(.text) for Delay
    config_gpio_powerout_ssd2828_lowlayerfunction.o(.text) refers to stm32f10x_gpio.o(.text) for GPIO_ReadInputDataBit
    config_gpio_powerout_ssd2828_lowlayerfunction.o(.text) refers to lcd.o(.text) for MDelay
    config_gpio_powerout_ssd2828_lowlayerfunction.o(.text) refers to stm32f10x_rcc.o(.text) for RCC_APB2PeriphClockCmd
    config_gpio_powerout_ssd2828_lowlayerfunction.o(.text) refers to stm32f10x_exti.o(.text) for EXTI_GenerateSWInterrupt
    config_gpio_powerout_ssd2828_lowlayerfunction.o(.text) refers to main.o(.text) for Delay
    config_gpio_powerout_ssd2828_lowlayerfunction.o(.text) refers to stm32f10x_usart.o(.text) for USART_Init
    t226.o(.text) refers to stm32f10x_rcc.o(.text) for RCC_APB2PeriphClockCmd
    t226.o(.text) refers to stm32f10x_gpio.o(.text) for GPIO_PinRemapConfig
    t226.o(.text) refers to tsliic_rev_c.o(.text) for TWait
    t226.o(.text) refers to main.o(.text) for DelayMs
    t226.o(.text) refers to main.o(.data) for pucData
    t226.o(.text) refers to t226.o(.data) for IDD_UA
    t226.o(.text) refers to memseta.o(.text) for __aeabi_memclr4
    t226.o(.text) refers to stm32f10x_usart.o(.text) for USART_SendData
    t226.o(.text) refers to pow.o(i.pow) for pow
    t226.o(.text) refers to iic.o(.text) for EEPROMBYTE_Read
    t226.o(.text) refers to v_set_c.o(.text) for VDD_ADJ_SET
    t226.o(.text) refers to config_gpio_powerout_ssd2828_lowlayerfunction.o(.text) for USART_GPIO_Configuration
    t226.o(.text) refers to lcd.o(.text) for BEEP_BIBI
    disp.o(.text) refers to fat.o(.text) for Search_man
    disp.o(.text) refers to malloc.o(i.malloc) for malloc
    disp.o(.text) refers to malloc.o(i.free) for free
    disp.o(.text) refers to disp.o(.data) for image_all
    disp.o(.text) refers to disp.o(.bss) for BMPInfo
    disp.o(.text) refers to fat.o(.data) for SectorsPerClust
    v_set_c.o(.text) refers to stm32f10x_rcc.o(.text) for RCC_APB2PeriphClockCmd
    v_set_c.o(.text) refers to stm32f10x_gpio.o(.text) for GPIO_PinRemapConfig
    v_set_c.o(.text) refers to tsliic_rev_c.o(.text) for TWait
    v_set_c.o(.text) refers to main.o(.text) for DelayMs
    v_set_c.o(.text) refers to main.o(.data) for pucData
    keyscan_adc_b.o(.text) refers to stm32f10x_adc.o(.text) for ADC_Init
    keyscan_adc_b.o(.text) refers to stm32f10x_rcc.o(.text) for RCC_APB2PeriphClockCmd
    keyscan_adc_b.o(.text) refers to stm32f10x_gpio.o(.text) for GPIO_Init
    hfz_secret.o(.text) refers to stm32f10x_rcc.o(.text) for RCC_APB2PeriphClockCmd
    hfz_secret.o(.text) refers to stm32f10x_gpio.o(.text) for GPIO_PinRemapConfig
[...]
    d2f.o(.text) refers to fepilogue.o(.text) for _float_round
    cfcmple.o(.text) refers (Special) to iusefp.o(.text) for __I$use$fp
    cfrcmple.o(.text) refers (Special) to iusefp.o(.text) for __I$use$fp
    dunder.o(i.__mathlib_dbl_divzero) refers to ddiv.o(.text) for __aeabi_ddiv
    dunder.o(i.__mathlib_dbl_infnan) refers to dscalb.o(.text) for __ARM_scalbn
    dunder.o(i.__mathlib_dbl_infnan2) refers to dadd.o(.text) for __aeabi_dadd
    dunder.o(i.__mathlib_dbl_invalid) refers to ddiv.o(.text) for __aeabi_ddiv
    dunder.o(i.__mathlib_dbl_overflow) refers to dscalb.o(.text) for __ARM_scalbn
    dunder.o(i.__mathlib_dbl_posinfnan) refers to dmul.o(.text) for __aeabi_dmul
    dunder.o(i.__mathlib_dbl_underflow) refers to dscalb.o(.text) for __ARM_scalbn
    fpclassify.o(i.__ARM_fpclassify) refers (Special) to iusefp.o(.text) for __I$use$fp
    poly.o(i.__kernel_poly) refers (Special) to iusefp.o(.text) for __I$use$fp
    poly.o(i.__kernel_poly) refers to dmul.o(.text) for __aeabi_dmul
    poly.o(i.__kernel_poly) refers to dadd.o(.text) for __aeabi_dadd
    qnan.o(.constdata) refers (Special) to iusefp.o(.text) for __I$use$fp
    sqrt.o(i.__softfp_sqrt) refers (Special) to iusefp.o(.text) for __I$use$fp
    sqrt.o(i.__softfp_sqrt) refers to dsqrt.o(.text) for _dsqrt
    sqrt.o(i.__softfp_sqrt) refers to errno.o(i.__set_errno) for __set_errno
    sqrt.o(i.sqrt) refers (Special) to iusefp.o(.text) for __I$use$fp
    sqrt.o(i.sqrt) refers to dsqrt.o(.text) for _dsqrt
    sqrt.o(i.sqrt) refers to errno.o(i.__set_errno) for __set_errno
    sqrt_x.o(i.____softfp_sqrt$lsc) refers (Special) to iusefp.o(.text) for __I$use$fp
    sqrt_x.o(i.____softfp_sqrt$lsc) refers to cdcmple.o(.text) for __aeabi_cdcmple
    sqrt_x.o(i.____softfp_sqrt$lsc) refers to errno.o(i.__set_errno) for __set_errno
    sqrt_x.o(i.____softfp_sqrt$lsc) refers to dsqrt.o(.text) for _dsqrt
    sqrt_x.o(i.__sqrt$lsc) refers (Special) to iusefp.o(.text) for __I$use$fp
    sqrt_x.o(i.__sqrt$lsc) refers to cdcmple.o(.text) for __aeabi_cdcmple
    sqrt_x.o(i.__sqrt$lsc) refers to errno.o(i.__set_errno) for __set_errno
    sqrt_x.o(i.__sqrt$lsc) refers to dsqrt.o(.text) for _dsqrt
    entry2.o(.ARM.Collect$$$$00000001) refers to entry2.o(.ARM.Collect$$$$00002712) for __lit__00000000
    entry2.o(.ARM.Collect$$$$00002712) refers to startup_stm32f10x_xl.o(STACK) for __initial_sp
    entry2.o(__vectab_stack_and_reset_area) refers to startup_stm32f10x_xl.o(STACK) for __initial_sp
    entry2.o(__vectab_stack_and_reset_area) refers to entry.o(.ARM.Collect$$$$00000000) for __main
    entry5.o(.ARM.Collect$$$$00000004) refers to init.o(.text) for __scatterload
    entry9a.o(.ARM.Collect$$$$0000000B) refers to main.o(.text) for main
    entry9b.o(.ARM.Collect$$$$0000000C) refers to main.o(.text) for main
    errno.o(i.__aeabi_errno_addr) refers to errno.o(.data) for .data
    errno.o(i.__read_errno) refers to errno.o(.data) for .data
    errno.o(i.__set_errno) refers to errno.o(.data) for .data
    depilogue.o(.text) refers to llshl.o(.text) for __aeabi_llsl
    depilogue.o(.text) refers to llushr.o(.text) for __aeabi_llsr
    dmul.o(.text) refers to depilogue.o(.text) for _double_epilogue
    ddiv.o(.text) refers to depilogue.o(.text) for _double_round
    dflti.o(.text) refers to depilogue.o(.text) for _double_epilogue
    init.o(.text) refers to entry5.o(.ARM.Collect$$$$00000004) for __main_after_scatterload
    dsqrt.o(.text) refers to llushr.o(.text) for __aeabi_llsr
    dsqrt.o(.text) refers to depilogue.o(.text) for _double_round


==============================================================================

Removing Unused input sections from the image.

    Removing disp.o(.text), (724 bytes).
    Removing disp.o(.bss), (32 bytes).
    Removing disp.o(.data), (4 bytes).
    Removing keyscan_adc_b.o(.text), (788 bytes).
    Removing hfz_secret.o(.text), (1196 bytes).
    Removing lvds_i2c.o(.text), (1180 bytes).
    Removing mtransmit.o(.text), (776 bytes).
    Removing mtransmit.o(.bss), (60 bytes).
    Removing mtransmit.o(.data), (2 bytes).
    Removing lvds_otp.o(.text), (6860 bytes).
    Removing lvds_otp.o(.bss), (2388 bytes).
    Removing lvds_otp.o(.constdata), (32 bytes).
    Removing lvds_otp.o(.data), (456 bytes).
    Removing startup_stm32f10x_xl.o(HEAP), (512 bytes).
    Removing core_cm3.o(.emb_text), (32 bytes).
    Removing stm32f10x_spi.o(.text), (780 bytes).
    Removing stm32f10x_fsmc.o(.text), (1548 bytes).
    Removing stm32f10x_i2c.o(.text), (1028 bytes).
    Removing stm32f10x_adc.o(.text), (1102 bytes).
    Removing stm32f10x_bkp.o(.text), (196 bytes).
    Removing stm32f10x_can.o(.text), (2544 bytes).
    Removing stm32f10x_cec.o(.text), (288 bytes).
    Removing stm32f10x_crc.o(.text), (72 bytes).
    Removing stm32f10x_dac.o(.text), (396 bytes).
    Removing stm32f10x_dbgmcu.o(.text), (48 bytes).
    Removing stm32f10x_iwdg.o(.text), (64 bytes).
    Removing stm32f10x_pwr.o(.text), (204 bytes).
    Removing stm32f10x_rtc.o(.text), (328 bytes).
    Removing stm32f10x_tim.o(.text), (3610 bytes).
    Removing stm32f10x_wwdg.o(.text), (136 bytes).
    Removing lib.o(i.Buffercmp), (36 bytes).
    Removing lib.o(i.TransferTest), (32 bytes).
    Removing lib.o(i.xstart), (16 bytes).
    Removing lib.o(.data), (1 bytes).
    Removing fat.o(.text), (7040 bytes).
    Removing fat.o(.bss), (512 bytes).
    Removing fat.o(.bss), (1171 bytes).
    Removing fat.o(.data), (1 bytes).
    Removing fat.o(.data), (4 bytes).
    Removing fat.o(.data), (36 bytes).
    Removing fadd.o(.text), (176 bytes).
    Removing fdiv.o(.text), (124 bytes).
    Removing ffltui.o(.text), (10 bytes).
    Removing ffixui.o(.text), (40 bytes).
    Removing f2d.o(.text), (38 bytes).
    Removing d2f.o(.text), (56 bytes).
    Removing cfcmple.o(.text), (20 bytes).
    Removing cfrcmple.o(.text), (20 bytes).
    Removing fepilogue.o(.text), (110 bytes).
    Removing cdcmple.o(.text), (48 bytes).
    Removing fat.o(i.__ARM_common_memset4_12), (18 bytes).

51 unused section(s) (total 36895 bytes) removed from the image.

==============================================================================

Image Symbol Table

    Local Symbols

    Symbol Name                              Value     Ov Type        Size  Object(Section)

    ../clib/microlib/errno.c                 0x00000000   Number         0  errno.o ABSOLUTE
    ../clib/microlib/init/entry.s            0x00000000   Number         0  entry9b.o ABSOLUTE
    ../clib/microlib/init/entry.s            0x00000000   Number         0  entry11b.o ABSOLUTE
    ../clib/microlib/init/entry.s            0x00000000   Number         0  entry.o ABSOLUTE
    ../clib/microlib/init/entry.s            0x00000000   Number         0  entry2.o ABSOLUTE
    ../clib/microlib/init/entry.s            0x00000000   Number         0  entry8a.o ABSOLUTE
    ../clib/microlib/init/entry.s            0x00000000   Number         0  entry11a.o ABSOLUTE
    ../clib/microlib/init/entry.s            0x00000000   Number         0  entry5.o ABSOLUTE
    ../clib/microlib/init/entry.s            0x00000000   Number         0  entry10a.o ABSOLUTE
    ../clib/microlib/init/entry.s            0x00000000   Number         0  entry7a.o ABSOLUTE
    ../clib/microlib/init/entry.s            0x00000000   Number         0  entry7b.o ABSOLUTE
    ../clib/microlib/init/entry.s            0x00000000   Number         0  entry8b.o ABSOLUTE
    ../clib/microlib/init/entry.s            0x00000000   Number         0  entry9a.o ABSOLUTE
    ../clib/microlib/init/entry.s            0x00000000   Number         0  entry10b.o ABSOLUTE
    ../clib/microlib/longlong.c              0x00000000   Number         0  llushr.o ABSOLUTE
    ../clib/microlib/longlong.c              0x00000000   Number         0  llshl.o ABSOLUTE
    ../clib/microlib/longlong.c              0x00000000   Number         0  llsshr.o ABSOLUTE
    ../clib/microlib/malloc/malloc.c         0x00000000   Number         0  malloca.o ABSOLUTE
    ../clib/microlib/malloc/malloc.c         0x00000000   Number         0  mallocr.o ABSOLUTE
    ../clib/microlib/malloc/malloc.c         0x00000000   Number         0  malloc.o ABSOLUTE
    ../clib/microlib/malloc/malloc.c         0x00000000   Number         0  mallocra.o ABSOLUTE
    ../clib/microlib/malloc/mvars.c          0x00000000   Number         0  mvars.o ABSOLUTE
    ../clib/microlib/string/memcpy.c         0x00000000   Number         0  memcpyb.o ABSOLUTE
    ../clib/microlib/string/memcpy.c         0x00000000   Number         0  memcpya.o ABSOLUTE
    ../clib/microlib/string/memset.c         0x00000000   Number         0  memseta.o ABSOLUTE
    ../clib/microlib/string/strcpy.c         0x00000000   Number         0  strcpy.o ABSOLUTE
    ../clib/microlib/stubs.s                 0x00000000   Number         0  iusefp.o ABSOLUTE
    ../fplib/microlib/d2f.c                  0x00000000   Number         0  d2f.o ABSOLUTE
    ../fplib/microlib/f2d.c                  0x00000000   Number         0  f2d.o ABSOLUTE
    ../fplib/microlib/fpadd.c                0x00000000   Number         0  fadd.o ABSOLUTE
    ../fplib/microlib/fpadd.c                0x00000000   Number         0  dadd.o ABSOLUTE
    ../fplib/microlib/fpdiv.c                0x00000000   Number         0  fdiv.o ABSOLUTE
    ../fplib/microlib/fpdiv.c                0x00000000   Number         0  ddiv.o ABSOLUTE
    ../fplib/microlib/fpepilogue.c           0x00000000   Number         0  depilogue.o ABSOLUTE
    ../fplib/microlib/fpepilogue.c           0x00000000   Number         0  fepilogue.o ABSOLUTE
    ../fplib/microlib/fpfix.c                0x00000000   Number         0  ffixui.o ABSOLUTE
    ../fplib/microlib/fpflt.c                0x00000000   Number         0  dflti.o ABSOLUTE
    ../fplib/microlib/fpflt.c                0x00000000   Number         0  ffltui.o ABSOLUTE
    ../fplib/microlib/fpmul.c                0x00000000   Number         0  dmul.o ABSOLUTE
    ../fplib/microlib/fpscalb.c              0x00000000   Number         0  dscalb.o ABSOLUTE
    ../fplib/microlib/fpsqrt.c               0x00000000   Number         0  dsqrt.o ABSOLUTE
    ../mathlib/dunder.c                      0x00000000   Number         0  dunder.o ABSOLUTE
    ../mathlib/fpclassify.c                  0x00000000   Number         0  fpclassify.o ABSOLUTE
    ../mathlib/poly.c                        0x00000000   Number         0  poly.o ABSOLUTE
    ../mathlib/pow.c                         0x00000000   Number         0  pow.o ABSOLUTE
    ../mathlib/pow.c                         0x00000000   Number         0  pow_x.o ABSOLUTE
    ../mathlib/qnan.c                        0x00000000   Number         0  qnan.o ABSOLUTE
    ../mathlib/sqrt.c                        0x00000000   Number         0  sqrt_x.o ABSOLUTE
    ../mathlib/sqrt.c                        0x00000000   Number         0  sqrt.o ABSOLUTE
    ..\..\..\Libraries\CMSIS\CM3\CoreSupport\core_cm3.c 0x00000000   Number         0  core_cm3.o ABSOLUTE
    ..\..\..\Libraries\CMSIS\CM3\DeviceSupport\ST\STM32F10x\startup\arm\startup_stm32f10x_xl.s 0x00000000   Number         0  startup_stm32f10x_xl.o ABSOLUTE
    ..\..\..\Libraries\STM32F10x_StdPeriph_Driver\src\misc.c 0x00000000   Number         0  misc.o ABSOLUTE
    ..\..\..\Libraries\STM32F10x_StdPeriph_Driver\src\stm32f10x_adc.c 0x00000000   Number         0  stm32f10x_adc.o ABSOLUTE
    ..\..\..\Libraries\STM32F10x_StdPeriph_Driver\src\stm32f10x_bkp.c 0x00000000   Number         0  stm32f10x_bkp.o ABSOLUTE
    ..\..\..\Libraries\STM32F10x_StdPeriph_Driver\src\stm32f10x_can.c 0x00000000   Number         0  stm32f10x_can.o ABSOLUTE
    ..\..\..\Libraries\STM32F10x_StdPeriph_Driver\src\stm32f10x_cec.c 0x00000000   Number         0  stm32f10x_cec.o ABSOLUTE
    ..\..\..\Libraries\STM32F10x_StdPeriph_Driver\src\stm32f10x_crc.c 0x00000000   Number         0  stm32f10x_crc.o ABSOLUTE
    ..\..\..\Libraries\STM32F10x_StdPeriph_Driver\src\stm32f10x_dac.c 0x00000000   Number         0  stm32f10x_dac.o ABSOLUTE
    ..\..\..\Libraries\STM32F10x_StdPeriph_Driver\src\stm32f10x_dbgmcu.c 0x00000000   Number         0  stm32f10x_dbgmcu.o ABSOLUTE
    ..\..\..\Libraries\STM32F10x_StdPeriph_Driver\src\stm32f10x_dma.c 0x00000000   Number         0  stm32f10x_dma.o ABSOLUTE
    ..\..\..\Libraries\STM32F10x_StdPeriph_Driver\src\stm32f10x_exti.c 0x00000000   Number         0  stm32f10x_exti.o ABSOLUTE
    ..\..\..\Libraries\STM32F10x_StdPeriph_Driver\src\stm32f10x_flash.c 0x00000000   Number         0  stm32f10x_flash.o ABSOLUTE
    ..\..\..\Libraries\STM32F10x_StdPeriph_Driver\src\stm32f10x_fsmc.c 0x00000000   Number         0  stm32f10x_fsmc.o ABSOLUTE
    ..\..\..\Libraries\STM32F10x_StdPeriph_Driver\src\stm32f10x_gpio.c 0x00000000   Number         0  stm32f10x_gpio.o ABSOLUTE
    ..\..\..\Libraries\STM32F10x_StdPeriph_Driver\src\stm32f10x_i2c.c 0x00000000   Number         0  stm32f10x_i2c.o ABSOLUTE
    ..\..\..\Libraries\STM32F10x_StdPeriph_Driver\src\stm32f10x_iwdg.c 0x00000000   Number         0  stm32f10x_iwdg.o ABSOLUTE
    ..\..\..\Libraries\STM32F10x_StdPeriph_Driver\src\stm32f10x_pwr.c 0x00000000   Number         0  stm32f10x_pwr.o ABSOLUTE
    ..\..\..\Libraries\STM32F10x_StdPeriph_Driver\src\stm32f10x_rcc.c 0x00000000   Number         0  stm32f10x_rcc.o ABSOLUTE
    ..\..\..\Libraries\STM32F10x_StdPeriph_Driver\src\stm32f10x_rtc.c 0x00000000   Number         0  stm32f10x_rtc.o ABSOLUTE
    ..\..\..\Libraries\STM32F10x_StdPeriph_Driver\src\stm32f10x_sdio.c 0x00000000   Number         0  stm32f10x_sdio.o ABSOLUTE
    ..\..\..\Libraries\STM32F10x_StdPeriph_Driver\src\stm32f10x_spi.c 0x00000000   Number         0  stm32f10x_spi.o ABSOLUTE
    ..\..\..\Libraries\STM32F10x_StdPeriph_Driver\src\stm32f10x_tim.c 0x00000000   Number         0  stm32f10x_tim.o ABSOLUTE
    ..\..\..\Libraries\STM32F10x_StdPeriph_Driver\src\stm32f10x_usart.c 0x00000000   Number         0  stm32f10x_usart.o ABSOLUTE
    ..\..\..\Libraries\STM32F10x_StdPeriph_Driver\src\stm32f10x_wwdg.c 0x00000000   Number         0  stm32f10x_wwdg.o ABSOLUTE
    ..\Config_Gpio_Powerout_SSD2828_LowLayerFunction.c 0x00000000   Number         0  config_gpio_powerout_ssd2828_lowlayerfunction.o ABSOLUTE
    ..\IIC.c                                 0x00000000   Number         0  iic.o ABSOLUTE
    ..\LCD.c                                 0x00000000   Number         0  lcd.o ABSOLUTE
    ..\LVDS_I2C.c                            0x00000000   Number         0  lvds_i2c.o ABSOLUTE
    ..\LVDS_OTP.c                            0x00000000   Number         0  lvds_otp.o ABSOLUTE
    ..\Mtransmit.c                           0x00000000   Number         0  mtransmit.o ABSOLUTE
    ..\T226.c                                0x00000000   Number         0  t226.o ABSOLUTE
    ..\TSLIIC_REV_C.c                        0x00000000   Number         0  tsliic_rev_c.o ABSOLUTE
    ..\V_SET_C.c                             0x00000000   Number         0  v_set_c.o ABSOLUTE
    ..\\..\\..\\Libraries\\CMSIS\\CM3\\CoreSupport\\core_cm3.c 0x00000000   Number         0  core_cm3.o ABSOLUTE
    ..\disp.c                                0x00000000   Number         0  disp.o ABSOLUTE
    ..\hfz_secret.c                          0x00000000   Number         0  hfz_secret.o ABSOLUTE
    ..\keyscan_adc_B.c                       0x00000000   Number         0  keyscan_adc_b.o ABSOLUTE
    ..\lib.c                                 0x00000000   Number         0  lib.o ABSOLUTE
    ..\main.c                                0x00000000   Number         0  main.o ABSOLUTE
    ..\stm32f10x_it.c                        0x00000000   Number         0  stm32f10x_it.o ABSOLUTE
    ..\system_stm32f10x.c                    0x00000000   Number         0  system_stm32f10x.o ABSOLUTE
    cdcmple.s                                0x00000000   Number         0  cdcmple.o ABSOLUTE
    cdrcmple.s                               0x00000000   Number         0  cdrcmple.o ABSOLUTE
    cfcmple.s                                0x00000000   Number         0  cfcmple.o ABSOLUTE
    cfrcmple.s                               0x00000000   Number         0  cfrcmple.o ABSOLUTE
    dc.s                                     0x00000000   Number         0  dc.o ABSOLUTE
    handlers.s                               0x00000000   Number         0  handlers.o ABSOLUTE
    init.s                                   0x00000000   Number         0  init.o ABSOLUTE
    project\FAT.c                            0x00000000   Number         0  fat.o ABSOLUTE
    project\sdcard.c                         0x00000000   Number         0  sdcard.o ABSOLUTE
    RESET                                    0x08000000   Section      304  startup_stm32f10x_xl.o(RESET)
    .ARM.Collect$$$$00000000                 0x08000130   Section        0  entry.o(.ARM.Collect$$$$00000000)
    .ARM.Collect$$$$00000001                 0x08000130   Section        4  entry2.o(.ARM.Collect$$$$00000001)
    .ARM.Collect$$$$00000004                 0x08000134   Section        4  entry5.o(.ARM.Collect$$$$00000004)
    .ARM.Collect$$$$00000008                 0x08000138   Section        0  entry7b.o(.ARM.Collect$$$$00000008)
    .ARM.Collect$$$$0000000A                 0x08000138   Section        0  entry8b.o(.ARM.Collect$$$$0000000A)
    .ARM.Collect$$$$0000000B                 0x08000138   Section        8  entry9a.o(.ARM.Collect$$$$0000000B)
    .ARM.Collect$$$$0000000D                 0x08000140   Section        0  entry10a.o(.ARM.Collect$$$$0000000D)
    .ARM.Collect$$$$0000000F                 0x08000140   Section        0  entry11a.o(.ARM.Collect$$$$0000000F)
    .ARM.Collect$$$$00002712                 0x08000140   Section        4  entry2.o(.ARM.Collect$$$$00002712)
    __lit__00000000                          0x08000140   Data           4  entry2.o(.ARM.Collect$$$$00002712)
    .text                                    0x08000144   Section        0  stm32f10x_it.o(.text)
    .text                                    0x080001c8   Section        0  main.o(.text)
    .text                                    0x08000aa8   Section        0  lcd.o(.text)
    .text                                    0x08001188   Section        0  iic.o(.text)
    .text                                    0x08001470   Section        0  config_gpio_powerout_ssd2828_lowlayerfunction.o(.text)
    .text                                    0x08001bcc   Section        0  t226.o(.text)
    .text                                    0x08002be0   Section        0  v_set_c.o(.text)
    .text                                    0x08003748   Section       36  startup_stm32f10x_xl.o(.text)
    .text                                    0x0800376c   Section        0  system_stm32f10x.o(.text)
    SetSysClockTo72                          0x0800376d   Thumb Code   214  system_stm32f10x.o(.text)
    SetSysClock                              0x08003843   Thumb Code     8  system_stm32f10x.o(.text)
    .text                                    0x0800394c   Section        0  stm32f10x_rcc.o(.text)
    .text                                    0x08003cf0   Section        0  stm32f10x_gpio.o(.text)
    .text                                    0x0800404c   Section        0  misc.o(.text)
    .text                                    0x08004128   Section        0  stm32f10x_exti.o(.text)
    .text                                    0x08004244   Section        0  stm32f10x_usart.o(.text)
    .text                                    0x0800464c   Section        0  stm32f10x_sdio.o(.text)
    .text                                    0x08004820   Section        0  stm32f10x_dma.o(.text)
    .text                                    0x08004a74   Section        0  stm32f10x_flash.o(.text)
    .text                                    0x0800535c   Section        0  tsliic_rev_c.o(.text)
    .text                                    0x08005a84   Section        0  sdcard.o(.text)
    CmdResp1Error                            0x08005c39   Thumb Code   296  sdcard.o(.text)
    SDEnWideBus                              0x0800623f   Thumb Code   548  sdcard.o(.text)
    IsCardProgramming                        0x08006a2d   Thumb Code   364  sdcard.o(.text)
    .text                                    0x080077c0   Section        0  memseta.o(.text)
    .text                                    0x080077e4   Section        0  strcpy.o(.text)
    .text                                    0x080077f6   Section        0  dadd.o(.text)
    .text                                    0x08007944   Section        0  llshl.o(.text)
    .text                                    0x08007962   Section        0  llsshr.o(.text)
    .text                                    0x08007986   Section        0  iusefp.o(.text)
    .text                                    0x08007986   Section        0  depilogue.o(.text)
    .text                                    0x08007a40   Section        0  dmul.o(.text)
    .text                                    0x08007b24   Section        0  ddiv.o(.text)
    .text                                    0x08007c02   Section        0  dscalb.o(.text)
    .text                                    0x08007c30   Section        0  dflti.o(.text)
    .text                                    0x08007c54   Section       48  cdrcmple.o(.text)
    .text                                    0x08007c84   Section       36  init.o(.text)
    .text                                    0x08007ca8   Section        0  llushr.o(.text)
    .text                                    0x08007cc8   Section        0  dsqrt.o(.text)
    i.Allcolor                               0x08007d6c   Section        0  lib.o(i.Allcolor)
    i.ShowTxt                                0x08007dbc   Section        0  lib.o(i.ShowTxt)
    i.__ARM_fpclassify                       0x08007e30   Section        0  fpclassify.o(i.__ARM_fpclassify)
    i.__kernel_poly                          0x08007e58   Section        0  poly.o(i.__kernel_poly)
    i.__mathlib_dbl_divzero                  0x08007f04   Section        0  dunder.o(i.__mathlib_dbl_divzero)
    i.__mathlib_dbl_infnan2                  0x08007f14   Section        0  dunder.o(i.__mathlib_dbl_infnan2)
    i.__mathlib_dbl_invalid                  0x08007f18   Section        0  dunder.o(i.__mathlib_dbl_invalid)
    i.__mathlib_dbl_overflow                 0x08007f24   Section        0  dunder.o(i.__mathlib_dbl_overflow)
    i.__mathlib_dbl_underflow                0x08007f34   Section        0  dunder.o(i.__mathlib_dbl_underflow)
    i.__scatterload_copy                     0x08007f44   Section       14  handlers.o(i.__scatterload_copy)
    i.__scatterload_null                     0x08007f52   Section        2  handlers.o(i.__scatterload_null)
    i.__scatterload_zeroinit                 0x08007f54   Section       14  handlers.o(i.__scatterload_zeroinit)
    i.__set_errno                            0x08007f64   Section        0  errno.o(i.__set_errno)
    i.comsend                                0x08007f70   Section        0  lib.o(i.comsend)
    i.num2HEXchar                            0x08007f9c   Section        0  lib.o(i.num2HEXchar)
    i.pow                                    0x08007fdc   Section        0  pow.o(i.pow)
    i.showbmp                                0x080089b4   Section        0  lib.o(i.showbmp)
    i.sqrt                                   0x08008a4c   Section        0  sqrt.o(i.sqrt)
    .constdata                               0x08008a98   Section      136  pow.o(.constdata)
    bp                                       0x08008a98   Data          16  pow.o(.constdata)
    dp_h                                     0x08008aa8   Data          16  pow.o(.constdata)
    dp_l                                     0x08008ab8   Data          16  pow.o(.constdata)
    L                                        0x08008ac8   Data          48  pow.o(.constdata)
    P                                        0x08008af8   Data          40  pow.o(.constdata)
    .constdata                               0x08008b20   Section        8  qnan.o(.constdata)
    .data                                    0x20000000   Section        7  stm32f10x_it.o(.data)
    .data                                    0x20000008   Section       48  main.o(.data)
    TimingDelay                              0x20000010   Data           4  main.o(.data)
    .data                                    0x20000038   Section       59  lcd.o(.data)
    .data                                    0x20000074   Section       24  t226.o(.data)
    .data                                    0x2000008c   Section       20  system_stm32f10x.o(.data)
    .data                                    0x200000a0   Section       20  stm32f10x_rcc.o(.data)
    APBAHBPrescTable                         0x200000a0   Data          16  stm32f10x_rcc.o(.data)
    ADCPrescTable                            0x200000b0   Data           4  stm32f10x_rcc.o(.data)
    .data                                    0x200000b4   Section        4  tsliic_rev_c.o(.data)
    .data                                    0x200000b8   Section       40  sdcard.o(.data)
    CardType                                 0x200000bc   Data           4  sdcard.o(.data)
    RCA                                      0x200000c0   Data           4  sdcard.o(.data)
    DeviceMode                               0x200000c4   Data           4  sdcard.o(.data)
    TotalNumberOfBytes                       0x200000c8   Data           4  sdcard.o(.data)
    StopCondition                            0x200000cc   Data           4  sdcard.o(.data)
    .data                                    0x200000e0   Section        4  errno.o(.data)
    _errno                                   0x200000e0   Data           4  errno.o(.data)
    .bss                                     0x200000e4   Section      127  stm32f10x_it.o(.bss)
    .bss                                     0x20000164   Section       80  main.o(.bss)
    .bss                                     0x200001b4   Section      310  lcd.o(.bss)
    .bss                                     0x20000300   Section      100  sdcard.o(.bss)
    CSD_Tab                                  0x20000300   Data          16  sdcard.o(.bss)
    CID_Tab                                  0x20000310   Data          16  sdcard.o(.bss)
    STACK                                    0x20000368   Section     1024  startup_stm32f10x_xl.o(STACK)

    Global Symbols

    Symbol Name                              Value     Ov Type        Size  Object(Section)

    BuildAttributes$$THM_ISAv4$P$D$K$B$S$PE$A:L22UL41UL21$X:L11$S22US41US21$IEEE1$IW$USESV6$~STKCKD$USESV7$~SHL$OTIME$ROPI$IEEEX$EBA8$MICROLIB$REQ8$PRES8$EABIv2 0x00000000   Number         0  anon$$obj.o ABSOLUTE
    __ARM_use_no_argv                        0x00000000   Number         0  main.o ABSOLUTE
    __cpp_initialize__aeabi_                  - Undefined Weak Reference
    __cxa_finalize                            - Undefined Weak Reference
    __decompress                              - Undefined Weak Reference
    _clock_init                               - Undefined Weak Reference
    _microlib_exit                            - Undefined Weak Reference
    __Vectors_Size                           0x00000130   Number         0  startup_stm32f10x_xl.o ABSOLUTE
    __Vectors                                0x08000000   Data           4  startup_stm32f10x_xl.o(RESET)
    __Vectors_End                            0x08000130   Data           0  startup_stm32f10x_xl.o(RESET)
    __main                                   0x08000131   Thumb Code     0  entry.o(.ARM.Collect$$$$00000000)
    _main_stk                                0x08000131   Thumb Code     0  entry2.o(.ARM.Collect$$$$00000001)
    _main_scatterload                        0x08000135   Thumb Code     0  entry5.o(.ARM.Collect$$$$00000004)
    __main_after_scatterload                 0x08000139   Thumb Code     0  entry5.o(.ARM.Collect$$$$00000004)
    _main_clock                              0x08000139   Thumb Code     0  entry7b.o(.ARM.Collect$$$$00000008)
    _main_cpp_init                           0x08000139   Thumb Code     0  entry8b.o(.ARM.Collect$$$$0000000A)
    _main_init                               0x08000139   Thumb Code     0  entry9a.o(.ARM.Collect$$$$0000000B)
    __rt_final_cpp                           0x08000141   Thumb Code     0  entry10a.o(.ARM.Collect$$$$0000000D)
    __rt_final_exit                          0x08000141   Thumb Code     0  entry11a.o(.ARM.Collect$$$$0000000F)
    NMI_Handler                              0x08000145   Thumb Code     2  stm32f10x_it.o(.text)
    HardFault_Handler                        0x08000147   Thumb Code     4  stm32f10x_it.o(.text)
    MemManage_Handler                        0x0800014b   Thumb Code     4  stm32f10x_it.o(.text)
    BusFault_Handler                         0x0800014f   Thumb Code     4  stm32f10x_it.o(.text)
    UsageFault_Handler                       0x08000153   Thumb Code     4  stm32f10x_it.o(.text)
    SVC_Handler                              0x08000157   Thumb Code     2  stm32f10x_it.o(.text)
    DebugMon_Handler                         0x08000159   Thumb Code     2  stm32f10x_it.o(.text)
    PendSV_Handler                           0x0800015b   Thumb Code     2  stm32f10x_it.o(.text)
    SysTick_Handler                          0x0800015d   Thumb Code    18  stm32f10x_it.o(.text)
    EXTI15_10_IRQHandler                     0x0800016f   Thumb Code     2  stm32f10x_it.o(.text)
    USART1_IRQHandler                        0x08000171   Thumb Code    62  stm32f10x_it.o(.text)
    DelayMs                                  0x080001c9   Thumb Code    78  main.o(.text)
    ShowData                                 0x08000217   Thumb Code   164  main.o(.text)
    IDD_IOIDD_show                           0x080002bb   Thumb Code   152  main.o(.text)
    PassKey                                  0x08000353   Thumb Code   442  main.o(.text)
    Delay                                    0x0800050d   Thumb Code    18  main.o(.text)
    NVIC_Configuration                       0x0800051f   Thumb Code    68  main.o(.text)
    RCC_Configuration                        0x08000563   Thumb Code   144  main.o(.text)
    SYSinitialize                            0x080005f3   Thumb Code   264  main.o(.text)
    main                                     0x080006fb   Thumb Code   368  main.o(.text)
    ShowData_hex                             0x0800086b   Thumb Code   252  main.o(.text)
    SD_InitAndConfig                         0x08000967   Thumb Code   120  main.o(.text)
    fputc                                    0x080009df   Thumb Code    32  main.o(.text)
    EXTI0_IRQHandler                         0x080009ff   Thumb Code   116  main.o(.text)
    VCOM_set                                 0x08000aa9   Thumb Code     2  lcd.o(.text)
    ID_set                                   0x08000aab   Thumb Code     2  lcd.o(.text)
    PG_inition_lcd                           0x08000aad   Thumb Code     2  lcd.o(.text)
    Forward_scan                             0x08000aaf   Thumb Code     2  lcd.o(.text)
    Backward_scan                            0x08000ab1   Thumb Code     2  lcd.o(.text)
    MTP                                      0x08000ab3   Thumb Code     2  lcd.o(.text)
    MTP_ID                                   0x08000ab5   Thumb Code     2  lcd.o(.text)
    STM_MINI_SET                             0x08000ab7   Thumb Code   170  lcd.o(.text)
    STM32_Init_SSD2828                       0x08000b61   Thumb Code   144  lcd.o(.text)
    SSD2828_VIDEO_MODE_HS                    0x08000bf1   Thumb Code    24  lcd.o(.text)
    SSD2828_ENTER_LP_mode                    0x08000c09   Thumb Code    24  lcd.o(.text)
    SSD2828_ENTER_READ_LCDIC_mode            0x08000c21   Thumb Code    24  lcd.o(.text)
    MDelay                                   0x08000c39   Thumb Code    28  lcd.o(.text)
    TC358768_DCS_write_1A_1P                 0x08000c55   Thumb Code    44  lcd.o(.text)
    READ_IC                                  0x08000c81   Thumb Code   210  lcd.o(.text)
    MIPI_Protocol_Write                      0x08000d53   Thumb Code    56  lcd.o(.text)
    MIPI_SPI_Write                           0x08000d8b   Thumb Code    68  lcd.o(.text)
    READ_IC_A                                0x08000dcf   Thumb Code   284  lcd.o(.text)
    TC358768_DCS_write_1A_0P                 0x08000eeb   Thumb Code    30  lcd.o(.text)
    SSD2828_101FD05                          0x08000f09   Thumb Code    28  lcd.o(.text)
    SEND_IC_REG_OnlyFor045LF                 0x08000f25   Thumb Code    36  lcd.o(.text)
    SEND_DATA_OnlyFor045LF                   0x08000f49   Thumb Code    52  lcd.o(.text)
    SSD2828_MIPI_MODE_CHANGE_OnlyFor045LF    0x08000f7d   Thumb Code    76  lcd.o(.text)
    enter_sleep_mode                         0x08000fc9   Thumb Code    56  lcd.o(.text)
    exit_sleep_mode                          0x08001001   Thumb Code     8  lcd.o(.text)
    reset_lcd                                0x08001009   Thumb Code     8  lcd.o(.text)
    BEEP_ON                                  0x08001011   Thumb Code    18  lcd.o(.text)
    BEEP_OFF                                 0x08001023   Thumb Code    18  lcd.o(.text)
    BEEP_Dudu                                0x08001035   Thumb Code    80  lcd.o(.text)
    BEEP_BIBI                                0x08001085   Thumb Code    80  lcd.o(.text)
    BEEP_XiXi                                0x080010d5   Thumb Code    48  lcd.o(.text)
    BEEP_HuHu                                0x08001105   Thumb Code    48  lcd.o(.text)
    BACK_LIGHT_OFF                           0x08001135   Thumb Code    54  lcd.o(.text)
    BACK_LIGHT_ON                            0x0800116b   Thumb Code    12  lcd.o(.text)
    IICTWait                                 0x08001189   Thumb Code    40  iic.o(.text)
    EEPROM_GPIO_Config                       0x080011b1   Thumb Code    72  iic.o(.text)
    PIN_SDA1_IICFLOAT                        0x080011f9   Thumb Code    24  iic.o(.text)
    PIN_SDA1_IICOUTPUT                       0x08001211   Thumb Code    30  iic.o(.text)
    IICStart                                 0x0800122f   Thumb Code    52  iic.o(.text)
    IICStop                                  0x08001263   Thumb Code    62  iic.o(.text)
    IICSendTAck                              0x080012a1   Thumb Code    54  iic.o(.text)
    IICTestTAck                              0x080012d7   Thumb Code    58  iic.o(.text)
    IICSentByte                              0x08001311   Thumb Code    78  iic.o(.text)
    IICReceiveByte                           0x0800135f   Thumb Code    74  iic.o(.text)
    EEPROMBYTE_Write                         0x080013a9   Thumb Code    90  iic.o(.text)
    EEPROMBYTE_Read                          0x08001403   Thumb Code    96  iic.o(.text)
    READ_SSD2828_onebyte                     0x08001471   Thumb Code   378  config_gpio_powerout_ssd2828_lowlayerfunction.o(.text)
    SSD2825_READ_AnyByte                     0x080015eb   Thumb Code   292  config_gpio_powerout_ssd2828_lowlayerfunction.o(.text)
    STM32TOSSD2828_W_COM                     0x0800170f   Thumb Code   132  config_gpio_powerout_ssd2828_lowlayerfunction.o(.text)
    STM32TOSSD2828_W_DATA_16BITS             0x08001793   Thumb Code   266  config_gpio_powerout_ssd2828_lowlayerfunction.o(.text)
    STM32TOSSD2828_W_DATA_8BITS              0x0800189d   Thumb Code   134  config_gpio_powerout_ssd2828_lowlayerfunction.o(.text)
    V3ADJ_SET                                0x08001923   Thumb Code     2  config_gpio_powerout_ssd2828_lowlayerfunction.o(.text)
    LCD_CtrlLinesConfig                      0x08001925   Thumb Code   194  config_gpio_powerout_ssd2828_lowlayerfunction.o(.text)
    EXTI_Configuration                       0x080019e7   Thumb Code    46  config_gpio_powerout_ssd2828_lowlayerfunction.o(.text)
    KEYGPIO_Init                             0x08001a15   Thumb Code    94  config_gpio_powerout_ssd2828_lowlayerfunction.o(.text)
    DelayKEY                                 0x08001a73   Thumb Code    74  config_gpio_powerout_ssd2828_lowlayerfunction.o(.text)
    USART_REMAP_GPIO_Configuration           0x08001abd   Thumb Code   124  config_gpio_powerout_ssd2828_lowlayerfunction.o(.text)
    USART_GPIO_Configuration                 0x08001b39   Thumb Code   124  config_gpio_powerout_ssd2828_lowlayerfunction.o(.text)
    T226_GPIO_Config                         0x08001bcd   Thumb Code    72  t226.o(.text)
    T226_I2CSDASetInput                      0x08001c15   Thumb Code    24  t226.o(.text)
    T226_I2CSDASetOutput                     0x08001c2d   Thumb Code    30  t226.o(.text)
    T226_I2CStart                            0x08001c4b   Thumb Code    48  t226.o(.text)
    T226_I2CStop                             0x08001c7b   Thumb Code    48  t226.o(.text)
    T226_I2CSendByte                         0x08001cab   Thumb Code   126  t226.o(.text)
    T226_I2CReciveByte                       0x08001d29   Thumb Code   120  t226.o(.text)
    T226_I2CTest                             0x08001da1   Thumb Code     4  t226.o(.text)
    T226_I2CSend                             0x08001da5   Thumb Code    86  t226.o(.text)
    T226_I2CReceive                          0x08001dfb   Thumb Code   110  t226.o(.text)
    M9_BUS_VOLTAGE                           0x08001e69   Thumb Code    52  t226.o(.text)
    M12_BUS_VOLTAGE                          0x08001e9d   Thumb Code    52  t226.o(.text)
    T226_intion                              0x08001ed1   Thumb Code   192  t226.o(.text)
    Measure_IDD_once                         0x08001f91   Thumb Code   170  t226.o(.text)
    Measure_IDD_for_start                    0x0800203b   Thumb Code   148  t226.o(.text)
    Measure_IDD                              0x080020cf   Thumb Code   170  t226.o(.text)
    Measure_IDDIO_once                       0x08002179   Thumb Code   134  t226.o(.text)
    Measure_IDDIO                            0x080021ff   Thumb Code   160  t226.o(.text)
    PA910SPISendValueofCurrent               0x0800229f   Thumb Code   666  t226.o(.text)
    USART_SEND_DEC                           0x08002539   Thumb Code   160  t226.o(.text)
    AUTO_CALIBRATION                         0x080025d9   Thumb Code  1090  t226.o(.text)
    RESTORE_CALIBRATION                      0x08002a1b   Thumb Code   120  t226.o(.text)
    STORE_CALIBRATION                        0x08002a93   Thumb Code   138  t226.o(.text)
    GET_PRESENT                              0x08002b1d   Thumb Code    54  t226.o(.text)
    AD5274_5271_GPIO_Config                  0x08002be1   Thumb Code   128  v_set_c.o(.text)
    AD5274_5271_I2CSDASetInput               0x08002c61   Thumb Code    26  v_set_c.o(.text)
    AD5274_5271_I2CSDASetOutput              0x08002c7b   Thumb Code    32  v_set_c.o(.text)
    AD5274_5271_I2CStart                     0x08002c9b   Thumb Code    56  v_set_c.o(.text)
    AD5274_5271_I2CStop                      0x08002cd3   Thumb Code    56  v_set_c.o(.text)
    AD5274_5271_I2CSendByte                  0x08002d0b   Thumb Code   140  v_set_c.o(.text)
    AD5274_5271_I2CReciveByte                0x08002d97   Thumb Code   134  v_set_c.o(.text)
    AD5274_5271_I2CTest                      0x08002e1d   Thumb Code     4  v_set_c.o(.text)
    AD5274_5271_I2CSend                      0x08002e21   Thumb Code   100  v_set_c.o(.text)
    AD5274_5271_I2CReceive                   0x08002e85   Thumb Code   142  v_set_c.o(.text)
    P557_GPIO_Config                         0x08002f13   Thumb Code    72  v_set_c.o(.text)
    P557_I2CSDASetInput                      0x08002f5b   Thumb Code    24  v_set_c.o(.text)
    P557_I2CSDASetOutput                     0x08002f73   Thumb Code    30  v_set_c.o(.text)
    P557_I2CStart                            0x08002f91   Thumb Code    52  v_set_c.o(.text)
    P557_I2CStop                             0x08002fc5   Thumb Code    66  v_set_c.o(.text)
    P557_I2CSendByte                         0x08003007   Thumb Code   134  v_set_c.o(.text)
    P557_I2CReciveByte                       0x0800308d   Thumb Code   128  v_set_c.o(.text)
    P557_I2CTest                             0x0800310d   Thumb Code     4  v_set_c.o(.text)
    P557_I2CSend                             0x08003111   Thumb Code    86  v_set_c.o(.text)
    P557_I2CReceive                          0x08003167   Thumb Code   114  v_set_c.o(.text)
    P557_M1_I2CSDASetInput                   0x080031d9   Thumb Code    24  v_set_c.o(.text)
    P557_M1_I2CSDASetOutput                  0x080031f1   Thumb Code    30  v_set_c.o(.text)
    P557_M1_I2CStart                         0x0800320f   Thumb Code    48  v_set_c.o(.text)
    P557_M1_I2CStop                          0x0800323f   Thumb Code    48  v_set_c.o(.text)
    P557_M1_I2CSendByte                      0x0800326f   Thumb Code   126  v_set_c.o(.text)
    P557_M1_I2CReciveByte                    0x080032ed   Thumb Code   120  v_set_c.o(.text)
    P557_M1_I2CTest                          0x08003365   Thumb Code     4  v_set_c.o(.text)
    P557_M1_I2CSend                          0x08003369   Thumb Code    86  v_set_c.o(.text)
    P557_M1_I2CReceive                       0x080033bf   Thumb Code   126  v_set_c.o(.text)
    VDD_ADJ_SET                              0x0800343d   Thumb Code   168  v_set_c.o(.text)
    VDD_ADJ_EN                               0x080034e5   Thumb Code   180  v_set_c.o(.text)
    VDDIO_ADJ_SET                            0x08003599   Thumb Code   192  v_set_c.o(.text)
    VOTP_ADJ_SET                             0x08003659   Thumb Code   218  v_set_c.o(.text)
    Reset_Handler                            0x08003749   Thumb Code     8  startup_stm32f10x_xl.o(.text)
    ADC1_2_IRQHandler                        0x08003763   Thumb Code     0  startup_stm32f10x_xl.o(.text)
    ADC3_IRQHandler                          0x08003763   Thumb Code     0  startup_stm32f10x_xl.o(.text)
    CAN1_RX1_IRQHandler                      0x08003763   Thumb Code     0  startup_stm32f10x_xl.o(.text)
    CAN1_SCE_IRQHandler                      0x08003763   Thumb Code     0  startup_stm32f10x_xl.o(.text)
    DMA1_Channel1_IRQHandler                 0x08003763   Thumb Code     0  startup_stm32f10x_xl.o(.text)
    DMA1_Channel2_IRQHandler                 0x08003763   Thumb Code     0  startup_stm32f10x_xl.o(.text)
    DMA1_Channel3_IRQHandler                 0x08003763   Thumb Code     0  startup_stm32f10x_xl.o(.text)
    DMA1_Channel4_IRQHandler                 0x08003763   Thumb Code     0  startup_stm32f10x_xl.o(.text)
    DMA1_Channel5_IRQHandler                 0x08003763   Thumb Code     0  startup_stm32f10x_xl.o(.text)
    DMA1_Channel6_IRQHandler                 0x08003763   Thumb Code     0  startup_stm32f10x_xl.o(.text)
    DMA1_Channel7_IRQHandler                 0x08003763   Thumb Code     0  startup_stm32f10x_xl.o(.text)
    DMA2_Channel1_IRQHandler                 0x08003763   Thumb Code     0  startup_stm32f10x_xl.o(.text)
    DMA2_Channel2_IRQHandler                 0x08003763   Thumb Code     0  startup_stm32f10x_xl.o(.text)
    DMA2_Channel3_IRQHandler                 0x08003763   Thumb Code     0  startup_stm32f10x_xl.o(.text)
    DMA2_Channel4_5_IRQHandler               0x08003763   Thumb Code     0  startup_stm32f10x_xl.o(.text)
    EXTI1_IRQHandler                         0x08003763   Thumb Code     0  startup_stm32f10x_xl.o(.text)
    EXTI2_IRQHandler                         0x08003763   Thumb Code     0  startup_stm32f10x_xl.o(.text)
    EXTI3_IRQHandler                         0x08003763   Thumb Code     0  startup_stm32f10x_xl.o(.text)
    EXTI4_IRQHandler                         0x08003763   Thumb Code     0  startup_stm32f10x_xl.o(.text)
    EXTI9_5_IRQHandler                       0x08003763   Thumb Code     0  startup_stm32f10x_xl.o(.text)
    FLASH_IRQHandler                         0x08003763   Thumb Code     0  startup_stm32f10x_xl.o(.text)
    FSMC_IRQHandler                          0x08003763   Thumb Code     0  startup_stm32f10x_xl.o(.text)
    I2C1_ER_IRQHandler                       0x08003763   Thumb Code     0  startup_stm32f10x_xl.o(.text)
    I2C1_EV_IRQHandler                       0x08003763   Thumb Code     0  startup_stm32f10x_xl.o(.text)
    I2C2_ER_IRQHandler                       0x08003763   Thumb Code     0  startup_stm32f10x_xl.o(.text)
    I2C2_EV_IRQHandler                       0x08003763   Thumb Code     0  startup_stm32f10x_xl.o(.text)
    PVD_IRQHandler                           0x08003763   Thumb Code     0  startup_stm32f10x_xl.o(.text)
    RCC_IRQHandler                           0x08003763   Thumb Code     0  startup_stm32f10x_xl.o(.text)
    RTCAlarm_IRQHandler                      0x08003763   Thumb Code     0  startup_stm32f10x_xl.o(.text)
    RTC_IRQHandler                           0x08003763   Thumb Code     0  startup_stm32f10x_xl.o(.text)
    SDIO_IRQHandler                          0x08003763   Thumb Code     0  startup_stm32f10x_xl.o(.text)
    SPI1_IRQHandler                          0x08003763   Thumb Code     0  startup_stm32f10x_xl.o(.text)
    SPI2_IRQHandler                          0x08003763   Thumb Code     0  startup_stm32f10x_xl.o(.text)
    SPI3_IRQHandler                          0x08003763   Thumb Code     0  startup_stm32f10x_xl.o(.text)
    TAMPER_IRQHandler                        0x08003763   Thumb Code     0  startup_stm32f10x_xl.o(.text)
    TIM1_BRK_TIM9_IRQHandler                 0x08003763   Thumb Code     0  startup_stm32f10x_xl.o(.text)
    TIM1_CC_IRQHandler                       0x08003763   Thumb Code     0  startup_stm32f10x_xl.o(.text)
    TIM1_TRG_COM_TIM11_IRQHandler            0x08003763   Thumb Code     0  startup_stm32f10x_xl.o(.text)
    TIM1_UP_TIM10_IRQHandler                 0x08003763   Thumb Code     0  startup_stm32f10x_xl.o(.text)
    TIM2_IRQHandler                          0x08003763   Thumb Code     0  startup_stm32f10x_xl.o(.text)
    TIM3_IRQHandler                          0x08003763   Thumb Code     0  startup_stm32f10x_xl.o(.text)
    TIM4_IRQHandler                          0x08003763   Thumb Code     0  startup_stm32f10x_xl.o(.text)
    TIM5_IRQHandler                          0x08003763   Thumb Code     0  startup_stm32f10x_xl.o(.text)
    TIM6_IRQHandler                          0x08003763   Thumb Code     0  startup_stm32f10x_xl.o(.text)
    TIM7_IRQHandler                          0x08003763   Thumb Code     0  startup_stm32f10x_xl.o(.text)
    TIM8_BRK_TIM12_IRQHandler                0x08003763   Thumb Code     0  startup_stm32f10x_xl.o(.text)
    TIM8_CC_IRQHandler                       0x08003763   Thumb Code     0  startup_stm32f10x_xl.o(.text)
    TIM8_TRG_COM_TIM14_IRQHandler            0x08003763   Thumb Code     0  startup_stm32f10x_xl.o(.text)
    TIM8_UP_TIM13_IRQHandler                 0x08003763   Thumb Code     0  startup_stm32f10x_xl.o(.text)
    UART4_IRQHandler                         0x08003763   Thumb Code     0  startup_stm32f10x_xl.o(.text)
    UART5_IRQHandler                         0x08003763   Thumb Code     0  startup_stm32f10x_xl.o(.text)
    USART2_IRQHandler                        0x08003763   Thumb Code     0  startup_stm32f10x_xl.o(.text)
    USART3_IRQHandler                        0x08003763   Thumb Code     0  startup_stm32f10x_xl.o(.text)
    USBWakeUp_IRQHandler                     0x08003763   Thumb Code     0  startup_stm32f10x_xl.o(.text)
    USB_HP_CAN1_TX_IRQHandler                0x08003763   Thumb Code     0  startup_stm32f10x_xl.o(.text)
    USB_LP_CAN1_RX0_IRQHandler               0x08003763   Thumb Code     0  startup_stm32f10x_xl.o(.text)
    WWDG_IRQHandler                          0x08003763   Thumb Code     0  startup_stm32f10x_xl.o(.text)
    SystemInit                               0x0800384b   Thumb Code    78  system_stm32f10x.o(.text)
    SystemCoreClockUpdate                    0x08003899   Thumb Code   142  system_stm32f10x.o(.text)
    RCC_DeInit                               0x0800394d   Thumb Code    64  stm32f10x_rcc.o(.text)
    RCC_HSEConfig                            0x0800398d   Thumb Code    70  stm32f10x_rcc.o(.text)
    RCC_GetFlagStatus                        0x080039d3   Thumb Code    56  stm32f10x_rcc.o(.text)
    RCC_WaitForHSEStartUp                    0x08003a0b   Thumb Code    56  stm32f10x_rcc.o(.text)
    RCC_AdjustHSICalibrationValue            0x08003a43   Thumb Code    20  stm32f10x_rcc.o(.text)
    RCC_HSICmd                               0x08003a57   Thumb Code     6  stm32f10x_rcc.o(.text)
    RCC_PLLConfig                            0x08003a5d   Thumb Code    24  stm32f10x_rcc.o(.text)
    RCC_PLLCmd                               0x08003a75   Thumb Code     6  stm32f10x_rcc.o(.text)
    RCC_SYSCLKConfig                         0x08003a7b   Thumb Code    18  stm32f10x_rcc.o(.text)
    RCC_GetSYSCLKSource                      0x08003a8d   Thumb Code    10  stm32f10x_rcc.o(.text)
    RCC_HCLKConfig                           0x08003a97   Thumb Code    18  stm32f10x_rcc.o(.text)
    RCC_PCLK1Config                          0x08003aa9   Thumb Code    18  stm32f10x_rcc.o(.text)
    RCC_PCLK2Config                          0x08003abb   Thumb Code    20  stm32f10x_rcc.o(.text)
    RCC_ITConfig                             0x08003acf   Thumb Code    26  stm32f10x_rcc.o(.text)
    RCC_USBCLKConfig                         0x08003ae9   Thumb Code     8  stm32f10x_rcc.o(.text)
    RCC_ADCCLKConfig                         0x08003af1   Thumb Code    18  stm32f10x_rcc.o(.text)
    RCC_LSEConfig                            0x08003b03   Thumb Code    50  stm32f10x_rcc.o(.text)
    RCC_LSICmd                               0x08003b35   Thumb Code     6  stm32f10x_rcc.o(.text)
    RCC_RTCCLKConfig                         0x08003b3b   Thumb Code    12  stm32f10x_rcc.o(.text)
    RCC_RTCCLKCmd                            0x08003b47   Thumb Code     8  stm32f10x_rcc.o(.text)
    RCC_GetClocksFreq                        0x08003b4f   Thumb Code   192  stm32f10x_rcc.o(.text)
    RCC_AHBPeriphClockCmd                    0x08003c0f   Thumb Code    26  stm32f10x_rcc.o(.text)
    RCC_APB2PeriphClockCmd                   0x08003c29   Thumb Code    26  stm32f10x_rcc.o(.text)
    RCC_APB1PeriphClockCmd                   0x08003c43   Thumb Code    26  stm32f10x_rcc.o(.text)
    RCC_APB2PeriphResetCmd                   0x08003c5d   Thumb Code    26  stm32f10x_rcc.o(.text)
    RCC_APB1PeriphResetCmd                   0x08003c77   Thumb Code    26  stm32f10x_rcc.o(.text)
    RCC_BackupResetCmd                       0x08003c91   Thumb Code     8  stm32f10x_rcc.o(.text)
    RCC_ClockSecuritySystemCmd               0x08003c99   Thumb Code     6  stm32f10x_rcc.o(.text)
    RCC_MCOConfig                            0x08003c9f   Thumb Code     6  stm32f10x_rcc.o(.text)
    RCC_ClearFlag                            0x08003ca5   Thumb Code    14  stm32f10x_rcc.o(.text)
    RCC_GetITStatus                          0x08003cb3   Thumb Code    20  stm32f10x_rcc.o(.text)
    RCC_ClearITPendingBit                    0x08003cc7   Thumb Code     6  stm32f10x_rcc.o(.text)
    GPIO_DeInit                              0x08003cf1   Thumb Code   172  stm32f10x_gpio.o(.text)
    GPIO_AFIODeInit                          0x08003d9d   Thumb Code    20  stm32f10x_gpio.o(.text)
    GPIO_Init                                0x08003db1   Thumb Code   278  stm32f10x_gpio.o(.text)
    GPIO_StructInit                          0x08003ec7   Thumb Code    16  stm32f10x_gpio.o(.text)
    GPIO_ReadInputDataBit                    0x08003ed7   Thumb Code    18  stm32f10x_gpio.o(.text)
    GPIO_ReadInputData                       0x08003ee9   Thumb Code     8  stm32f10x_gpio.o(.text)
    GPIO_ReadOutputDataBit                   0x08003ef1   Thumb Code    18  stm32f10x_gpio.o(.text)
    GPIO_ReadOutputData                      0x08003f03   Thumb Code     8  stm32f10x_gpio.o(.text)
    GPIO_SetBits                             0x08003f0b   Thumb Code     4  stm32f10x_gpio.o(.text)
    GPIO_ResetBits                           0x08003f0f   Thumb Code     4  stm32f10x_gpio.o(.text)
    GPIO_WriteBit                            0x08003f13   Thumb Code    10  stm32f10x_gpio.o(.text)
    GPIO_Write                               0x08003f1d   Thumb Code     4  stm32f10x_gpio.o(.text)
    GPIO_PinLockConfig                       0x08003f21   Thumb Code    18  stm32f10x_gpio.o(.text)
    GPIO_EventOutputConfig                   0x08003f33   Thumb Code    26  stm32f10x_gpio.o(.text)
    GPIO_EventOutputCmd                      0x08003f4d   Thumb Code     6  stm32f10x_gpio.o(.text)
    GPIO_PinRemapConfig                      0x08003f53   Thumb Code   138  stm32f10x_gpio.o(.text)
    GPIO_EXTILineConfig                      0x08003fdd   Thumb Code    66  stm32f10x_gpio.o(.text)
    GPIO_ETH_MediaInterfaceConfig            0x0800401f   Thumb Code     8  stm32f10x_gpio.o(.text)
    NVIC_PriorityGroupConfig                 0x0800404d   Thumb Code    10  misc.o(.text)
    NVIC_Init                                0x08004057   Thumb Code   100  misc.o(.text)
    NVIC_SetVectorTable                      0x080040bb   Thumb Code    14  misc.o(.text)
    NVIC_SystemLPConfig                      0x080040c9   Thumb Code    34  misc.o(.text)
    SysTick_CLKSourceConfig                  0x080040eb   Thumb Code    40  misc.o(.text)
    EXTI_DeInit                              0x08004129   Thumb Code    28  stm32f10x_exti.o(.text)
    EXTI_Init                                0x08004145   Thumb Code   142  stm32f10x_exti.o(.text)
    EXTI_StructInit                          0x080041d3   Thumb Code    16  stm32f10x_exti.o(.text)
    EXTI_GenerateSWInterrupt                 0x080041e3   Thumb Code    16  stm32f10x_exti.o(.text)
    EXTI_GetFlagStatus                       0x080041f3   Thumb Code    22  stm32f10x_exti.o(.text)
    EXTI_ClearFlag                           0x08004209   Thumb Code     8  stm32f10x_exti.o(.text)
    EXTI_GetITStatus                         0x08004211   Thumb Code    34  stm32f10x_exti.o(.text)
    EXTI_ClearITPendingBit                   0x08004233   Thumb Code     8  stm32f10x_exti.o(.text)
    USART_DeInit                             0x08004245   Thumb Code   134  stm32f10x_usart.o(.text)
    USART_Init                               0x080042cb   Thumb Code   210  stm32f10x_usart.o(.text)
    USART_StructInit                         0x0800439d   Thumb Code    24  stm32f10x_usart.o(.text)
    USART_ClockInit                          0x080043b5   Thumb Code    34  stm32f10x_usart.o(.text)
    USART_ClockStructInit                    0x080043d7   Thumb Code    12  stm32f10x_usart.o(.text)
    USART_Cmd                                0x080043e3   Thumb Code    24  stm32f10x_usart.o(.text)
    USART_ITConfig                           0x080043fb   Thumb Code    74  stm32f10x_usart.o(.text)
    USART_DMACmd                             0x08004445   Thumb Code    18  stm32f10x_usart.o(.text)
    USART_SetAddress                         0x08004457   Thumb Code    18  stm32f10x_usart.o(.text)
    USART_WakeUpConfig                       0x08004469   Thumb Code    18  stm32f10x_usart.o(.text)
    USART_ReceiverWakeUpCmd                  0x0800447b   Thumb Code    24  stm32f10x_usart.o(.text)
    USART_LINBreakDetectLengthConfig         0x08004493   Thumb Code    18  stm32f10x_usart.o(.text)
    USART_LINCmd                             0x080044a5   Thumb Code    24  stm32f10x_usart.o(.text)
    USART_SendData                           0x080044bd   Thumb Code     8  stm32f10x_usart.o(.text)
    USART_ReceiveData                        0x080044c5   Thumb Code    10  stm32f10x_usart.o(.text)
    USART_SendBreak                          0x080044cf   Thumb Code    10  stm32f10x_usart.o(.text)
    USART_SetGuardTime                       0x080044d9   Thumb Code    16  stm32f10x_usart.o(.text)
    USART_SetPrescaler                       0x080044e9   Thumb Code    16  stm32f10x_usart.o(.text)
    USART_SmartCardCmd                       0x080044f9   Thumb Code    24  stm32f10x_usart.o(.text)
    USART_SmartCardNACKCmd                   0x08004511   Thumb Code    24  stm32f10x_usart.o(.text)
    USART_HalfDuplexCmd                      0x08004529   Thumb Code    24  stm32f10x_usart.o(.text)
    USART_OverSampling8Cmd                   0x08004541   Thumb Code    22  stm32f10x_usart.o(.text)
    USART_OneBitMethodCmd                    0x08004557   Thumb Code    24  stm32f10x_usart.o(.text)
    USART_IrDAConfig                         0x0800456f   Thumb Code    18  stm32f10x_usart.o(.text)
    USART_IrDACmd                            0x08004581   Thumb Code    24  stm32f10x_usart.o(.text)
    USART_GetFlagStatus                      0x08004599   Thumb Code    26  stm32f10x_usart.o(.text)
    USART_ClearFlag                          0x080045b3   Thumb Code    18  stm32f10x_usart.o(.text)
    USART_GetITStatus                        0x080045c5   Thumb Code    84  stm32f10x_usart.o(.text)
    USART_ClearITPendingBit                  0x08004619   Thumb Code    52  stm32f10x_usart.o(.text)
    SDIO_DeInit                              0x0800464d   Thumb Code    28  stm32f10x_sdio.o(.text)
    SDIO_Init                                0x08004669   Thumb Code    42  stm32f10x_sdio.o(.text)
    SDIO_StructInit                          0x08004693   Thumb Code    16  stm32f10x_sdio.o(.text)
    SDIO_ClockCmd                            0x080046a3   Thumb Code     6  stm32f10x_sdio.o(.text)
    SDIO_SetPowerState                       0x080046a9   Thumb Code    22  stm32f10x_sdio.o(.text)
    SDIO_GetPowerState                       0x080046bf   Thumb Code    10  stm32f10x_sdio.o(.text)
    SDIO_ITConfig                            0x080046c9   Thumb Code    26  stm32f10x_sdio.o(.text)
    SDIO_DMACmd                              0x080046e3   Thumb Code     6  stm32f10x_sdio.o(.text)
    SDIO_SendCommand                         0x080046e9   Thumb Code    38  stm32f10x_sdio.o(.text)
    SDIO_CmdStructInit                       0x0800470f   Thumb Code    14  stm32f10x_sdio.o(.text)
    SDIO_GetCommandResponse                  0x0800471d   Thumb Code     8  stm32f10x_sdio.o(.text)
    SDIO_GetResponse                         0x08004725   Thumb Code    22  stm32f10x_sdio.o(.text)
    SDIO_DataConfig                          0x0800473b   Thumb Code    42  stm32f10x_sdio.o(.text)
    SDIO_DataStructInit                      0x08004765   Thumb Code    20  stm32f10x_sdio.o(.text)
    SDIO_GetDataCounter                      0x08004779   Thumb Code     6  stm32f10x_sdio.o(.text)
    SDIO_ReadData                            0x0800477f   Thumb Code     8  stm32f10x_sdio.o(.text)
    SDIO_WriteData                           0x08004787   Thumb Code     8  stm32f10x_sdio.o(.text)
    SDIO_GetFIFOCount                        0x0800478f   Thumb Code     6  stm32f10x_sdio.o(.text)
    SDIO_StartSDIOReadWait                   0x08004795   Thumb Code     8  stm32f10x_sdio.o(.text)
    SDIO_StopSDIOReadWait                    0x0800479d   Thumb Code     8  stm32f10x_sdio.o(.text)
    SDIO_SetSDIOReadWaitMode                 0x080047a5   Thumb Code     8  stm32f10x_sdio.o(.text)
    SDIO_SetSDIOOperation                    0x080047ad   Thumb Code     8  stm32f10x_sdio.o(.text)
    SDIO_SendSDIOSuspendCmd                  0x080047b5   Thumb Code     6  stm32f10x_sdio.o(.text)
    SDIO_CommandCompletionCmd                0x080047bb   Thumb Code     8  stm32f10x_sdio.o(.text)
    SDIO_CEATAITCmd                          0x080047c3   Thumb Code    12  stm32f10x_sdio.o(.text)
    SDIO_SendCEATACmd                        0x080047cf   Thumb Code     8  stm32f10x_sdio.o(.text)
    SDIO_GetFlagStatus                       0x080047d7   Thumb Code    20  stm32f10x_sdio.o(.text)
    SDIO_ClearFlag                           0x080047eb   Thumb Code     6  stm32f10x_sdio.o(.text)
    SDIO_GetITStatus                         0x080047f1   Thumb Code    20  stm32f10x_sdio.o(.text)
    SDIO_ClearITPendingBit                   0x08004805   Thumb Code     6  stm32f10x_sdio.o(.text)
    DMA_DeInit                               0x08004821   Thumb Code   324  stm32f10x_dma.o(.text)
    DMA_Init                                 0x08004965   Thumb Code    60  stm32f10x_dma.o(.text)
    DMA_StructInit                           0x080049a1   Thumb Code    26  stm32f10x_dma.o(.text)
    DMA_Cmd                                  0x080049bb   Thumb Code    24  stm32f10x_dma.o(.text)
    DMA_ITConfig                             0x080049d3   Thumb Code    18  stm32f10x_dma.o(.text)
    DMA_SetCurrDataCounter                   0x080049e5   Thumb Code     4  stm32f10x_dma.o(.text)
    DMA_GetCurrDataCounter                   0x080049e9   Thumb Code     8  stm32f10x_dma.o(.text)
    DMA_GetFlagStatus                        0x080049f1   Thumb Code    40  stm32f10x_dma.o(.text)
    DMA_ClearFlag                            0x08004a19   Thumb Code    22  stm32f10x_dma.o(.text)
    DMA_GetITStatus                          0x08004a2f   Thumb Code    40  stm32f10x_dma.o(.text)
    DMA_ClearITPendingBit                    0x08004a57   Thumb Code    22  stm32f10x_dma.o(.text)
    FLASH_SetLatency                         0x08004a75   Thumb Code    18  stm32f10x_flash.o(.text)
    FLASH_HalfCycleAccessCmd                 0x08004a87   Thumb Code    22  stm32f10x_flash.o(.text)
    FLASH_PrefetchBufferCmd                  0x08004a9d   Thumb Code    22  stm32f10x_flash.o(.text)
    FLASH_Unlock                             0x08004ab3   Thumb Code    20  stm32f10x_flash.o(.text)
    FLASH_UnlockBank1                        0x08004ac7   Thumb Code    12  stm32f10x_flash.o(.text)
    FLASH_UnlockBank2                        0x08004ad3   Thumb Code    12  stm32f10x_flash.o(.text)
    FLASH_Lock                               0x08004adf   Thumb Code    24  stm32f10x_flash.o(.text)
    FLASH_LockBank1                          0x08004af7   Thumb Code    14  stm32f10x_flash.o(.text)
    FLASH_LockBank2                          0x08004b05   Thumb Code    14  stm32f10x_flash.o(.text)
    FLASH_GetBank2Status                     0x08004b13   Thumb Code    48  stm32f10x_flash.o(.text)
    FLASH_WaitForLastBank2Operation          0x08004b43   Thumb Code    38  stm32f10x_flash.o(.text)
    FLASH_GetBank1Status                     0x08004b69   Thumb Code    48  stm32f10x_flash.o(.text)
    FLASH_WaitForLastBank1Operation          0x08004b99   Thumb Code    38  stm32f10x_flash.o(.text)
    FLASH_ErasePage                          0x08004bbf   Thumb Code   142  stm32f10x_flash.o(.text)
    FLASH_EraseAllPages                      0x08004c4d   Thumb Code   118  stm32f10x_flash.o(.text)
    FLASH_EraseAllBank1Pages                 0x08004cc3   Thumb Code    68  stm32f10x_flash.o(.text)
    FLASH_EraseAllBank2Pages                 0x08004d07   Thumb Code    68  stm32f10x_flash.o(.text)
    FLASH_WaitForLastOperation               0x08004d4b   Thumb Code    38  stm32f10x_flash.o(.text)
    FLASH_GetReadOutProtectionStatus         0x08004d71   Thumb Code    20  stm32f10x_flash.o(.text)
    FLASH_EraseOptionBytes                   0x08004d85   Thumb Code   150  stm32f10x_flash.o(.text)
    FLASH_ProgramWord                        0x08004e1b   Thumb Code   370  stm32f10x_flash.o(.text)
    FLASH_ProgramHalfWord                    0x08004f8d   Thumb Code   110  stm32f10x_flash.o(.text)
    FLASH_ProgramOptionByteData              0x08004ffb   Thumb Code    72  stm32f10x_flash.o(.text)
    FLASH_EnableWriteProtection              0x08005043   Thumb Code   180  stm32f10x_flash.o(.text)
    FLASH_ReadOutProtection                  0x080050f7   Thumb Code   160  stm32f10x_flash.o(.text)
    FLASH_UserOptionByteConfig               0x08005197   Thumb Code    88  stm32f10x_flash.o(.text)
    FLASH_BootConfig                         0x080051ef   Thumb Code   110  stm32f10x_flash.o(.text)
    FLASH_GetUserOptionByte                  0x0800525d   Thumb Code     8  stm32f10x_flash.o(.text)
    FLASH_GetWriteProtectionOptionByte       0x08005265   Thumb Code    28  stm32f10x_flash.o(.text)
    FLASH_GetPrefetchBufferStatus            0x08005281   Thumb Code    20  stm32f10x_flash.o(.text)
    FLASH_ITConfig                           0x08005295   Thumb Code    66  stm32f10x_flash.o(.text)
    FLASH_GetFlagStatus                      0x080052d7   Thumb Code    64  stm32f10x_flash.o(.text)
    FLASH_ClearFlag                          0x08005317   Thumb Code    18  stm32f10x_flash.o(.text)
    FLASH_GetStatus                          0x08005329   Thumb Code    48  stm32f10x_flash.o(.text)
    Sensor_GPIO_Config                       0x0800535d   Thumb Code    40  tsliic_rev_c.o(.text)
    Dly_10ns                                 0x08005385   Thumb Code    22  tsliic_rev_c.o(.text)
    TWait                                    0x0800539b   Thumb Code    10  tsliic_rev_c.o(.text)
    PIN_SDA_FLOAT                            0x080053a5   Thumb Code    26  tsliic_rev_c.o(.text)
    PIN_SDA_OUTPUT                           0x080053bf   Thumb Code    30  tsliic_rev_c.o(.text)
    TSLStart                                 0x080053dd   Thumb Code    56  tsliic_rev_c.o(.text)
    TSLStop                                  0x08005415   Thumb Code    62  tsliic_rev_c.o(.text)
    SendTAck                                 0x08005453   Thumb Code    58  tsliic_rev_c.o(.text)
    TestTAck                                 0x0800548d   Thumb Code    60  tsliic_rev_c.o(.text)
    TSLSentByte                              0x080054c9   Thumb Code    78  tsliic_rev_c.o(.text)
    TSLReceiveByte                           0x08005517   Thumb Code    76  tsliic_rev_c.o(.text)
    TSLWriteReg                              0x08005563   Thumb Code    84  tsliic_rev_c.o(.text)
    ReadReg                                  0x080055b7   Thumb Code   102  tsliic_rev_c.o(.text)
    ReadRegMuti                              0x0800561d   Thumb Code   132  tsliic_rev_c.o(.text)
    CalculateLux                             0x080056a1   Thumb Code   238  tsliic_rev_c.o(.text)
    TSL2561Init                              0x0800578f   Thumb Code    62  tsliic_rev_c.o(.text)
    sensor_check                             0x080057cd   Thumb Code    64  tsliic_rev_c.o(.text)
    GetBright                                0x0800580d   Thumb Code    86  tsliic_rev_c.o(.text)
    GetBright2                               0x08005863   Thumb Code    96  tsliic_rev_c.o(.text)
    GetFlicker                               0x080058c3   Thumb Code   436  tsliic_rev_c.o(.text)
    GET_FLICKER                              0x08005a77   Thumb Code     8  tsliic_rev_c.o(.text)
    SD_InitializeCards                       0x08005a85   Thumb Code   436  sdcard.o(.text)
    SD_PowerON                               0x08005d61   Thumb Code   484  sdcard.o(.text)
    SD_Init                                  0x08005f45   Thumb Code   122  sdcard.o(.text)
    SD_PowerOFF                              0x08005fbf   Thumb Code    14  sdcard.o(.text)
    SD_GetCardInfo                           0x08005fcd   Thumb Code   626  sdcard.o(.text)
    SD_EnableWideBusOperation                0x08006463   Thumb Code   124  sdcard.o(.text)
    SD_SetDeviceMode                         0x080064df   Thumb Code    28  sdcard.o(.text)
    SD_SelectDeselect                        0x080064fb   Thumb Code    40  sdcard.o(.text)
    SD_ReadBlock                             0x08006523   Thumb Code   612  sdcard.o(.text)
    SD_ReadMultiBlocks                       0x08006787   Thumb Code   678  sdcard.o(.text)
    SD_WriteBlock                            0x08006b99   Thumb Code   868  sdcard.o(.text)
    SD_WriteMultiBlocks                      0x08006efd   Thumb Code   988  sdcard.o(.text)
    SD_GetTransferState                      0x080072d9   Thumb Code    14  sdcard.o(.text)
    SD_StopTransfer                          0x080072e7   Thumb Code    36  sdcard.o(.text)
    SD_Erase                                 0x0800730b   Thumb Code   294  sdcard.o(.text)
    SD_SendStatus                            0x08007431   Thumb Code    72  sdcard.o(.text)
    SD_SendSDStatus                          0x08007479   Thumb Code   370  sdcard.o(.text)
    SD_ProcessIRQSrc                         0x080075eb   Thumb Code   450  sdcard.o(.text)
    __aeabi_memset                           0x080077c1   Thumb Code    14  memseta.o(.text)
    __aeabi_memset4                          0x080077c1   Thumb Code     0  memseta.o(.text)
    __aeabi_memset8                          0x080077c1   Thumb Code     0  memseta.o(.text)
    __aeabi_memclr                           0x080077cf   Thumb Code     4  memseta.o(.text)
    __aeabi_memclr4                          0x080077cf   Thumb Code     0  memseta.o(.text)
    __aeabi_memclr8                          0x080077cf   Thumb Code     0  memseta.o(.text)
    _memset$wrapper                          0x080077d3   Thumb Code    18  memseta.o(.text)
    strcpy                                   0x080077e5   Thumb Code    18  strcpy.o(.text)
    __aeabi_dadd                             0x080077f7   Thumb Code   322  dadd.o(.text)
    __aeabi_dsub                             0x08007939   Thumb Code     6  dadd.o(.text)
    __aeabi_drsub                            0x0800793f   Thumb Code     6  dadd.o(.text)
    __aeabi_llsl                             0x08007945   Thumb Code    30  llshl.o(.text)
    _ll_shift_l                              0x08007945   Thumb Code     0  llshl.o(.text)
    __aeabi_lasr                             0x08007963   Thumb Code    36  llsshr.o(.text)
    _ll_sshift_r                             0x08007963   Thumb Code     0  llsshr.o(.text)
    __I$use$fp                               0x08007987   Thumb Code     0  iusefp.o(.text)
    _double_round                            0x08007987   Thumb Code    30  depilogue.o(.text)
    _double_epilogue                         0x080079a5   Thumb Code   156  depilogue.o(.text)
    __aeabi_dmul                             0x08007a41   Thumb Code   228  dmul.o(.text)
    __aeabi_ddiv                             0x08007b25   Thumb Code   222  ddiv.o(.text)
    __ARM_scalbn                             0x08007c03   Thumb Code    46  dscalb.o(.text)
    scalbn                                   0x08007c03   Thumb Code     0  dscalb.o(.text)
    __aeabi_i2d                              0x08007c31   Thumb Code    34  dflti.o(.text)
    __aeabi_cdrcmple                         0x08007c55   Thumb Code    48  cdrcmple.o(.text)
    __scatterload                            0x08007c85   Thumb Code    28  init.o(.text)
    __scatterload_rt2                        0x08007c85   Thumb Code     0  init.o(.text)
    __aeabi_llsr                             0x08007ca9   Thumb Code    32  llushr.o(.text)
    _ll_ushift_r                             0x08007ca9   Thumb Code     0  llushr.o(.text)
    _dsqrt                                   0x08007cc9   Thumb Code   162  dsqrt.o(.text)
    Allcolor                                 0x08007d6d   Thumb Code    44  lib.o(i.Allcolor)
    ShowTxt                                  0x08007dbd   Thumb Code    98  lib.o(i.ShowTxt)
    __ARM_fpclassify                         0x08007e31   Thumb Code    40  fpclassify.o(i.__ARM_fpclassify)
    __kernel_poly                            0x08007e59   Thumb Code   170  poly.o(i.__kernel_poly)
    __mathlib_dbl_divzero                    0x08007f05   Thumb Code    12  dunder.o(i.__mathlib_dbl_divzero)
    __mathlib_dbl_infnan2                    0x08007f15   Thumb Code     4  dunder.o(i.__mathlib_dbl_infnan2)
    __mathlib_dbl_invalid                    0x08007f19   Thumb Code    12  dunder.o(i.__mathlib_dbl_invalid)
    __mathlib_dbl_overflow                   0x08007f25   Thumb Code    14  dunder.o(i.__mathlib_dbl_overflow)
    __mathlib_dbl_underflow                  0x08007f35   Thumb Code    10  dunder.o(i.__mathlib_dbl_underflow)
    __scatterload_copy                       0x08007f45   Thumb Code    14  handlers.o(i.__scatterload_copy)
    __scatterload_null                       0x08007f53   Thumb Code     2  handlers.o(i.__scatterload_null)
    __scatterload_zeroinit                   0x08007f55   Thumb Code    14  handlers.o(i.__scatterload_zeroinit)
    __set_errno                              0x08007f65   Thumb Code     6  errno.o(i.__set_errno)
    comsend                                  0x08007f71   Thumb Code    40  lib.o(i.comsend)
    num2HEXchar                              0x08007f9d   Thumb Code    62  lib.o(i.num2HEXchar)
    pow                                      0x08007fdd   Thumb Code  2512  pow.o(i.pow)
    showbmp                                  0x080089b5   Thumb Code   122  lib.o(i.showbmp)
    sqrt                                     0x08008a4d   Thumb Code    76  sqrt.o(i.sqrt)
    __mathlib_zero                           0x08008b20   Data           8  qnan.o(.constdata)
    Region$$Table$$Base                      0x08008b28   Number         0  anon$$obj.o(Region$$Table)
    Region$$Table$$Limit                     0x08008b48   Number         0  anon$$obj.o(Region$$Table)
    TimingDelay                              0x20000000   Data           4  stm32f10x_it.o(.data)
    RxCounter1                               0x20000004   Data           1  stm32f10x_it.o(.data)
    rec_f                                    0x20000005   Data           1  stm32f10x_it.o(.data)
    NbrOfDataToRead1                         0x20000006   Data           1  stm32f10x_it.o(.data)
    GPIO_InitStructure                       0x20000008   Data           4  main.o(.data)
    HSEStartUpStatus                         0x2000000c   Data           1  main.o(.data)
    Status                                   0x20000014   Data           1  main.o(.data)
    sd_Capacity                              0x20000018   Data           4  main.o(.data)
    Flag_sleep                               0x2000001c   Data           1  main.o(.data)
    pic_num                                  0x2000001d   Data           1  main.o(.data)
    HFZIDD                                   0x2000001e   Data           2  main.o(.data)
    HFZIDDIO                                 0x20000020   Data           2  main.o(.data)
    HFZVDD                                   0x20000022   Data           2  main.o(.data)
    HFZVDDIO                                 0x20000024   Data           2  main.o(.data)
    CAL_OK                                   0x20000026   Data           1  main.o(.data)
    FLAG_RESET                               0x20000027   Data           1  main.o(.data)
    pucData                                  0x20000028   Data           2  main.o(.data)
    Vshunt_limit                             0x2000002a   Data           2  main.o(.data)
    IDD_WORK_LIMIT_VALUE                     0x2000002c   Data           2  main.o(.data)
    IOIDD_WORK_LIMIT_VALUE                   0x2000002e   Data           2  main.o(.data)
    IDD_SLEEP_LIMIT_VALUE                    0x20000030   Data           2  main.o(.data)
    IOIDD_SLEEP_LIMIT_VALUE                  0x20000032   Data           2  main.o(.data)
    HorA                                     0x20000034   Data           1  main.o(.data)
    show_promise                             0x20000035   Data           1  main.o(.data)
    VOTP_SET                                 0x20000036   Data           2  main.o(.data)
    data                                     0x20000038   Data           2  lcd.o(.data)
    RED_bmp                                  0x2000003c   Data           4  lcd.o(.data)
    GREEN_bmp                                0x20000040   Data           4  lcd.o(.data)
    BLUE_bmp                                 0x20000044   Data           4  lcd.o(.data)
    WHITE_bmp                                0x20000048   Data           4  lcd.o(.data)
    BLACK_bmp                                0x2000004c   Data           4  lcd.o(.data)
    GURY_45_bmp                              0x20000050   Data           4  lcd.o(.data)
    GURY_60_bmp                              0x20000054   Data           4  lcd.o(.data)
    GURY_128_bmp                             0x20000058   Data           4  lcd.o(.data)
    value_HighSpeed                          0x2000005c   Data           2  lcd.o(.data)
    value_Lane_select                        0x2000005e   Data           2  lcd.o(.data)
    VDP                                      0x20000060   Data           2  lcd.o(.data)
    VBP                                      0x20000062   Data           2  lcd.o(.data)
    VFP                                      0x20000064   Data           2  lcd.o(.data)
    HDP                                      0x20000066   Data           2  lcd.o(.data)
    HBP                                      0x20000068   Data           2  lcd.o(.data)
    HFP                                      0x2000006a   Data           2  lcd.o(.data)
    VPW                                      0x2000006c   Data           2  lcd.o(.data)
    HPW                                      0x2000006e   Data           2  lcd.o(.data)
    PIC_NUM                                  0x20000070   Data           1  lcd.o(.data)
    Flicker_OTP                              0x20000071   Data           1  lcd.o(.data)
    Flicker_OQC                              0x20000072   Data           1  lcd.o(.data)
    IDD_UA                                   0x20000074   Data           2  t226.o(.data)
    IDD_MA                                   0x20000076   Data           2  t226.o(.data)
    IDDIO_UA                                 0x20000078   Data           2  t226.o(.data)
    IDDIO_MA                                 0x2000007a   Data           2  t226.o(.data)
    tesss                                    0x2000007c   Data           2  t226.o(.data)
    decom_a                                  0x2000007e   Data           2  t226.o(.data)
    decom_b                                  0x20000080   Data           2  t226.o(.data)
    Preset1                                  0x20000082   Data           2  t226.o(.data)
    Preset2                                  0x20000084   Data           2  t226.o(.data)
    HFZ_COF                                  0x20000086   Data           1  t226.o(.data)
    vddio_vol                                0x20000088   Data           2  t226.o(.data)
    vdd_vol                                  0x2000008a   Data           2  t226.o(.data)
    SystemCoreClock                          0x2000008c   Data           4  system_stm32f10x.o(.data)
    AHBPrescTable                            0x20000090   Data          16  system_stm32f10x.o(.data)
    BriSeg                                   0x200000b4   Data           4  tsliic_rev_c.o(.data)
    TransferError                            0x200000b8   Data           1  sdcard.o(.data)
    TransferEnd                              0x200000d0   Data           4  sdcard.o(.data)
    NumberOfBytes                            0x200000d4   Data           4  sdcard.o(.data)
    SrcBuffer                                0x200000d8   Data           4  sdcard.o(.data)
    DestBuffer                               0x200000dc   Data           4  sdcard.o(.data)
    RxBuffer1                                0x200000e4   Data         127  stm32f10x_it.o(.bss)
    SDCardInfo                               0x20000164   Data          80  main.o(.bss)
    MIPI_READ_DATA                           0x200001b4   Data          10  lcd.o(.bss)
    MIPI_Array                               0x200001be   Data         300  lcd.o(.bss)
    SDIO_InitStructure                       0x20000320   Data          24  sdcard.o(.bss)
    SDIO_CmdInitStructure                    0x20000338   Data          20  sdcard.o(.bss)
    SDIO_DataInitStructure                   0x2000034c   Data          24  sdcard.o(.bss)
    __initial_sp                             0x20000768   Data           0  startup_stm32f10x_xl.o(STACK)



==============================================================================

Memory Map of the image

  Image Entry point : 0x08000131

  Load Region LR_IROM1 (Base: 0x08000000, Size: 0x00008c2c, Max: 0x00080000, ABSOLUTE)

    Execution Region ER_IROM1 (Base: 0x08000000, Size: 0x00008b48, Max: 0x00080000, ABSOLUTE)

    Base Addr    Size         Type   Attr      Idx    E Section Name        Object

    0x08000000   0x00000130   Data   RO          371    RESET               startup_stm32f10x_xl.o
    0x08000130   0x00000000   Code   RO         1140  * .ARM.Collect$$$$00000000  mc_w.l(entry.o)
    0x08000130   0x00000004   Code   RO         1224    .ARM.Collect$$$$00000001  mc_w.l(entry2.o)
    0x08000134   0x00000004   Code   RO         1227    .ARM.Collect$$$$00000004  mc_w.l(entry5.o)
    0x08000138   0x00000000   Code   RO         1229    .ARM.Collect$$$$00000008  mc_w.l(entry7b.o)
    0x08000138   0x00000000   Code   RO         1231    .ARM.Collect$$$$0000000A  mc_w.l(entry8b.o)
    0x08000138   0x00000008   Code   RO         1232    .ARM.Collect$$$$0000000B  mc_w.l(entry9a.o)
    0x08000140   0x00000000   Code   RO         1234    .ARM.Collect$$$$0000000D  mc_w.l(entry10a.o)
    0x08000140   0x00000000   Code   RO         1236    .ARM.Collect$$$$0000000F  mc_w.l(entry11a.o)
    0x08000140   0x00000004   Code   RO         1225    .ARM.Collect$$$$00002712  mc_w.l(entry2.o)
    0x08000144   0x00000084   Code   RO            1    .text               stm32f10x_it.o
    0x080001c8   0x000008e0   Code   RO           81    .text               main.o
    0x08000aa8   0x000006e0   Code   RO          172    .text               lcd.o
    0x08001188   0x000002e8   Code   RO          195    .text               iic.o
    0x08001470   0x0000075c   Code   RO          211    .text               config_gpio_powerout_ssd2828_lowlayerfunction.o
    0x08001bcc   0x00001014   Code   RO          230    .text               t226.o
    0x08002be0   0x00000b68   Code   RO          269    .text               v_set_c.o
    0x08003748   0x00000024   Code   RO          372    .text               startup_stm32f10x_xl.o
    0x0800376c   0x000001e0   Code   RO          387    .text               system_stm32f10x.o
    0x0800394c   0x000003a4   Code   RO          405    .text               stm32f10x_rcc.o
    0x08003cf0   0x0000035c   Code   RO          461    .text               stm32f10x_gpio.o
    0x0800404c   0x000000dc   Code   RO          479    .text               misc.o
    0x08004128   0x0000011c   Code   RO          494    .text               stm32f10x_exti.o
    0x08004244   0x00000408   Code   RO          539    .text               stm32f10x_usart.o
    0x0800464c   0x000001d4   Code   RO          554    .text               stm32f10x_sdio.o
    0x08004820   0x00000254   Code   RO          569    .text               stm32f10x_dma.o
    0x08004a74   0x000008e8   Code   RO          701    .text               stm32f10x_flash.o
    0x0800535c   0x00000728   Code   RO          908    .text               tsliic_rev_c.lib(tsliic_rev_c.o)
    0x08005a84   0x00001d3c   Code   RO          998    .text               SDFAT.lib(sdcard.o)
    0x080077c0   0x00000024   Code   RO         1145    .text               mc_w.l(memseta.o)
    0x080077e4   0x00000012   Code   RO         1147    .text               mc_w.l(strcpy.o)
    0x080077f6   0x0000014e   Code   RO         1183    .text               mf_w.l(dadd.o)
    0x08007944   0x0000001e   Code   RO         1238    .text               mc_w.l(llshl.o)
    0x08007962   0x00000024   Code   RO         1240    .text               mc_w.l(llsshr.o)
    0x08007986   0x00000000   Code   RO         1251    .text               mc_w.l(iusefp.o)
    0x08007986   0x000000ba   Code   RO         1254    .text               mf_w.l(depilogue.o)
    0x08007a40   0x000000e4   Code   RO         1256    .text               mf_w.l(dmul.o)
    0x08007b24   0x000000de   Code   RO         1258    .text               mf_w.l(ddiv.o)
    0x08007c02   0x0000002e   Code   RO         1260    .text               mf_w.l(dscalb.o)
    0x08007c30   0x00000022   Code   RO         1262    .text               mf_w.l(dflti.o)
    0x08007c52   0x00000002   PAD
    0x08007c54   0x00000030   Code   RO         1264    .text               mf_w.l(cdrcmple.o)
    0x08007c84   0x00000024   Code   RO         1266    .text               mc_w.l(init.o)
    0x08007ca8   0x00000020   Code   RO         1268    .text               mc_w.l(llushr.o)
    0x08007cc8   0x000000a2   Code   RO         1270    .text               mf_w.l(dsqrt.o)
    0x08007d6a   0x00000002   PAD
    0x08007d6c   0x00000050   Code   RO          788    i.Allcolor          STM3210E.lib(lib.o)
    0x08007dbc   0x00000074   Code   RO          790    i.ShowTxt           STM3210E.lib(lib.o)
    0x08007e30   0x00000028   Code   RO         1211    i.__ARM_fpclassify  m_ws.l(fpclassify.o)
    0x08007e58   0x000000aa   Code   RO         1213    i.__kernel_poly     m_ws.l(poly.o)
    0x08007f02   0x00000002   PAD
    0x08007f04   0x00000010   Code   RO         1197    i.__mathlib_dbl_divzero  m_ws.l(dunder.o)
    0x08007f14   0x00000004   Code   RO         1199    i.__mathlib_dbl_infnan2  m_ws.l(dunder.o)
    0x08007f18   0x0000000c   Code   RO         1200    i.__mathlib_dbl_invalid  m_ws.l(dunder.o)
    0x08007f24   0x0000000e   Code   RO         1201    i.__mathlib_dbl_overflow  m_ws.l(dunder.o)
    0x08007f32   0x00000002   PAD
    0x08007f34   0x00000010   Code   RO         1203    i.__mathlib_dbl_underflow  m_ws.l(dunder.o)
    0x08007f44   0x0000000e   Code   RO         1276    i.__scatterload_copy  mc_w.l(handlers.o)
    0x08007f52   0x00000002   Code   RO         1277    i.__scatterload_null  mc_w.l(handlers.o)
    0x08007f54   0x0000000e   Code   RO         1278    i.__scatterload_zeroinit  mc_w.l(handlers.o)
    0x08007f62   0x00000002   PAD
    0x08007f64   0x0000000c   Code   RO         1246    i.__set_errno       mc_w.l(errno.o)
    0x08007f70   0x0000002c   Code   RO          792    i.comsend           STM3210E.lib(lib.o)
    0x08007f9c   0x0000003e   Code   RO          793    i.num2HEXchar       STM3210E.lib(lib.o)
    0x08007fda   0x00000002   PAD
    0x08007fdc   0x000009d8   Code   RO         1131    i.pow               m_ws.l(pow.o)
    0x080089b4   0x00000098   Code   RO          794    i.showbmp           STM3210E.lib(lib.o)
    0x08008a4c   0x0000004c   Code   RO         1217    i.sqrt              m_ws.l(sqrt.o)
    0x08008a98   0x00000088   Data   RO         1132    .constdata          m_ws.l(pow.o)
    0x08008b20   0x00000008   Data   RO         1215    .constdata          m_ws.l(qnan.o)
    0x08008b28   0x00000020   Data   RO         1274    Region$$Table       anon$$obj.o


    Execution Region RW_IRAM1 (Base: 0x20000000, Size: 0x00000768, Max: 0x00010000, ABSOLUTE)

    Base Addr    Size         Type   Attr      Idx    E Section Name        Object

    0x20000000   0x00000007   Data   RW            3    .data               stm32f10x_it.o
    0x20000007   0x00000001   PAD
    0x20000008   0x00000030   Data   RW           83    .data               main.o
    0x20000038   0x0000003b   Data   RW          174    .data               lcd.o
    0x20000073   0x00000001   PAD
    0x20000074   0x00000018   Data   RW          231    .data               t226.o
    0x2000008c   0x00000014   Data   RW          388    .data               system_stm32f10x.o
    0x200000a0   0x00000014   Data   RW          406    .data               stm32f10x_rcc.o
    0x200000b4   0x00000004   Data   RW          909    .data               tsliic_rev_c.lib(tsliic_rev_c.o)
    0x200000b8   0x00000028   Data   RW         1000    .data               SDFAT.lib(sdcard.o)
    0x200000e0   0x00000004   Data   RW         1247    .data               mc_w.l(errno.o)
    0x200000e4   0x0000007f   Zero   RW            2    .bss                stm32f10x_it.o
    0x20000163   0x00000001   PAD
    0x20000164   0x00000050   Zero   RW           82    .bss                main.o
    0x200001b4   0x00000136   Zero   RW          173    .bss                lcd.o
    0x200002ea   0x00000016   PAD
    0x20000300   0x00000064   Zero   RW          999    .bss                SDFAT.lib(sdcard.o)
    0x20000364   0x00000004   PAD
    0x20000368   0x00000400   Zero   RW          369    STACK               startup_stm32f10x_xl.o


==============================================================================

Image component sizes


      Code (inc. data)   RO Data    RW Data    ZI Data      Debug   Object Name

      1884         36          0          0          0       4605   config_gpio_powerout_ssd2828_lowlayerfunction.o
       744         14          0          0          0       3304   iic.o
      1760         68          0         59        310       8624   lcd.o
      2272        244          0         48         80     240502   main.o
       220         22          0          0          0       3837   misc.o
        36          8        304          0       1024        964   startup_stm32f10x_xl.o
       596          8          0          0          0      14554   stm32f10x_dma.o
       284         10          0          0          0       4795   stm32f10x_exti.o
      2280         46          0          0          0      16975   stm32f10x_flash.o
       860         38          0          0          0      23321   stm32f10x_gpio.o
       132         26          0          7        127     225279   stm32f10x_it.o
       932         36          0         20          0      18052   stm32f10x_rcc.o
       468         22          0          0          0      16724   stm32f10x_sdio.o
      1032         22          0          0          0      14864   stm32f10x_usart.o
       480         38          0         20          0       1863   system_stm32f10x.o
      4116        326          0         24          0       9854   t226.o
      2920         44          0          0          0      10247   v_set_c.o

    ----------------------------------------------------------------------
     21016       1008        336        180       1564     618364   Object Totals
         0          0         32          0          0          0   (incl. Generated)
         0          0          0          2         23          0   (incl. Padding)

    ----------------------------------------------------------------------

      Code (inc. data)   RO Data    RW Data    ZI Data      Debug   Library Member Name

      7484        232          0         40        100      52447   sdcard.o
       454         88          0          0          0     209419   lib.o
        62         10          0          0          0        340   dunder.o
        40          0          0          0          0         68   fpclassify.o
       170          0          0          0          0         96   poly.o
      2520        190        136          0          0        324   pow.o
         0          0          8          0          0          0   qnan.o
        76          0          0          0          0         84   sqrt.o
         0          0          0          0          0          0   entry.o
         0          0          0          0          0          0   entry10a.o
         0          0          0          0          0          0   entry11a.o
         8          4          0          0          0          0   entry2.o
         4          0          0          0          0          0   entry5.o
         0          0          0          0          0          0   entry7b.o
         0          0          0          0          0          0   entry8b.o
         8          4          0          0          0          0   entry9a.o
        12          6          0          4          0         68   errno.o
        30          0          0          0          0          0   handlers.o
        36          8          0          0          0         68   init.o
         0          0          0          0          0          0   iusefp.o
        30          0          0          0          0         68   llshl.o
        36          0          0          0          0         68   llsshr.o
        32          0          0          0          0         68   llushr.o
        36          0          0          0          0        108   memseta.o
        18          0          0          0          0         68   strcpy.o
        48          0          0          0          0         68   cdrcmple.o
       334          0          0          0          0        148   dadd.o
       222          0          0          0          0        100   ddiv.o
       186          0          0          0          0        176   depilogue.o
        34          0          0          0          0         76   dflti.o
       228          0          0          0          0         96   dmul.o
        46          0          0          0          0         80   dscalb.o
       162          0          0          0          0        100   dsqrt.o
      1832         12          0          4          0     222242   tsliic_rev_c.o

    ----------------------------------------------------------------------
     14160        554        144         48        104     486380   Library Totals
        12          0          0          0          4          0   (incl. Padding)

    ----------------------------------------------------------------------

      Code (inc. data)   RO Data    RW Data    ZI Data      Debug   Library Name

      7484        232          0         40        100      52447   SDFAT.lib
       454         88          0          0          0     209419   STM3210E.lib
      2868        200        144          0          0        912   m_ws.l
       250         22          0          4          0        516   mc_w.l
      1260          0          0          0          0        844   mf_w.l
      1832         12          0          4          0     222242   tsliic_rev_c.lib

    ----------------------------------------------------------------------
     14160        554        144         48        104     486380   Library Totals

    ----------------------------------------------------------------------

==============================================================================


      Code (inc. data)   RO Data    RW Data    ZI Data      Debug   

     35176       1562        480        228       1668    1101516   Grand Totals
     35176       1562        480        228       1668    1101516   ELF Image Totals
     35176       1562        480        228          0          0   ROM Totals

==============================================================================

    Total RO  Size (Code + RO Data)                35656 (  34.82kB)
    Total RW  Size (RW Data + ZI Data)              1896 (   1.85kB)
    Total ROM Size (Code + RO Data + RW Data)      35884 (  35.04kB)

==============================================================================

