Component: ARM Compiler 5.06 update 4 (build 422) Tool: armlink [4d35d2]

==============================================================================

Section Cross References

    stm32f10x_it.o(.text) refers to stm32f10x_usart.o(.text) for USART_GetITStatus
    stm32f10x_it.o(.text) refers to stm32f10x_it.o(.data) for TimingDelay
    stm32f10x_it.o(.text) refers to stm32f10x_it.o(.bss) for RxBuffer1
    main.o(.text) refers to memseta.o(.text) for __aeabi_memclr4
    main.o(.text) refers to strcpy.o(.text) for strcpy
    main.o(.text) refers to lib.o(i.ShowTxt) for ShowTxt
    main.o(.text) refers to t226.o(.text) for M9_BUS_VOLTAGE
    main.o(.text) refers to lcd.o(.text) for BEEP_BIBI
    main.o(.text) refers to tsliic_rev_c.o(.text) for Dly_10ns
    main.o(.text) refers to misc.o(.text) for NVIC_PriorityGroupConfig
    main.o(.text) refers to stm32f10x_rcc.o(.text) for RCC_DeInit
    main.o(.text) refers to stm32f10x_flash.o(.text) for FLASH_PrefetchBufferCmd
    main.o(.text) refers to config_gpio_powerout_ssd2828_lowlayerfunction.o(.text) for USART_GPIO_Configuration
    main.o(.text) refers to main.o(.data) for HFZVDD
    main.o(.text) refers to lcd.o(.data) for PIC_NUM
    main.o(.text) refers to iic.o(.text) for EEPROM_GPIO_Config
    main.o(.text) refers to mtransmit.o(.text) for Senser_Master_SPI_Configuration
    main.o(.text) refers to lvds_i2c.o(.text) for LVDS_IIC_GPIO_Config
    main.o(.text) refers to lib.o(i.Allcolor) for Allcolor
    main.o(.text) refers to lib.o(i.showbmp) for showbmp
    main.o(.text) refers to lvds_otp.o(.text) for SHOW_READ_VALUE
    main.o(.text) refers to sdcard.o(.text) for SD_Init
    main.o(.text) refers to stm32f10x_usart.o(.text) for USART_SendData
    main.o(.text) refers to stm32f10x_exti.o(.text) for EXTI_GetITStatus
    main.o(.text) refers to main.o(.bss) for SDCardInfo
    lcd.o(.text) refers to config_gpio_powerout_ssd2828_lowlayerfunction.o(.text) for LCD_CtrlLinesConfig
    lcd.o(.text) refers to main.o(.text) for Delay
    lcd.o(.text) refers to v_set_c.o(.text) for VDD_ADJ_EN
    lcd.o(.text) refers to stm32f10x_gpio.o(.text) for GPIO_SetBits
    lcd.o(.text) refers to t226.o(.text) for T226_intion
    lcd.o(.text) refers to lcd.o(.data) for HPW
    lcd.o(.text) refers to lcd.o(.bss) for MIPI_READ_DATA
    lcd.o(.text) refers to stm32f10x_rcc.o(.text) for RCC_APB2PeriphClockCmd
    iic.o(.text) refers to stm32f10x_rcc.o(.text) for RCC_APB2PeriphClockCmd
    iic.o(.text) refers to stm32f10x_gpio.o(.text) for GPIO_PinRemapConfig
    iic.o(.text) refers to main.o(.text) for Delay
    config_gpio_powerout_ssd2828_lowlayerfunction.o(.text) refers to stm32f10x_gpio.o(.text) for GPIO_ReadInputDataBit
    config_gpio_powerout_ssd2828_lowlayerfunction.o(.text) refers to lcd.o(.text) for MDelay
    config_gpio_powerout_ssd2828_lowlayerfunction.o(.text) refers to stm32f10x_rcc.o(.text) for RCC_APB2PeriphClockCmd
    config_gpio_powerout_ssd2828_lowlayerfunction.o(.text) refers to stm32f10x_exti.o(.text) for EXTI_GenerateSWInterrupt
    config_gpio_powerout_ssd2828_lowlayerfunction.o(.text) refers to main.o(.text) for Delay
    config_gpio_powerout_ssd2828_lowlayerfunction.o(.text) refers to stm32f10x_usart.o(.text) for USART_Init
    t226.o(.text) refers to stm32f10x_rcc.o(.text) for RCC_APB2PeriphClockCmd
    t226.o(.text) refers to stm32f10x_gpio.o(.text) for GPIO_PinRemapConfig
    t226.o(.text) refers to tsliic_rev_c.o(.text) for TWait
    t226.o(.text) refers to main.o(.text) for DelayMs
    t226.o(.text) refers to main.o(.data) for pucData
    t226.o(.text) refers to t226.o(.data) for IDD_UA
    t226.o(.text) refers to memseta.o(.text) for __aeabi_memclr4
    t226.o(.text) refers to stm32f10x_usart.o(.text) for USART_SendData
    t226.o(.text) refers to pow.o(i.pow) for pow
    t226.o(.text) refers to iic.o(.text) for EEPROMBYTE_Read
    t226.o(.text) refers to v_set_c.o(.text) for VDD_ADJ_SET
    t226.o(.text) refers to config_gpio_powerout_ssd2828_lowlayerfunction.o(.text) for USART_GPIO_Configuration
    t226.o(.text) refers to lcd.o(.text) for BEEP_BIBI
    disp.o(.text) refers to fat.o(.text) for Search_man
    disp.o(.text) refers to malloc.o(i.malloc) for malloc
    disp.o(.text) refers to malloc.o(i.free) for free
    disp.o(.text) refers to disp.o(.data) for image_all
    disp.o(.text) refers to disp.o(.bss) for BMPInfo
    disp.o(.text) refers to fat.o(.data) for SectorsPerClust
    v_set_c.o(.text) refers to stm32f10x_rcc.o(.text) for RCC_APB2PeriphClockCmd
    v_set_c.o(.text) refers to stm32f10x_gpio.o(.text) for GPIO_PinRemapConfig
    v_set_c.o(.text) refers to tsliic_rev_c.o(.text) for TWait
    v_set_c.o(.text) refers to main.o(.text) for DelayMs
    v_set_c.o(.text) refers to main.o(.data) for pucData
    keyscan_adc_b.o(.text) refers to stm32f10x_adc.o(.text) for ADC_Init
    keyscan_adc_b.o(.text) refers to stm32f10x_rcc.o(.text) for RCC_APB2PeriphClockCmd
    keyscan_adc_b.o(.text) refers to stm32f10x_gpio.o(.text) for GPIO_Init
[...]
    ..\IIC.c                                 0x00000000   Number         0  iic.o ABSOLUTE
    ..\LCD.c                                 0x00000000   Number         0  lcd.o ABSOLUTE
    ..\LVDS_I2C.c                            0x00000000   Number         0  lvds_i2c.o ABSOLUTE
    ..\LVDS_OTP.c                            0x00000000   Number         0  lvds_otp.o ABSOLUTE
    ..\Mtransmit.c                           0x00000000   Number         0  mtransmit.o ABSOLUTE
    ..\T226.c                                0x00000000   Number         0  t226.o ABSOLUTE
    ..\TSLIIC_REV_C.c                        0x00000000   Number         0  tsliic_rev_c.o ABSOLUTE
    ..\V_SET_C.c                             0x00000000   Number         0  v_set_c.o ABSOLUTE
    ..\\..\\..\\Libraries\\CMSIS\\CM3\\CoreSupport\\core_cm3.c 0x00000000   Number         0  core_cm3.o ABSOLUTE
    ..\disp.c                                0x00000000   Number         0  disp.o ABSOLUTE
    ..\hfz_secret.c                          0x00000000   Number         0  hfz_secret.o ABSOLUTE
    ..\keyscan_adc_B.c                       0x00000000   Number         0  keyscan_adc_b.o ABSOLUTE
    ..\lib.c                                 0x00000000   Number         0  lib.o ABSOLUTE
    ..\main.c                                0x00000000   Number         0  main.o ABSOLUTE
    ..\stm32f10x_it.c                        0x00000000   Number         0  stm32f10x_it.o ABSOLUTE
    ..\system_stm32f10x.c                    0x00000000   Number         0  system_stm32f10x.o ABSOLUTE
    cdcmple.s                                0x00000000   Number         0  cdcmple.o ABSOLUTE
    cdrcmple.s                               0x00000000   Number         0  cdrcmple.o ABSOLUTE
    cfcmple.s                                0x00000000   Number         0  cfcmple.o ABSOLUTE
    cfrcmple.s                               0x00000000   Number         0  cfrcmple.o ABSOLUTE
    dc.s                                     0x00000000   Number         0  dc.o ABSOLUTE
    handlers.s                               0x00000000   Number         0  handlers.o ABSOLUTE
    init.s                                   0x00000000   Number         0  init.o ABSOLUTE
    project\FAT.c                            0x00000000   Number         0  fat.o ABSOLUTE
    project\sdcard.c                         0x00000000   Number         0  sdcard.o ABSOLUTE
    RESET                                    0x08000000   Section      304  startup_stm32f10x_xl.o(RESET)
    .ARM.Collect$$$$00000000                 0x08000130   Section        0  entry.o(.ARM.Collect$$$$00000000)
    .ARM.Collect$$$$00000001                 0x08000130   Section        4  entry2.o(.ARM.Collect$$$$00000001)
    .ARM.Collect$$$$00000004                 0x08000134   Section        4  entry5.o(.ARM.Collect$$$$00000004)
    .ARM.Collect$$$$00000008                 0x08000138   Section        0  entry7b.o(.ARM.Collect$$$$00000008)
    .ARM.Collect$$$$0000000A                 0x08000138   Section        0  entry8b.o(.ARM.Collect$$$$0000000A)
    .ARM.Collect$$$$0000000B                 0x08000138   Section        8  entry9a.o(.ARM.Collect$$$$0000000B)
    .ARM.Collect$$$$0000000D                 0x08000140   Section        0  entry10a.o(.ARM.Collect$$$$0000000D)
    .ARM.Collect$$$$0000000F                 0x08000140   Section        0  entry11a.o(.ARM.Collect$$$$0000000F)
    .ARM.Collect$$$$00002712                 0x08000140   Section        4  entry2.o(.ARM.Collect$$$$00002712)
    __lit__00000000                          0x08000140   Data           4  entry2.o(.ARM.Collect$$$$00002712)
    .text                                    0x08000144   Section        0  stm32f10x_it.o(.text)
    .text                                    0x080001c8   Section        0  main.o(.text)
    .text                                    0x08000a80   Section        0  lcd.o(.text)
    .text                                    0x08001158   Section        0  iic.o(.text)
    .text                                    0x08001440   Section        0  config_gpio_powerout_ssd2828_lowlayerfunction.o(.text)
    .text                                    0x08001b8c   Section        0  t226.o(.text)
    .text                                    0x08002ba0   Section        0  v_set_c.o(.text)
    .text                                    0x08003708   Section        0  lvds_i2c.o(.text)
    .text                                    0x08003ba4   Section        0  mtransmit.o(.text)
    .text                                    0x08003eac   Section        0  lvds_otp.o(.text)
    .text                                    0x08005978   Section       36  startup_stm32f10x_xl.o(.text)
    .text                                    0x0800599c   Section        0  system_stm32f10x.o(.text)
    SetSysClockTo72                          0x0800599d   Thumb Code   214  system_stm32f10x.o(.text)
    SetSysClock                              0x08005a73   Thumb Code     8  system_stm32f10x.o(.text)
    .text                                    0x08005b7c   Section        0  stm32f10x_rcc.o(.text)
    .text                                    0x08005f20   Section        0  stm32f10x_gpio.o(.text)
    .text                                    0x0800627c   Section        0  misc.o(.text)
    .text                                    0x08006358   Section        0  stm32f10x_exti.o(.text)
    .text                                    0x08006474   Section        0  stm32f10x_usart.o(.text)
    .text                                    0x0800687c   Section        0  stm32f10x_sdio.o(.text)
    .text                                    0x08006a50   Section        0  stm32f10x_dma.o(.text)
    .text                                    0x08006ca4   Section        0  stm32f10x_flash.o(.text)
    .text                                    0x0800758c   Section        0  tsliic_rev_c.o(.text)
    .text                                    0x08007cb4   Section        0  sdcard.o(.text)
    CmdResp1Error                            0x08007e69   Thumb Code   296  sdcard.o(.text)
    SDEnWideBus                              0x0800846f   Thumb Code   548  sdcard.o(.text)
    IsCardProgramming                        0x08008c5d   Thumb Code   364  sdcard.o(.text)
    .text                                    0x080099f0   Section        0  memcpya.o(.text)
    .text                                    0x08009a14   Section        0  memseta.o(.text)
    .text                                    0x08009a38   Section        0  strcpy.o(.text)
    .text                                    0x08009a4a   Section        0  fadd.o(.text)
    .text                                    0x08009afa   Section        0  fdiv.o(.text)
    .text                                    0x08009b76   Section        0  dadd.o(.text)
    .text                                    0x08009cc4   Section        0  ffltui.o(.text)
    .text                                    0x08009cce   Section        0  ffixui.o(.text)
    .text                                    0x08009cf6   Section        0  f2d.o(.text)
    .text                                    0x08009d1c   Section        0  d2f.o(.text)
    .text                                    0x08009d54   Section       20  cfcmple.o(.text)
    .text                                    0x08009d68   Section       20  cfrcmple.o(.text)
    .text                                    0x08009d7c   Section        0  llshl.o(.text)
    .text                                    0x08009d9a   Section        0  llsshr.o(.text)
    .text                                    0x08009dbe   Section        0  iusefp.o(.text)
    .text                                    0x08009dbe   Section        0  fepilogue.o(.text)
    .text                                    0x08009e2c   Section        0  depilogue.o(.text)
    .text                                    0x08009ee6   Section        0  dmul.o(.text)
    .text                                    0x08009fca   Section        0  ddiv.o(.text)
    .text                                    0x0800a0a8   Section        0  dscalb.o(.text)
    .text                                    0x0800a0d6   Section        0  dflti.o(.text)
    .text                                    0x0800a0f8   Section       48  cdrcmple.o(.text)
    .text                                    0x0800a128   Section       36  init.o(.text)
    .text                                    0x0800a14c   Section        0  llushr.o(.text)
    .text                                    0x0800a16c   Section        0  dsqrt.o(.text)
    .text                                    0x0800a20e   Section        0  __dczerorl2.o(.text)
    i.Allcolor                               0x0800a264   Section        0  lib.o(i.Allcolor)
    i.ShowTxt                                0x0800a2b4   Section        0  lib.o(i.ShowTxt)
    i.__ARM_fpclassify                       0x0800a328   Section        0  fpclassify.o(i.__ARM_fpclassify)
    i.__kernel_poly                          0x0800a350   Section        0  poly.o(i.__kernel_poly)
    i.__mathlib_dbl_divzero                  0x0800a3fc   Section        0  dunder.o(i.__mathlib_dbl_divzero)
    i.__mathlib_dbl_infnan2                  0x0800a40c   Section        0  dunder.o(i.__mathlib_dbl_infnan2)
    i.__mathlib_dbl_invalid                  0x0800a410   Section        0  dunder.o(i.__mathlib_dbl_invalid)
    i.__mathlib_dbl_overflow                 0x0800a41c   Section        0  dunder.o(i.__mathlib_dbl_overflow)
    i.__mathlib_dbl_underflow                0x0800a42c   Section        0  dunder.o(i.__mathlib_dbl_underflow)
    i.__scatterload_copy                     0x0800a43c   Section       14  handlers.o(i.__scatterload_copy)
    i.__scatterload_null                     0x0800a44a   Section        2  handlers.o(i.__scatterload_null)
    i.__scatterload_zeroinit                 0x0800a44c   Section       14  handlers.o(i.__scatterload_zeroinit)
    i.__set_errno                            0x0800a45c   Section        0  errno.o(i.__set_errno)
    i.comsend                                0x0800a468   Section        0  lib.o(i.comsend)
    i.num2HEXchar                            0x0800a494   Section        0  lib.o(i.num2HEXchar)
    i.pow                                    0x0800a4d4   Section        0  pow.o(i.pow)
    i.showbmp                                0x0800aeac   Section        0  lib.o(i.showbmp)
    i.sqrt                                   0x0800af44   Section        0  sqrt.o(i.sqrt)
    .constdata                               0x0800af90   Section       32  lvds_otp.o(.constdata)
    .constdata                               0x0800afb0   Section      136  pow.o(.constdata)
    bp                                       0x0800afb0   Data          16  pow.o(.constdata)
    dp_h                                     0x0800afc0   Data          16  pow.o(.constdata)
    dp_l                                     0x0800afd0   Data          16  pow.o(.constdata)
    L                                        0x0800afe0   Data          48  pow.o(.constdata)
    P                                        0x0800b010   Data          40  pow.o(.constdata)
    .constdata                               0x0800b038   Section        8  qnan.o(.constdata)
    .data                                    0x20000000   Section        7  stm32f10x_it.o(.data)
    .data                                    0x20000008   Section       48  main.o(.data)
    TimingDelay                              0x20000010   Data           4  main.o(.data)
    .data                                    0x20000038   Section       59  lcd.o(.data)
    .data                                    0x20000074   Section       24  t226.o(.data)
    .data                                    0x2000008c   Section        2  mtransmit.o(.data)
    .data                                    0x20000090   Section      456  lvds_otp.o(.data)
    gamma_line                               0x200000b0   Data         424  lvds_otp.o(.data)
    .data                                    0x20000258   Section       20  system_stm32f10x.o(.data)
    .data                                    0x2000026c   Section       20  stm32f10x_rcc.o(.data)
    APBAHBPrescTable                         0x2000026c   Data          16  stm32f10x_rcc.o(.data)
    ADCPrescTable                            0x2000027c   Data           4  stm32f10x_rcc.o(.data)
    .data                                    0x20000280   Section        4  tsliic_rev_c.o(.data)
    .data                                    0x20000284   Section       40  sdcard.o(.data)
    CardType                                 0x20000288   Data           4  sdcard.o(.data)
    RCA                                      0x2000028c   Data           4  sdcard.o(.data)
    DeviceMode                               0x20000290   Data           4  sdcard.o(.data)
    TotalNumberOfBytes                       0x20000294   Data           4  sdcard.o(.data)
    StopCondition                            0x20000298   Data           4  sdcard.o(.data)
    .data                                    0x200002ac   Section        4  errno.o(.data)
    _errno                                   0x200002ac   Data           4  errno.o(.data)
    .bss                                     0x200002b0   Section      127  stm32f10x_it.o(.bss)
    .bss                                     0x20000330   Section       80  main.o(.bss)
    .bss                                     0x20000380   Section      310  lcd.o(.bss)
    .bss                                     0x200004b8   Section     2388  lvds_otp.o(.bss)
    gamma_save                               0x20000748   Data        1484  lvds_otp.o(.bss)
    gamasum                                  0x20000d14   Data         212  lvds_otp.o(.bss)
    gamma_light_measure                      0x20000de8   Data          36  lvds_otp.o(.bss)
    .bss                                     0x20000e40   Section      100  sdcard.o(.bss)
    CSD_Tab                                  0x20000e40   Data          16  sdcard.o(.bss)
    CID_Tab                                  0x20000e50   Data          16  sdcard.o(.bss)
    STACK                                    0x20000ea8   Section     1024  startup_stm32f10x_xl.o(STACK)

    Global Symbols

    Symbol Name                              Value     Ov Type        Size  Object(Section)

    BuildAttributes$$THM_ISAv4$P$D$K$B$S$PE$A:L22UL41UL21$X:L11$S22US41US21$IEEE1$IW$USESV6$~STKCKD$USESV7$~SHL$OTIME$ROPI$IEEEX$EBA8$MICROLIB$REQ8$PRES8$EABIv2 0x00000000   Number         0  anon$$obj.o ABSOLUTE
    __ARM_use_no_argv                        0x00000000   Number         0  main.o ABSOLUTE
    __cpp_initialize__aeabi_                  - Undefined Weak Reference
    __cxa_finalize                            - Undefined Weak Reference
    _clock_init                               - Undefined Weak Reference
    _microlib_exit                            - Undefined Weak Reference
    __Vectors_Size                           0x00000130   Number         0  startup_stm32f10x_xl.o ABSOLUTE
    __Vectors                                0x08000000   Data           4  startup_stm32f10x_xl.o(RESET)
    __Vectors_End                            0x08000130   Data           0  startup_stm32f10x_xl.o(RESET)
    __main                                   0x08000131   Thumb Code     0  entry.o(.ARM.Collect$$$$00000000)
    _main_stk                                0x08000131   Thumb Code     0  entry2.o(.ARM.Collect$$$$00000001)
    _main_scatterload                        0x08000135   Thumb Code     0  entry5.o(.ARM.Collect$$$$00000004)
    __main_after_scatterload                 0x08000139   Thumb Code     0  entry5.o(.ARM.Collect$$$$00000004)
    _main_clock                              0x08000139   Thumb Code     0  entry7b.o(.ARM.Collect$$$$00000008)
    _main_cpp_init                           0x08000139   Thumb Code     0  entry8b.o(.ARM.Collect$$$$0000000A)
    _main_init                               0x08000139   Thumb Code     0  entry9a.o(.ARM.Collect$$$$0000000B)
    __rt_final_cpp                           0x08000141   Thumb Code     0  entry10a.o(.ARM.Collect$$$$0000000D)
    __rt_final_exit                          0x08000141   Thumb Code     0  entry11a.o(.ARM.Collect$$$$0000000F)
    NMI_Handler                              0x08000145   Thumb Code     2  stm32f10x_it.o(.text)
    HardFault_Handler                        0x08000147   Thumb Code     4  stm32f10x_it.o(.text)
    MemManage_Handler                        0x0800014b   Thumb Code     4  stm32f10x_it.o(.text)
    BusFault_Handler                         0x0800014f   Thumb Code     4  stm32f10x_it.o(.text)
    UsageFault_Handler                       0x08000153   Thumb Code     4  stm32f10x_it.o(.text)
    SVC_Handler                              0x08000157   Thumb Code     2  stm32f10x_it.o(.text)
    DebugMon_Handler                         0x08000159   Thumb Code     2  stm32f10x_it.o(.text)
    PendSV_Handler                           0x0800015b   Thumb Code     2  stm32f10x_it.o(.text)
    SysTick_Handler                          0x0800015d   Thumb Code    18  stm32f10x_it.o(.text)
    EXTI15_10_IRQHandler                     0x0800016f   Thumb Code     2  stm32f10x_it.o(.text)
    USART1_IRQHandler                        0x08000171   Thumb Code    62  stm32f10x_it.o(.text)
    DelayMs                                  0x080001c9   Thumb Code    78  main.o(.text)
    ShowData                                 0x08000217   Thumb Code   164  main.o(.text)
    IDD_IOIDD_show                           0x080002bb   Thumb Code   152  main.o(.text)
    PassKey                                  0x08000353   Thumb Code   448  main.o(.text)
    Delay                                    0x08000513   Thumb Code    18  main.o(.text)
    NVIC_Configuration                       0x08000525   Thumb Code    68  main.o(.text)
    RCC_Configuration                        0x08000569   Thumb Code   144  main.o(.text)
    SYSinitialize                            0x080005f9   Thumb Code   262  main.o(.text)
    main                                     0x080006ff   Thumb Code   290  main.o(.text)
    ShowData_hex                             0x08000821   Thumb Code   252  main.o(.text)
    SD_InitAndConfig                         0x0800091d   Thumb Code   120  main.o(.text)
    fputc                                    0x08000995   Thumb Code    32  main.o(.text)
    EXTI0_IRQHandler                         0x080009b5   Thumb Code   116  main.o(.text)
    VCOM_set                                 0x08000a81   Thumb Code     2  lcd.o(.text)
    ID_set                                   0x08000a83   Thumb Code     2  lcd.o(.text)
    PG_inition_lcd                           0x08000a85   Thumb Code     2  lcd.o(.text)
    Forward_scan                             0x08000a87   Thumb Code     2  lcd.o(.text)
    Backward_scan                            0x08000a89   Thumb Code     2  lcd.o(.text)
    MTP                                      0x08000a8b   Thumb Code     2  lcd.o(.text)
    MTP_ID                                   0x08000a8d   Thumb Code     2  lcd.o(.text)
    STM_MINI_SET                             0x08000a8f   Thumb Code   170  lcd.o(.text)
    STM32_Init_SSD2828                       0x08000b39   Thumb Code   136  lcd.o(.text)
    SSD2828_VIDEO_MODE_HS                    0x08000bc1   Thumb Code    24  lcd.o(.text)
    SSD2828_ENTER_LP_mode                    0x08000bd9   Thumb Code    24  lcd.o(.text)
    SSD2828_ENTER_READ_LCDIC_mode            0x08000bf1   Thumb Code    24  lcd.o(.text)
    MDelay                                   0x08000c09   Thumb Code    28  lcd.o(.text)
    TC358768_DCS_write_1A_1P                 0x08000c25   Thumb Code    44  lcd.o(.text)
    READ_IC                                  0x08000c51   Thumb Code   210  lcd.o(.text)
    MIPI_Protocol_Write                      0x08000d23   Thumb Code    56  lcd.o(.text)
    MIPI_SPI_Write                           0x08000d5b   Thumb Code    68  lcd.o(.text)
    READ_IC_A                                0x08000d9f   Thumb Code   284  lcd.o(.text)
    TC358768_DCS_write_1A_0P                 0x08000ebb   Thumb Code    30  lcd.o(.text)
    SSD2828_101FD05                          0x08000ed9   Thumb Code    28  lcd.o(.text)
    SEND_IC_REG_OnlyFor045LF                 0x08000ef5   Thumb Code    36  lcd.o(.text)
    SEND_DATA_OnlyFor045LF                   0x08000f19   Thumb Code    52  lcd.o(.text)
    SSD2828_MIPI_MODE_CHANGE_OnlyFor045LF    0x08000f4d   Thumb Code    76  lcd.o(.text)
    enter_sleep_mode                         0x08000f99   Thumb Code    56  lcd.o(.text)
    exit_sleep_mode                          0x08000fd1   Thumb Code     8  lcd.o(.text)
    reset_lcd                                0x08000fd9   Thumb Code     8  lcd.o(.text)
    BEEP_ON                                  0x08000fe1   Thumb Code    18  lcd.o(.text)
    BEEP_OFF                                 0x08000ff3   Thumb Code    18  lcd.o(.text)
    BEEP_Dudu                                0x08001005   Thumb Code    80  lcd.o(.text)
    BEEP_BIBI                                0x08001055   Thumb Code    80  lcd.o(.text)
    BEEP_XiXi                                0x080010a5   Thumb Code    48  lcd.o(.text)
    BEEP_HuHu                                0x080010d5   Thumb Code    48  lcd.o(.text)
    BACK_LIGHT_OFF                           0x08001105   Thumb Code    54  lcd.o(.text)
    BACK_LIGHT_ON                            0x0800113b   Thumb Code    12  lcd.o(.text)
    IICTWait                                 0x08001159   Thumb Code    40  iic.o(.text)
    EEPROM_GPIO_Config                       0x08001181   Thumb Code    72  iic.o(.text)
    PIN_SDA1_IICFLOAT                        0x080011c9   Thumb Code    24  iic.o(.text)
    PIN_SDA1_IICOUTPUT                       0x080011e1   Thumb Code    30  iic.o(.text)
    IICStart                                 0x080011ff   Thumb Code    52  iic.o(.text)
    IICStop                                  0x08001233   Thumb Code    62  iic.o(.text)
    IICSendTAck                              0x08001271   Thumb Code    54  iic.o(.text)
    IICTestTAck                              0x080012a7   Thumb Code    58  iic.o(.text)
    IICSentByte                              0x080012e1   Thumb Code    78  iic.o(.text)
    IICReceiveByte                           0x0800132f   Thumb Code    74  iic.o(.text)
    EEPROMBYTE_Write                         0x08001379   Thumb Code    90  iic.o(.text)
    EEPROMBYTE_Read                          0x080013d3   Thumb Code    96  iic.o(.text)
    READ_SSD2828_onebyte                     0x08001441   Thumb Code   378  config_gpio_powerout_ssd2828_lowlayerfunction.o(.text)
    SSD2825_READ_AnyByte                     0x080015bb   Thumb Code   292  config_gpio_powerout_ssd2828_lowlayerfunction.o(.text)
    STM32TOSSD2828_W_COM                     0x080016df   Thumb Code   132  config_gpio_powerout_ssd2828_lowlayerfunction.o(.text)
    STM32TOSSD2828_W_DATA_16BITS             0x08001763   Thumb Code   266  config_gpio_powerout_ssd2828_lowlayerfunction.o(.text)
    STM32TOSSD2828_W_DATA_8BITS              0x0800186d   Thumb Code   134  config_gpio_powerout_ssd2828_lowlayerfunction.o(.text)
    V3ADJ_SET                                0x080018f3   Thumb Code     2  config_gpio_powerout_ssd2828_lowlayerfunction.o(.text)
    LCD_CtrlLinesConfig                      0x080018f5   Thumb Code   194  config_gpio_powerout_ssd2828_lowlayerfunction.o(.text)
    EXTI_Configuration                       0x080019b7   Thumb Code    46  config_gpio_powerout_ssd2828_lowlayerfunction.o(.text)
    KEYGPIO_Init                             0x080019e5   Thumb Code    94  config_gpio_powerout_ssd2828_lowlayerfunction.o(.text)
    DelayKEY                                 0x08001a43   Thumb Code    74  config_gpio_powerout_ssd2828_lowlayerfunction.o(.text)
    USART_REMAP_GPIO_Configuration           0x08001a8d   Thumb Code   116  config_gpio_powerout_ssd2828_lowlayerfunction.o(.text)
    USART_GPIO_Configuration                 0x08001b01   Thumb Code   116  config_gpio_powerout_ssd2828_lowlayerfunction.o(.text)
    T226_GPIO_Config                         0x08001b8d   Thumb Code    72  t226.o(.text)
    T226_I2CSDASetInput                      0x08001bd5   Thumb Code    24  t226.o(.text)
    T226_I2CSDASetOutput                     0x08001bed   Thumb Code    30  t226.o(.text)
    T226_I2CStart                            0x08001c0b   Thumb Code    48  t226.o(.text)
    T226_I2CStop                             0x08001c3b   Thumb Code    48  t226.o(.text)
    T226_I2CSendByte                         0x08001c6b   Thumb Code   126  t226.o(.text)
    T226_I2CReciveByte                       0x08001ce9   Thumb Code   120  t226.o(.text)
    T226_I2CTest                             0x08001d61   Thumb Code     4  t226.o(.text)
    T226_I2CSend                             0x08001d65   Thumb Code    86  t226.o(.text)
    T226_I2CReceive                          0x08001dbb   Thumb Code   110  t226.o(.text)
    M9_BUS_VOLTAGE                           0x08001e29   Thumb Code    52  t226.o(.text)
    M12_BUS_VOLTAGE                          0x08001e5d   Thumb Code    52  t226.o(.text)
    T226_intion                              0x08001e91   Thumb Code   192  t226.o(.text)
    Measure_IDD_once                         0x08001f51   Thumb Code   170  t226.o(.text)
    Measure_IDD_for_start                    0x08001ffb   Thumb Code   148  t226.o(.text)
    Measure_IDD                              0x0800208f   Thumb Code   170  t226.o(.text)
    Measure_IDDIO_once                       0x08002139   Thumb Code   134  t226.o(.text)
    Measure_IDDIO                            0x080021bf   Thumb Code   160  t226.o(.text)
    PA910SPISendValueofCurrent               0x0800225f   Thumb Code   666  t226.o(.text)
    USART_SEND_DEC                           0x080024f9   Thumb Code   160  t226.o(.text)
    AUTO_CALIBRATION                         0x08002599   Thumb Code  1090  t226.o(.text)
    RESTORE_CALIBRATION                      0x080029db   Thumb Code   120  t226.o(.text)
    STORE_CALIBRATION                        0x08002a53   Thumb Code   138  t226.o(.text)
    GET_PRESENT                              0x08002add   Thumb Code    54  t226.o(.text)
    AD5274_5271_GPIO_Config                  0x08002ba1   Thumb Code   128  v_set_c.o(.text)
    AD5274_5271_I2CSDASetInput               0x08002c21   Thumb Code    26  v_set_c.o(.text)
    AD5274_5271_I2CSDASetOutput              0x08002c3b   Thumb Code    32  v_set_c.o(.text)
    AD5274_5271_I2CStart                     0x08002c5b   Thumb Code    56  v_set_c.o(.text)
    AD5274_5271_I2CStop                      0x08002c93   Thumb Code    56  v_set_c.o(.text)
    AD5274_5271_I2CSendByte                  0x08002ccb   Thumb Code   140  v_set_c.o(.text)
    AD5274_5271_I2CReciveByte                0x08002d57   Thumb Code   134  v_set_c.o(.text)
    AD5274_5271_I2CTest                      0x08002ddd   Thumb Code     4  v_set_c.o(.text)
    AD5274_5271_I2CSend                      0x08002de1   Thumb Code   100  v_set_c.o(.text)
    AD5274_5271_I2CReceive                   0x08002e45   Thumb Code   142  v_set_c.o(.text)
    P557_GPIO_Config                         0x08002ed3   Thumb Code    72  v_set_c.o(.text)
    P557_I2CSDASetInput                      0x08002f1b   Thumb Code    24  v_set_c.o(.text)
    P557_I2CSDASetOutput                     0x08002f33   Thumb Code    30  v_set_c.o(.text)
    P557_I2CStart                            0x08002f51   Thumb Code    52  v_set_c.o(.text)
    P557_I2CStop                             0x08002f85   Thumb Code    66  v_set_c.o(.text)
    P557_I2CSendByte                         0x08002fc7   Thumb Code   134  v_set_c.o(.text)
    P557_I2CReciveByte                       0x0800304d   Thumb Code   128  v_set_c.o(.text)
    P557_I2CTest                             0x080030cd   Thumb Code     4  v_set_c.o(.text)
    P557_I2CSend                             0x080030d1   Thumb Code    86  v_set_c.o(.text)
    P557_I2CReceive                          0x08003127   Thumb Code   114  v_set_c.o(.text)
    P557_M1_I2CSDASetInput                   0x08003199   Thumb Code    24  v_set_c.o(.text)
    P557_M1_I2CSDASetOutput                  0x080031b1   Thumb Code    30  v_set_c.o(.text)
    P557_M1_I2CStart                         0x080031cf   Thumb Code    48  v_set_c.o(.text)
    P557_M1_I2CStop                          0x080031ff   Thumb Code    48  v_set_c.o(.text)
    P557_M1_I2CSendByte                      0x0800322f   Thumb Code   126  v_set_c.o(.text)
    P557_M1_I2CReciveByte                    0x080032ad   Thumb Code   120  v_set_c.o(.text)
    P557_M1_I2CTest                          0x08003325   Thumb Code     4  v_set_c.o(.text)
    P557_M1_I2CSend                          0x08003329   Thumb Code    86  v_set_c.o(.text)
    P557_M1_I2CReceive                       0x0800337f   Thumb Code   126  v_set_c.o(.text)
    VDD_ADJ_SET                              0x080033fd   Thumb Code   168  v_set_c.o(.text)
    VDD_ADJ_EN                               0x080034a5   Thumb Code   180  v_set_c.o(.text)
    VDDIO_ADJ_SET                            0x08003559   Thumb Code   192  v_set_c.o(.text)
    VOTP_ADJ_SET                             0x08003619   Thumb Code   218  v_set_c.o(.text)
    iic_delay                                0x08003709   Thumb Code    40  lvds_i2c.o(.text)
    LVDS_IIC_GPIO_Config                     0x08003731   Thumb Code    90  lvds_i2c.o(.text)
    LVDS_SDA_IICFLOAT                        0x0800378b   Thumb Code    26  lvds_i2c.o(.text)
    LVDS_SDA_IICOUTPUT                       0x080037a5   Thumb Code    30  lvds_i2c.o(.text)
    LVDS_IICStart                            0x080037c3   Thumb Code    56  lvds_i2c.o(.text)
    LVDS_IICStop                             0x080037fb   Thumb Code    56  lvds_i2c.o(.text)
    LVDS_IICSendTAck                         0x08003833   Thumb Code    58  lvds_i2c.o(.text)
    LVDS_IICTestTAck                         0x0800386d   Thumb Code    36  lvds_i2c.o(.text)
    LVDS_IICSentByte                         0x08003891   Thumb Code    82  lvds_i2c.o(.text)
    LVDS_IICReceiveByte                      0x080038e3   Thumb Code    76  lvds_i2c.o(.text)
    LVDS_BYTE_Write                          0x0800392f   Thumb Code    90  lvds_i2c.o(.text)
    LVDS_BYTE_Read                           0x08003989   Thumb Code   104  lvds_i2c.o(.text)
    STM32TO_LVDSSPI_W_DATA_16BITS            0x080039f1   Thumb Code    90  lvds_i2c.o(.text)
    LVDS_READ_SPI                            0x08003a4b   Thumb Code   274  lvds_i2c.o(.text)
    LVDS_SPI                                 0x08003b5d   Thumb Code    42  lvds_i2c.o(.text)
    LVDS_WRITE_SPI                           0x08003b87   Thumb Code    30  lvds_i2c.o(.text)
    Senser_Master_SPI_Configuration          0x08003ba5   Thumb Code    90  mtransmit.o(.text)
    Senser_Master_SDA_Input_Config           0x08003bff   Thumb Code    32  mtransmit.o(.text)
    Senser_Master_SDA_Output_Config          0x08003c1f   Thumb Code    46  mtransmit.o(.text)
    Senser_Dly_1ms                           0x08003c4d   Thumb Code    76  mtransmit.o(.text)
    Senser_Master_Send_Sync_ACK              0x08003c99   Thumb Code    14  mtransmit.o(.text)
    Senser_Master_send_ACK                   0x08003ca7   Thumb Code    14  mtransmit.o(.text)
    Senser_Master_Send_Data                  0x08003cb5   Thumb Code   102  mtransmit.o(.text)
    Senser_Master_Receive_Data               0x08003d1b   Thumb Code    92  mtransmit.o(.text)
    Senser_Master_Receive_Sync_ACK           0x08003d77   Thumb Code    62  mtransmit.o(.text)
    Senser_Dly_1us                           0x08003db5   Thumb Code    66  mtransmit.o(.text)
    ave_Bright                               0x08003df7   Thumb Code    40  mtransmit.o(.text)
    Measure_Brightness_Init                  0x08003e1f   Thumb Code    28  mtransmit.o(.text)
    Receive_flicker                          0x08003e3b   Thumb Code    44  mtransmit.o(.text)
    Niubee_Senser_initial                    0x08003e67   Thumb Code    28  mtransmit.o(.text)
    AUT_Flicker_Senser_initial               0x08003e83   Thumb Code    28  mtransmit.o(.text)
    LVDS_MTP                                 0x08003ead   Thumb Code   292  lvds_otp.o(.text)
    LVDS_VCOM_SETX                           0x08003fd1   Thumb Code    34  lvds_otp.o(.text)
    LVDS_VCOM_SET_Subtle                     0x08003ff3   Thumb Code    26  lvds_otp.o(.text)
    LVDS_HFZ_SETX                            0x0800400d   Thumb Code    42  lvds_otp.o(.text)
    LVDS_KEY_adjust                          0x08004037   Thumb Code   466  lvds_otp.o(.text)
    OTP_ID_OK                                0x08004209   Thumb Code    28  lvds_otp.o(.text)
    OTP_ID_NG                                0x08004225   Thumb Code    28  lvds_otp.o(.text)
    OTP_ERROR_1                              0x08004241   Thumb Code    16  lvds_otp.o(.text)
    OTP_ERROR_2                              0x08004251   Thumb Code    16  lvds_otp.o(.text)
    OTP_ERROR_3                              0x08004261   Thumb Code    28  lvds_otp.o(.text)
    OTP_ERROR_4                              0x0800427d   Thumb Code   292  lvds_otp.o(.text)
    OTP_ERROR_5                              0x080043a1   Thumb Code    16  lvds_otp.o(.text)
    OTP_NO                                   0x080043b1   Thumb Code    28  lvds_otp.o(.text)
    OTP_OK                                   0x080043cd   Thumb Code    28  lvds_otp.o(.text)
    OTP_adjust_resultX                       0x080043e9   Thumb Code    72  lvds_otp.o(.text)
    OTP_adjust_resultZ                       0x08004431   Thumb Code    72  lvds_otp.o(.text)
    SHOW_READ_VALUE                          0x08004479   Thumb Code  1878  lvds_otp.o(.text)
    I2C_MEMSURE1_Z                           0x08004bcf   Thumb Code   326  lvds_otp.o(.text)
    I2C_MEMSURE1_X                           0x08004d15   Thumb Code   512  lvds_otp.o(.text)
    I2C_DATAL_COMPARE_X                      0x08004f15   Thumb Code    54  lvds_otp.o(.text)
    OTP_Dispose_X                            0x08004f4b   Thumb Code    72  lvds_otp.o(.text)
    I2C_DATAL_COMPARE_Z                      0x08004f93   Thumb Code    54  lvds_otp.o(.text)
    OTP_Dispose_Z                            0x08004fc9   Thumb Code    72  lvds_otp.o(.text)
    Check_mtp                                0x08005011   Thumb Code    78  lvds_otp.o(.text)
    Auto_otp                                 0x0800505f   Thumb Code   146  lvds_otp.o(.text)
    Sensor_check                             0x080050f1   Thumb Code   112  lvds_otp.o(.text)
    GAMMA_OTP_CHECK                          0x08005161   Thumb Code   188  lvds_otp.o(.text)
    GAMMA_LINE_CHECK                         0x0800521d   Thumb Code  1792  lvds_otp.o(.text)
    Reset_Handler                            0x08005979   Thumb Code     8  startup_stm32f10x_xl.o(.text)
    ADC1_2_IRQHandler                        0x08005993   Thumb Code     0  startup_stm32f10x_xl.o(.text)
    ADC3_IRQHandler                          0x08005993   Thumb Code     0  startup_stm32f10x_xl.o(.text)
    CAN1_RX1_IRQHandler                      0x08005993   Thumb Code     0  startup_stm32f10x_xl.o(.text)
    CAN1_SCE_IRQHandler                      0x08005993   Thumb Code     0  startup_stm32f10x_xl.o(.text)
    DMA1_Channel1_IRQHandler                 0x08005993   Thumb Code     0  startup_stm32f10x_xl.o(.text)
    DMA1_Channel2_IRQHandler                 0x08005993   Thumb Code     0  startup_stm32f10x_xl.o(.text)
    DMA1_Channel3_IRQHandler                 0x08005993   Thumb Code     0  startup_stm32f10x_xl.o(.text)
    DMA1_Channel4_IRQHandler                 0x08005993   Thumb Code     0  startup_stm32f10x_xl.o(.text)
    DMA1_Channel5_IRQHandler                 0x08005993   Thumb Code     0  startup_stm32f10x_xl.o(.text)
    DMA1_Channel6_IRQHandler                 0x08005993   Thumb Code     0  startup_stm32f10x_xl.o(.text)
    DMA1_Channel7_IRQHandler                 0x08005993   Thumb Code     0  startup_stm32f10x_xl.o(.text)
    DMA2_Channel1_IRQHandler                 0x08005993   Thumb Code     0  startup_stm32f10x_xl.o(.text)
    DMA2_Channel2_IRQHandler                 0x08005993   Thumb Code     0  startup_stm32f10x_xl.o(.text)
    DMA2_Channel3_IRQHandler                 0x08005993   Thumb Code     0  startup_stm32f10x_xl.o(.text)
    DMA2_Channel4_5_IRQHandler               0x08005993   Thumb Code     0  startup_stm32f10x_xl.o(.text)
    EXTI1_IRQHandler                         0x08005993   Thumb Code     0  startup_stm32f10x_xl.o(.text)
    EXTI2_IRQHandler                         0x08005993   Thumb Code     0  startup_stm32f10x_xl.o(.text)
    EXTI3_IRQHandler                         0x08005993   Thumb Code     0  startup_stm32f10x_xl.o(.text)
    EXTI4_IRQHandler                         0x08005993   Thumb Code     0  startup_stm32f10x_xl.o(.text)
    EXTI9_5_IRQHandler                       0x08005993   Thumb Code     0  startup_stm32f10x_xl.o(.text)
    FLASH_IRQHandler                         0x08005993   Thumb Code     0  startup_stm32f10x_xl.o(.text)
    FSMC_IRQHandler                          0x08005993   Thumb Code     0  startup_stm32f10x_xl.o(.text)
    I2C1_ER_IRQHandler                       0x08005993   Thumb Code     0  startup_stm32f10x_xl.o(.text)
    I2C1_EV_IRQHandler                       0x08005993   Thumb Code     0  startup_stm32f10x_xl.o(.text)
    I2C2_ER_IRQHandler                       0x08005993   Thumb Code     0  startup_stm32f10x_xl.o(.text)
    I2C2_EV_IRQHandler                       0x08005993   Thumb Code     0  startup_stm32f10x_xl.o(.text)
    PVD_IRQHandler                           0x08005993   Thumb Code     0  startup_stm32f10x_xl.o(.text)
    RCC_IRQHandler                           0x08005993   Thumb Code     0  startup_stm32f10x_xl.o(.text)
    RTCAlarm_IRQHandler                      0x08005993   Thumb Code     0  startup_stm32f10x_xl.o(.text)
    RTC_IRQHandler                           0x08005993   Thumb Code     0  startup_stm32f10x_xl.o(.text)
    SDIO_IRQHandler                          0x08005993   Thumb Code     0  startup_stm32f10x_xl.o(.text)
    SPI1_IRQHandler                          0x08005993   Thumb Code     0  startup_stm32f10x_xl.o(.text)
    SPI2_IRQHandler                          0x08005993   Thumb Code     0  startup_stm32f10x_xl.o(.text)
    SPI3_IRQHandler                          0x08005993   Thumb Code     0  startup_stm32f10x_xl.o(.text)
    TAMPER_IRQHandler                        0x08005993   Thumb Code     0  startup_stm32f10x_xl.o(.text)
    TIM1_BRK_TIM9_IRQHandler                 0x08005993   Thumb Code     0  startup_stm32f10x_xl.o(.text)
    TIM1_CC_IRQHandler                       0x08005993   Thumb Code     0  startup_stm32f10x_xl.o(.text)
    TIM1_TRG_COM_TIM11_IRQHandler            0x08005993   Thumb Code     0  startup_stm32f10x_xl.o(.text)
    TIM1_UP_TIM10_IRQHandler                 0x08005993   Thumb Code     0  startup_stm32f10x_xl.o(.text)
    TIM2_IRQHandler                          0x08005993   Thumb Code     0  startup_stm32f10x_xl.o(.text)
    TIM3_IRQHandler                          0x08005993   Thumb Code     0  startup_stm32f10x_xl.o(.text)
    TIM4_IRQHandler                          0x08005993   Thumb Code     0  startup_stm32f10x_xl.o(.text)
    TIM5_IRQHandler                          0x08005993   Thumb Code     0  startup_stm32f10x_xl.o(.text)
    TIM6_IRQHandler                          0x08005993   Thumb Code     0  startup_stm32f10x_xl.o(.text)
    TIM7_IRQHandler                          0x08005993   Thumb Code     0  startup_stm32f10x_xl.o(.text)
    TIM8_BRK_TIM12_IRQHandler                0x08005993   Thumb Code     0  startup_stm32f10x_xl.o(.text)
    TIM8_CC_IRQHandler                       0x08005993   Thumb Code     0  startup_stm32f10x_xl.o(.text)
    TIM8_TRG_COM_TIM14_IRQHandler            0x08005993   Thumb Code     0  startup_stm32f10x_xl.o(.text)
    TIM8_UP_TIM13_IRQHandler                 0x08005993   Thumb Code     0  startup_stm32f10x_xl.o(.text)
    UART4_IRQHandler                         0x08005993   Thumb Code     0  startup_stm32f10x_xl.o(.text)
    UART5_IRQHandler                         0x08005993   Thumb Code     0  startup_stm32f10x_xl.o(.text)
    USART2_IRQHandler                        0x08005993   Thumb Code     0  startup_stm32f10x_xl.o(.text)
    USART3_IRQHandler                        0x08005993   Thumb Code     0  startup_stm32f10x_xl.o(.text)
    USBWakeUp_IRQHandler                     0x08005993   Thumb Code     0  startup_stm32f10x_xl.o(.text)
    USB_HP_CAN1_TX_IRQHandler                0x08005993   Thumb Code     0  startup_stm32f10x_xl.o(.text)
    USB_LP_CAN1_RX0_IRQHandler               0x08005993   Thumb Code     0  startup_stm32f10x_xl.o(.text)
    WWDG_IRQHandler                          0x08005993   Thumb Code     0  startup_stm32f10x_xl.o(.text)
    SystemInit                               0x08005a7b   Thumb Code    78  system_stm32f10x.o(.text)
    SystemCoreClockUpdate                    0x08005ac9   Thumb Code   142  system_stm32f10x.o(.text)
    RCC_DeInit                               0x08005b7d   Thumb Code    64  stm32f10x_rcc.o(.text)
    RCC_HSEConfig                            0x08005bbd   Thumb Code    70  stm32f10x_rcc.o(.text)
    RCC_GetFlagStatus                        0x08005c03   Thumb Code    56  stm32f10x_rcc.o(.text)
    RCC_WaitForHSEStartUp                    0x08005c3b   Thumb Code    56  stm32f10x_rcc.o(.text)
    RCC_AdjustHSICalibrationValue            0x08005c73   Thumb Code    20  stm32f10x_rcc.o(.text)
    RCC_HSICmd                               0x08005c87   Thumb Code     6  stm32f10x_rcc.o(.text)
    RCC_PLLConfig                            0x08005c8d   Thumb Code    24  stm32f10x_rcc.o(.text)
    RCC_PLLCmd                               0x08005ca5   Thumb Code     6  stm32f10x_rcc.o(.text)
    RCC_SYSCLKConfig                         0x08005cab   Thumb Code    18  stm32f10x_rcc.o(.text)
    RCC_GetSYSCLKSource                      0x08005cbd   Thumb Code    10  stm32f10x_rcc.o(.text)
    RCC_HCLKConfig                           0x08005cc7   Thumb Code    18  stm32f10x_rcc.o(.text)
    RCC_PCLK1Config                          0x08005cd9   Thumb Code    18  stm32f10x_rcc.o(.text)
    RCC_PCLK2Config                          0x08005ceb   Thumb Code    20  stm32f10x_rcc.o(.text)
    RCC_ITConfig                             0x08005cff   Thumb Code    26  stm32f10x_rcc.o(.text)
    RCC_USBCLKConfig                         0x08005d19   Thumb Code     8  stm32f10x_rcc.o(.text)
    RCC_ADCCLKConfig                         0x08005d21   Thumb Code    18  stm32f10x_rcc.o(.text)
    RCC_LSEConfig                            0x08005d33   Thumb Code    50  stm32f10x_rcc.o(.text)
    RCC_LSICmd                               0x08005d65   Thumb Code     6  stm32f10x_rcc.o(.text)
    RCC_RTCCLKConfig                         0x08005d6b   Thumb Code    12  stm32f10x_rcc.o(.text)
    RCC_RTCCLKCmd                            0x08005d77   Thumb Code     8  stm32f10x_rcc.o(.text)
    RCC_GetClocksFreq                        0x08005d7f   Thumb Code   192  stm32f10x_rcc.o(.text)
    RCC_AHBPeriphClockCmd                    0x08005e3f   Thumb Code    26  stm32f10x_rcc.o(.text)
    RCC_APB2PeriphClockCmd                   0x08005e59   Thumb Code    26  stm32f10x_rcc.o(.text)
    RCC_APB1PeriphClockCmd                   0x08005e73   Thumb Code    26  stm32f10x_rcc.o(.text)
    RCC_APB2PeriphResetCmd                   0x08005e8d   Thumb Code    26  stm32f10x_rcc.o(.text)
    RCC_APB1PeriphResetCmd                   0x08005ea7   Thumb Code    26  stm32f10x_rcc.o(.text)
    RCC_BackupResetCmd                       0x08005ec1   Thumb Code     8  stm32f10x_rcc.o(.text)
    RCC_ClockSecuritySystemCmd               0x08005ec9   Thumb Code     6  stm32f10x_rcc.o(.text)
    RCC_MCOConfig                            0x08005ecf   Thumb Code     6  stm32f10x_rcc.o(.text)
    RCC_ClearFlag                            0x08005ed5   Thumb Code    14  stm32f10x_rcc.o(.text)
    RCC_GetITStatus                          0x08005ee3   Thumb Code    20  stm32f10x_rcc.o(.text)
    RCC_ClearITPendingBit                    0x08005ef7   Thumb Code     6  stm32f10x_rcc.o(.text)
    GPIO_DeInit                              0x08005f21   Thumb Code   172  stm32f10x_gpio.o(.text)
    GPIO_AFIODeInit                          0x08005fcd   Thumb Code    20  stm32f10x_gpio.o(.text)
    GPIO_Init                                0x08005fe1   Thumb Code   278  stm32f10x_gpio.o(.text)
    GPIO_StructInit                          0x080060f7   Thumb Code    16  stm32f10x_gpio.o(.text)
    GPIO_ReadInputDataBit                    0x08006107   Thumb Code    18  stm32f10x_gpio.o(.text)
    GPIO_ReadInputData                       0x08006119   Thumb Code     8  stm32f10x_gpio.o(.text)
    GPIO_ReadOutputDataBit                   0x08006121   Thumb Code    18  stm32f10x_gpio.o(.text)
    GPIO_ReadOutputData                      0x08006133   Thumb Code     8  stm32f10x_gpio.o(.text)
    GPIO_SetBits                             0x0800613b   Thumb Code     4  stm32f10x_gpio.o(.text)
    GPIO_ResetBits                           0x0800613f   Thumb Code     4  stm32f10x_gpio.o(.text)
    GPIO_WriteBit                            0x08006143   Thumb Code    10  stm32f10x_gpio.o(.text)
    GPIO_Write                               0x0800614d   Thumb Code     4  stm32f10x_gpio.o(.text)
    GPIO_PinLockConfig                       0x08006151   Thumb Code    18  stm32f10x_gpio.o(.text)
    GPIO_EventOutputConfig                   0x08006163   Thumb Code    26  stm32f10x_gpio.o(.text)
    GPIO_EventOutputCmd                      0x0800617d   Thumb Code     6  stm32f10x_gpio.o(.text)
    GPIO_PinRemapConfig                      0x08006183   Thumb Code   138  stm32f10x_gpio.o(.text)
    GPIO_EXTILineConfig                      0x0800620d   Thumb Code    66  stm32f10x_gpio.o(.text)
    GPIO_ETH_MediaInterfaceConfig            0x0800624f   Thumb Code     8  stm32f10x_gpio.o(.text)
    NVIC_PriorityGroupConfig                 0x0800627d   Thumb Code    10  misc.o(.text)
    NVIC_Init                                0x08006287   Thumb Code   100  misc.o(.text)
    NVIC_SetVectorTable                      0x080062eb   Thumb Code    14  misc.o(.text)
    NVIC_SystemLPConfig                      0x080062f9   Thumb Code    34  misc.o(.text)
    SysTick_CLKSourceConfig                  0x0800631b   Thumb Code    40  misc.o(.text)
    EXTI_DeInit                              0x08006359   Thumb Code    28  stm32f10x_exti.o(.text)
    EXTI_Init                                0x08006375   Thumb Code   142  stm32f10x_exti.o(.text)
    EXTI_StructInit                          0x08006403   Thumb Code    16  stm32f10x_exti.o(.text)
    EXTI_GenerateSWInterrupt                 0x08006413   Thumb Code    16  stm32f10x_exti.o(.text)
    EXTI_GetFlagStatus                       0x08006423   Thumb Code    22  stm32f10x_exti.o(.text)
    EXTI_ClearFlag                           0x08006439   Thumb Code     8  stm32f10x_exti.o(.text)
    EXTI_GetITStatus                         0x08006441   Thumb Code    34  stm32f10x_exti.o(.text)
    EXTI_ClearITPendingBit                   0x08006463   Thumb Code     8  stm32f10x_exti.o(.text)
    USART_DeInit                             0x08006475   Thumb Code   134  stm32f10x_usart.o(.text)
    USART_Init                               0x080064fb   Thumb Code   210  stm32f10x_usart.o(.text)
    USART_StructInit                         0x080065cd   Thumb Code    24  stm32f10x_usart.o(.text)
    USART_ClockInit                          0x080065e5   Thumb Code    34  stm32f10x_usart.o(.text)
    USART_ClockStructInit                    0x08006607   Thumb Code    12  stm32f10x_usart.o(.text)
    USART_Cmd                                0x08006613   Thumb Code    24  stm32f10x_usart.o(.text)
    USART_ITConfig                           0x0800662b   Thumb Code    74  stm32f10x_usart.o(.text)
    USART_DMACmd                             0x08006675   Thumb Code    18  stm32f10x_usart.o(.text)
    USART_SetAddress                         0x08006687   Thumb Code    18  stm32f10x_usart.o(.text)
    USART_WakeUpConfig                       0x08006699   Thumb Code    18  stm32f10x_usart.o(.text)
    USART_ReceiverWakeUpCmd                  0x080066ab   Thumb Code    24  stm32f10x_usart.o(.text)
    USART_LINBreakDetectLengthConfig         0x080066c3   Thumb Code    18  stm32f10x_usart.o(.text)
    USART_LINCmd                             0x080066d5   Thumb Code    24  stm32f10x_usart.o(.text)
    USART_SendData                           0x080066ed   Thumb Code     8  stm32f10x_usart.o(.text)
    USART_ReceiveData                        0x080066f5   Thumb Code    10  stm32f10x_usart.o(.text)
    USART_SendBreak                          0x080066ff   Thumb Code    10  stm32f10x_usart.o(.text)
    USART_SetGuardTime                       0x08006709   Thumb Code    16  stm32f10x_usart.o(.text)
    USART_SetPrescaler                       0x08006719   Thumb Code    16  stm32f10x_usart.o(.text)
    USART_SmartCardCmd                       0x08006729   Thumb Code    24  stm32f10x_usart.o(.text)
    USART_SmartCardNACKCmd                   0x08006741   Thumb Code    24  stm32f10x_usart.o(.text)
    USART_HalfDuplexCmd                      0x08006759   Thumb Code    24  stm32f10x_usart.o(.text)
    USART_OverSampling8Cmd                   0x08006771   Thumb Code    22  stm32f10x_usart.o(.text)
    USART_OneBitMethodCmd                    0x08006787   Thumb Code    24  stm32f10x_usart.o(.text)
    USART_IrDAConfig                         0x0800679f   Thumb Code    18  stm32f10x_usart.o(.text)
    USART_IrDACmd                            0x080067b1   Thumb Code    24  stm32f10x_usart.o(.text)
    USART_GetFlagStatus                      0x080067c9   Thumb Code    26  stm32f10x_usart.o(.text)
    USART_ClearFlag                          0x080067e3   Thumb Code    18  stm32f10x_usart.o(.text)
    USART_GetITStatus                        0x080067f5   Thumb Code    84  stm32f10x_usart.o(.text)
    USART_ClearITPendingBit                  0x08006849   Thumb Code    52  stm32f10x_usart.o(.text)
    SDIO_DeInit                              0x0800687d   Thumb Code    28  stm32f10x_sdio.o(.text)
    SDIO_Init                                0x08006899   Thumb Code    42  stm32f10x_sdio.o(.text)
    SDIO_StructInit                          0x080068c3   Thumb Code    16  stm32f10x_sdio.o(.text)
    SDIO_ClockCmd                            0x080068d3   Thumb Code     6  stm32f10x_sdio.o(.text)
    SDIO_SetPowerState                       0x080068d9   Thumb Code    22  stm32f10x_sdio.o(.text)
    SDIO_GetPowerState                       0x080068ef   Thumb Code    10  stm32f10x_sdio.o(.text)
    SDIO_ITConfig                            0x080068f9   Thumb Code    26  stm32f10x_sdio.o(.text)
    SDIO_DMACmd                              0x08006913   Thumb Code     6  stm32f10x_sdio.o(.text)
    SDIO_SendCommand                         0x08006919   Thumb Code    38  stm32f10x_sdio.o(.text)
    SDIO_CmdStructInit                       0x0800693f   Thumb Code    14  stm32f10x_sdio.o(.text)
    SDIO_GetCommandResponse                  0x0800694d   Thumb Code     8  stm32f10x_sdio.o(.text)
    SDIO_GetResponse                         0x08006955   Thumb Code    22  stm32f10x_sdio.o(.text)
    SDIO_DataConfig                          0x0800696b   Thumb Code    42  stm32f10x_sdio.o(.text)
    SDIO_DataStructInit                      0x08006995   Thumb Code    20  stm32f10x_sdio.o(.text)
    SDIO_GetDataCounter                      0x080069a9   Thumb Code     6  stm32f10x_sdio.o(.text)
    SDIO_ReadData                            0x080069af   Thumb Code     8  stm32f10x_sdio.o(.text)
    SDIO_WriteData                           0x080069b7   Thumb Code     8  stm32f10x_sdio.o(.text)
    SDIO_GetFIFOCount                        0x080069bf   Thumb Code     6  stm32f10x_sdio.o(.text)
    SDIO_StartSDIOReadWait                   0x080069c5   Thumb Code     8  stm32f10x_sdio.o(.text)
    SDIO_StopSDIOReadWait                    0x080069cd   Thumb Code     8  stm32f10x_sdio.o(.text)
    SDIO_SetSDIOReadWaitMode                 0x080069d5   Thumb Code     8  stm32f10x_sdio.o(.text)
    SDIO_SetSDIOOperation                    0x080069dd   Thumb Code     8  stm32f10x_sdio.o(.text)
    SDIO_SendSDIOSuspendCmd                  0x080069e5   Thumb Code     6  stm32f10x_sdio.o(.text)
    SDIO_CommandCompletionCmd                0x080069eb   Thumb Code     8  stm32f10x_sdio.o(.text)
    SDIO_CEATAITCmd                          0x080069f3   Thumb Code    12  stm32f10x_sdio.o(.text)
    SDIO_SendCEATACmd                        0x080069ff   Thumb Code     8  stm32f10x_sdio.o(.text)
    SDIO_GetFlagStatus                       0x08006a07   Thumb Code    20  stm32f10x_sdio.o(.text)
    SDIO_ClearFlag                           0x08006a1b   Thumb Code     6  stm32f10x_sdio.o(.text)
    SDIO_GetITStatus                         0x08006a21   Thumb Code    20  stm32f10x_sdio.o(.text)
    SDIO_ClearITPendingBit                   0x08006a35   Thumb Code     6  stm32f10x_sdio.o(.text)
    DMA_DeInit                               0x08006a51   Thumb Code   324  stm32f10x_dma.o(.text)
    DMA_Init                                 0x08006b95   Thumb Code    60  stm32f10x_dma.o(.text)
    DMA_StructInit                           0x08006bd1   Thumb Code    26  stm32f10x_dma.o(.text)
    DMA_Cmd                                  0x08006beb   Thumb Code    24  stm32f10x_dma.o(.text)
    DMA_ITConfig                             0x08006c03   Thumb Code    18  stm32f10x_dma.o(.text)
    DMA_SetCurrDataCounter                   0x08006c15   Thumb Code     4  stm32f10x_dma.o(.text)
    DMA_GetCurrDataCounter                   0x08006c19   Thumb Code     8  stm32f10x_dma.o(.text)
    DMA_GetFlagStatus                        0x08006c21   Thumb Code    40  stm32f10x_dma.o(.text)
    DMA_ClearFlag                            0x08006c49   Thumb Code    22  stm32f10x_dma.o(.text)
    DMA_GetITStatus                          0x08006c5f   Thumb Code    40  stm32f10x_dma.o(.text)
    DMA_ClearITPendingBit                    0x08006c87   Thumb Code    22  stm32f10x_dma.o(.text)
    FLASH_SetLatency                         0x08006ca5   Thumb Code    18  stm32f10x_flash.o(.text)
    FLASH_HalfCycleAccessCmd                 0x08006cb7   Thumb Code    22  stm32f10x_flash.o(.text)
    FLASH_PrefetchBufferCmd                  0x08006ccd   Thumb Code    22  stm32f10x_flash.o(.text)
    FLASH_Unlock                             0x08006ce3   Thumb Code    20  stm32f10x_flash.o(.text)
    FLASH_UnlockBank1                        0x08006cf7   Thumb Code    12  stm32f10x_flash.o(.text)
    FLASH_UnlockBank2                        0x08006d03   Thumb Code    12  stm32f10x_flash.o(.text)
    FLASH_Lock                               0x08006d0f   Thumb Code    24  stm32f10x_flash.o(.text)
    FLASH_LockBank1                          0x08006d27   Thumb Code    14  stm32f10x_flash.o(.text)
    FLASH_LockBank2                          0x08006d35   Thumb Code    14  stm32f10x_flash.o(.text)
    FLASH_GetBank2Status                     0x08006d43   Thumb Code    48  stm32f10x_flash.o(.text)
    FLASH_WaitForLastBank2Operation          0x08006d73   Thumb Code    38  stm32f10x_flash.o(.text)
    FLASH_GetBank1Status                     0x08006d99   Thumb Code    48  stm32f10x_flash.o(.text)
    FLASH_WaitForLastBank1Operation          0x08006dc9   Thumb Code    38  stm32f10x_flash.o(.text)
    FLASH_ErasePage                          0x08006def   Thumb Code   142  stm32f10x_flash.o(.text)
    FLASH_EraseAllPages                      0x08006e7d   Thumb Code   118  stm32f10x_flash.o(.text)
    FLASH_EraseAllBank1Pages                 0x08006ef3   Thumb Code    68  stm32f10x_flash.o(.text)
    FLASH_EraseAllBank2Pages                 0x08006f37   Thumb Code    68  stm32f10x_flash.o(.text)
    FLASH_WaitForLastOperation               0x08006f7b   Thumb Code    38  stm32f10x_flash.o(.text)
    FLASH_GetReadOutProtectionStatus         0x08006fa1   Thumb Code    20  stm32f10x_flash.o(.text)
    FLASH_EraseOptionBytes                   0x08006fb5   Thumb Code   150  stm32f10x_flash.o(.text)
    FLASH_ProgramWord                        0x0800704b   Thumb Code   370  stm32f10x_flash.o(.text)
    FLASH_ProgramHalfWord                    0x080071bd   Thumb Code   110  stm32f10x_flash.o(.text)
    FLASH_ProgramOptionByteData              0x0800722b   Thumb Code    72  stm32f10x_flash.o(.text)
    FLASH_EnableWriteProtection              0x08007273   Thumb Code   180  stm32f10x_flash.o(.text)
    FLASH_ReadOutProtection                  0x08007327   Thumb Code   160  stm32f10x_flash.o(.text)
    FLASH_UserOptionByteConfig               0x080073c7   Thumb Code    88  stm32f10x_flash.o(.text)
    FLASH_BootConfig                         0x0800741f   Thumb Code   110  stm32f10x_flash.o(.text)
    FLASH_GetUserOptionByte                  0x0800748d   Thumb Code     8  stm32f10x_flash.o(.text)
    FLASH_GetWriteProtectionOptionByte       0x08007495   Thumb Code    28  stm32f10x_flash.o(.text)
    FLASH_GetPrefetchBufferStatus            0x080074b1   Thumb Code    20  stm32f10x_flash.o(.text)
    FLASH_ITConfig                           0x080074c5   Thumb Code    66  stm32f10x_flash.o(.text)
    FLASH_GetFlagStatus                      0x08007507   Thumb Code    64  stm32f10x_flash.o(.text)
    FLASH_ClearFlag                          0x08007547   Thumb Code    18  stm32f10x_flash.o(.text)
    FLASH_GetStatus                          0x08007559   Thumb Code    48  stm32f10x_flash.o(.text)
    Sensor_GPIO_Config                       0x0800758d   Thumb Code    40  tsliic_rev_c.o(.text)
    Dly_10ns                                 0x080075b5   Thumb Code    22  tsliic_rev_c.o(.text)
    TWait                                    0x080075cb   Thumb Code    10  tsliic_rev_c.o(.text)
    PIN_SDA_FLOAT                            0x080075d5   Thumb Code    26  tsliic_rev_c.o(.text)
    PIN_SDA_OUTPUT                           0x080075ef   Thumb Code    30  tsliic_rev_c.o(.text)
    TSLStart                                 0x0800760d   Thumb Code    56  tsliic_rev_c.o(.text)
    TSLStop                                  0x08007645   Thumb Code    62  tsliic_rev_c.o(.text)
    SendTAck                                 0x08007683   Thumb Code    58  tsliic_rev_c.o(.text)
    TestTAck                                 0x080076bd   Thumb Code    60  tsliic_rev_c.o(.text)
    TSLSentByte                              0x080076f9   Thumb Code    78  tsliic_rev_c.o(.text)
    TSLReceiveByte                           0x08007747   Thumb Code    76  tsliic_rev_c.o(.text)
    TSLWriteReg                              0x08007793   Thumb Code    84  tsliic_rev_c.o(.text)
    ReadReg                                  0x080077e7   Thumb Code   102  tsliic_rev_c.o(.text)
    ReadRegMuti                              0x0800784d   Thumb Code   132  tsliic_rev_c.o(.text)
    CalculateLux                             0x080078d1   Thumb Code   238  tsliic_rev_c.o(.text)
    TSL2561Init                              0x080079bf   Thumb Code    62  tsliic_rev_c.o(.text)
    sensor_check                             0x080079fd   Thumb Code    64  tsliic_rev_c.o(.text)
    GetBright                                0x08007a3d   Thumb Code    86  tsliic_rev_c.o(.text)
    GetBright2                               0x08007a93   Thumb Code    96  tsliic_rev_c.o(.text)
    GetFlicker                               0x08007af3   Thumb Code   436  tsliic_rev_c.o(.text)
    GET_FLICKER                              0x08007ca7   Thumb Code     8  tsliic_rev_c.o(.text)
    SD_InitializeCards                       0x08007cb5   Thumb Code   436  sdcard.o(.text)
    SD_PowerON                               0x08007f91   Thumb Code   484  sdcard.o(.text)
    SD_Init                                  0x08008175   Thumb Code   122  sdcard.o(.text)
    SD_PowerOFF                              0x080081ef   Thumb Code    14  sdcard.o(.text)
    SD_GetCardInfo                           0x080081fd   Thumb Code   626  sdcard.o(.text)
    SD_EnableWideBusOperation                0x08008693   Thumb Code   124  sdcard.o(.text)
    SD_SetDeviceMode                         0x0800870f   Thumb Code    28  sdcard.o(.text)
    SD_SelectDeselect                        0x0800872b   Thumb Code    40  sdcard.o(.text)
    SD_ReadBlock                             0x08008753   Thumb Code   612  sdcard.o(.text)
    SD_ReadMultiBlocks                       0x080089b7   Thumb Code   678  sdcard.o(.text)
    SD_WriteBlock                            0x08008dc9   Thumb Code   868  sdcard.o(.text)
    SD_WriteMultiBlocks                      0x0800912d   Thumb Code   988  sdcard.o(.text)
    SD_GetTransferState                      0x08009509   Thumb Code    14  sdcard.o(.text)
    SD_StopTransfer                          0x08009517   Thumb Code    36  sdcard.o(.text)
    SD_Erase                                 0x0800953b   Thumb Code   294  sdcard.o(.text)
    SD_SendStatus                            0x08009661   Thumb Code    72  sdcard.o(.text)
    SD_SendSDStatus                          0x080096a9   Thumb Code   370  sdcard.o(.text)
    SD_ProcessIRQSrc                         0x0800981b   Thumb Code   450  sdcard.o(.text)
    __aeabi_memcpy                           0x080099f1   Thumb Code    36  memcpya.o(.text)
    __aeabi_memcpy4                          0x080099f1   Thumb Code     0  memcpya.o(.text)
    __aeabi_memcpy8                          0x080099f1   Thumb Code     0  memcpya.o(.text)
    __aeabi_memset                           0x08009a15   Thumb Code    14  memseta.o(.text)
    __aeabi_memset4                          0x08009a15   Thumb Code     0  memseta.o(.text)
    __aeabi_memset8                          0x08009a15   Thumb Code     0  memseta.o(.text)
    __aeabi_memclr                           0x08009a23   Thumb Code     4  memseta.o(.text)
    __aeabi_memclr4                          0x08009a23   Thumb Code     0  memseta.o(.text)
    __aeabi_memclr8                          0x08009a23   Thumb Code     0  memseta.o(.text)
    _memset$wrapper                          0x08009a27   Thumb Code    18  memseta.o(.text)
    strcpy                                   0x08009a39   Thumb Code    18  strcpy.o(.text)
    __aeabi_fadd                             0x08009a4b   Thumb Code   164  fadd.o(.text)
    __aeabi_fsub                             0x08009aef   Thumb Code     6  fadd.o(.text)
    __aeabi_frsub                            0x08009af5   Thumb Code     6  fadd.o(.text)
    __aeabi_fdiv                             0x08009afb   Thumb Code   124  fdiv.o(.text)
    __aeabi_dadd                             0x08009b77   Thumb Code   322  dadd.o(.text)
    __aeabi_dsub                             0x08009cb9   Thumb Code     6  dadd.o(.text)
    __aeabi_drsub                            0x08009cbf   Thumb Code     6  dadd.o(.text)
    __aeabi_ui2f                             0x08009cc5   Thumb Code    10  ffltui.o(.text)
    __aeabi_f2uiz                            0x08009ccf   Thumb Code    40  ffixui.o(.text)
    __aeabi_f2d                              0x08009cf7   Thumb Code    38  f2d.o(.text)
    __aeabi_d2f                              0x08009d1d   Thumb Code    56  d2f.o(.text)
    __aeabi_cfcmpeq                          0x08009d55   Thumb Code     0  cfcmple.o(.text)
    __aeabi_cfcmple                          0x08009d55   Thumb Code    20  cfcmple.o(.text)
    __aeabi_cfrcmple                         0x08009d69   Thumb Code    20  cfrcmple.o(.text)
    __aeabi_llsl                             0x08009d7d   Thumb Code    30  llshl.o(.text)
    _ll_shift_l                              0x08009d7d   Thumb Code     0  llshl.o(.text)
    __aeabi_lasr                             0x08009d9b   Thumb Code    36  llsshr.o(.text)
    _ll_sshift_r                             0x08009d9b   Thumb Code     0  llsshr.o(.text)
    __I$use$fp                               0x08009dbf   Thumb Code     0  iusefp.o(.text)
    _float_round                             0x08009dbf   Thumb Code    18  fepilogue.o(.text)
    _float_epilogue                          0x08009dd1   Thumb Code    92  fepilogue.o(.text)
    _double_round                            0x08009e2d   Thumb Code    30  depilogue.o(.text)
    _double_epilogue                         0x08009e4b   Thumb Code   156  depilogue.o(.text)
    __aeabi_dmul                             0x08009ee7   Thumb Code   228  dmul.o(.text)
    __aeabi_ddiv                             0x08009fcb   Thumb Code   222  ddiv.o(.text)
    __ARM_scalbn                             0x0800a0a9   Thumb Code    46  dscalb.o(.text)
    scalbn                                   0x0800a0a9   Thumb Code     0  dscalb.o(.text)
    __aeabi_i2d                              0x0800a0d7   Thumb Code    34  dflti.o(.text)
    __aeabi_cdrcmple                         0x0800a0f9   Thumb Code    48  cdrcmple.o(.text)
    __scatterload                            0x0800a129   Thumb Code    28  init.o(.text)
    __scatterload_rt2                        0x0800a129   Thumb Code     0  init.o(.text)
    __aeabi_llsr                             0x0800a14d   Thumb Code    32  llushr.o(.text)
    _ll_ushift_r                             0x0800a14d   Thumb Code     0  llushr.o(.text)
    _dsqrt                                   0x0800a16d   Thumb Code   162  dsqrt.o(.text)
    __decompress                             0x0800a20f   Thumb Code     0  __dczerorl2.o(.text)
    __decompress1                            0x0800a20f   Thumb Code    86  __dczerorl2.o(.text)
    Allcolor                                 0x0800a265   Thumb Code    44  lib.o(i.Allcolor)
    ShowTxt                                  0x0800a2b5   Thumb Code    98  lib.o(i.ShowTxt)
    __ARM_fpclassify                         0x0800a329   Thumb Code    40  fpclassify.o(i.__ARM_fpclassify)
    __kernel_poly                            0x0800a351   Thumb Code   170  poly.o(i.__kernel_poly)
    __mathlib_dbl_divzero                    0x0800a3fd   Thumb Code    12  dunder.o(i.__mathlib_dbl_divzero)
    __mathlib_dbl_infnan2                    0x0800a40d   Thumb Code     4  dunder.o(i.__mathlib_dbl_infnan2)
    __mathlib_dbl_invalid                    0x0800a411   Thumb Code    12  dunder.o(i.__mathlib_dbl_invalid)
    __mathlib_dbl_overflow                   0x0800a41d   Thumb Code    14  dunder.o(i.__mathlib_dbl_overflow)
    __mathlib_dbl_underflow                  0x0800a42d   Thumb Code    10  dunder.o(i.__mathlib_dbl_underflow)
    __scatterload_copy                       0x0800a43d   Thumb Code    14  handlers.o(i.__scatterload_copy)
    __scatterload_null                       0x0800a44b   Thumb Code     2  handlers.o(i.__scatterload_null)
    __scatterload_zeroinit                   0x0800a44d   Thumb Code    14  handlers.o(i.__scatterload_zeroinit)
    __set_errno                              0x0800a45d   Thumb Code     6  errno.o(i.__set_errno)
    comsend                                  0x0800a469   Thumb Code    40  lib.o(i.comsend)
    num2HEXchar                              0x0800a495   Thumb Code    62  lib.o(i.num2HEXchar)
    pow                                      0x0800a4d5   Thumb Code  2512  pow.o(i.pow)
    showbmp                                  0x0800aead   Thumb Code   122  lib.o(i.showbmp)
    sqrt                                     0x0800af45   Thumb Code    76  sqrt.o(i.sqrt)
    __mathlib_zero                           0x0800b038   Data           8  qnan.o(.constdata)
    Region$$Table$$Base                      0x0800b040   Number         0  anon$$obj.o(Region$$Table)
    Region$$Table$$Limit                     0x0800b060   Number         0  anon$$obj.o(Region$$Table)
    TimingDelay                              0x20000000   Data           4  stm32f10x_it.o(.data)
    RxCounter1                               0x20000004   Data           1  stm32f10x_it.o(.data)
    rec_f                                    0x20000005   Data           1  stm32f10x_it.o(.data)
    NbrOfDataToRead1                         0x20000006   Data           1  stm32f10x_it.o(.data)
    GPIO_InitStructure                       0x20000008   Data           4  main.o(.data)
    HSEStartUpStatus                         0x2000000c   Data           1  main.o(.data)
    Status                                   0x20000014   Data           1  main.o(.data)
    sd_Capacity                              0x20000018   Data           4  main.o(.data)
    Flag_sleep                               0x2000001c   Data           1  main.o(.data)
    pic_num                                  0x2000001d   Data           1  main.o(.data)
    HFZIDD                                   0x2000001e   Data           2  main.o(.data)
    HFZIDDIO                                 0x20000020   Data           2  main.o(.data)
    HFZVDD                                   0x20000022   Data           2  main.o(.data)
    HFZVDDIO                                 0x20000024   Data           2  main.o(.data)
    CAL_OK                                   0x20000026   Data           1  main.o(.data)
    FLAG_RESET                               0x20000027   Data           1  main.o(.data)
    pucData                                  0x20000028   Data           2  main.o(.data)
    Vshunt_limit                             0x2000002a   Data           2  main.o(.data)
    IDD_WORK_LIMIT_VALUE                     0x2000002c   Data           2  main.o(.data)
    IOIDD_WORK_LIMIT_VALUE                   0x2000002e   Data           2  main.o(.data)
    IDD_SLEEP_LIMIT_VALUE                    0x20000030   Data           2  main.o(.data)
    IOIDD_SLEEP_LIMIT_VALUE                  0x20000032   Data           2  main.o(.data)
    HorA                                     0x20000034   Data           1  main.o(.data)
    show_promise                             0x20000035   Data           1  main.o(.data)
    VOTP_SET                                 0x20000036   Data           2  main.o(.data)
    data                                     0x20000038   Data           2  lcd.o(.data)
    RED_bmp                                  0x2000003c   Data           4  lcd.o(.data)
    GREEN_bmp                                0x20000040   Data           4  lcd.o(.data)
    BLUE_bmp                                 0x20000044   Data           4  lcd.o(.data)
    WHITE_bmp                                0x20000048   Data           4  lcd.o(.data)
    BLACK_bmp                                0x2000004c   Data           4  lcd.o(.data)
    GURY_45_bmp                              0x20000050   Data           4  lcd.o(.data)
    GURY_60_bmp                              0x20000054   Data           4  lcd.o(.data)
    GURY_128_bmp                             0x20000058   Data           4  lcd.o(.data)
    value_HighSpeed                          0x2000005c   Data           2  lcd.o(.data)
    value_Lane_select                        0x2000005e   Data           2  lcd.o(.data)
    VDP                                      0x20000060   Data           2  lcd.o(.data)
    VBP                                      0x20000062   Data           2  lcd.o(.data)
    VFP                                      0x20000064   Data           2  lcd.o(.data)
    HDP                                      0x20000066   Data           2  lcd.o(.data)
    HBP                                      0x20000068   Data           2  lcd.o(.data)
    HFP                                      0x2000006a   Data           2  lcd.o(.data)
    VPW                                      0x2000006c   Data           2  lcd.o(.data)
    HPW                                      0x2000006e   Data           2  lcd.o(.data)
    PIC_NUM                                  0x20000070   Data           1  lcd.o(.data)
    Flicker_OTP                              0x20000071   Data           1  lcd.o(.data)
    Flicker_OQC                              0x20000072   Data           1  lcd.o(.data)
    IDD_UA                                   0x20000074   Data           2  t226.o(.data)
    IDD_MA                                   0x20000076   Data           2  t226.o(.data)
    IDDIO_UA                                 0x20000078   Data           2  t226.o(.data)
    IDDIO_MA                                 0x2000007a   Data           2  t226.o(.data)
    tesss                                    0x2000007c   Data           2  t226.o(.data)
    decom_a                                  0x2000007e   Data           2  t226.o(.data)
    decom_b                                  0x20000080   Data           2  t226.o(.data)
    Preset1                                  0x20000082   Data           2  t226.o(.data)
    Preset2                                  0x20000084   Data           2  t226.o(.data)
    HFZ_COF                                  0x20000086   Data           1  t226.o(.data)
    vddio_vol                                0x20000088   Data           2  t226.o(.data)
    vdd_vol                                  0x2000008a   Data           2  t226.o(.data)
    GGGG                                     0x2000008c   Data           2  mtransmit.o(.data)
    vcom11                                   0x20000090   Data           1  lvds_otp.o(.data)
    vcom22                                   0x20000091   Data           1  lvds_otp.o(.data)
    Sensor_data_ok                           0x20000094   Data           4  lvds_otp.o(.data)
    OTP_VALUE1                               0x20000098   Data           1  lvds_otp.o(.data)
    OTP_VALUE2                               0x20000099   Data           1  lvds_otp.o(.data)
    OTP_TIMES                                0x2000009a   Data           1  lvds_otp.o(.data)
    CounT1                                   0x2000009c   Data           2  lvds_otp.o(.data)
    CounT2                                   0x2000009e   Data           2  lvds_otp.o(.data)
    CounT3                                   0x200000a0   Data           2  lvds_otp.o(.data)
    CounT4                                   0x200000a2   Data           2  lvds_otp.o(.data)
    VCOMDC1                                  0x200000a4   Data           2  lvds_otp.o(.data)
    VCOMDCX_reg                              0x200000a6   Data           1  lvds_otp.o(.data)
    VCOMDCZ_reg                              0x200000a7   Data           1  lvds_otp.o(.data)
    VCOMDCX                                  0x200000a8   Data           1  lvds_otp.o(.data)
    VCOMDCZ                                  0x200000a9   Data           1  lvds_otp.o(.data)
    VCOMC                                    0x200000aa   Data           1  lvds_otp.o(.data)
    VCOMF                                    0x200000ab   Data           1  lvds_otp.o(.data)
    SystemCoreClock                          0x20000258   Data           4  system_stm32f10x.o(.data)
    AHBPrescTable                            0x2000025c   Data          16  system_stm32f10x.o(.data)
    BriSeg                                   0x20000280   Data           4  tsliic_rev_c.o(.data)
    TransferError                            0x20000284   Data           1  sdcard.o(.data)
    TransferEnd                              0x2000029c   Data           4  sdcard.o(.data)
    NumberOfBytes                            0x200002a0   Data           4  sdcard.o(.data)
    SrcBuffer                                0x200002a4   Data           4  sdcard.o(.data)
    DestBuffer                               0x200002a8   Data           4  sdcard.o(.data)
    RxBuffer1                                0x200002b0   Data         127  stm32f10x_it.o(.bss)
    SDCardInfo                               0x20000330   Data          80  main.o(.bss)
    MIPI_READ_DATA                           0x20000380   Data          10  lcd.o(.bss)
    MIPI_Array                               0x2000038a   Data         300  lcd.o(.bss)
    Sensor_error_dot                         0x200004b8   Data         120  lvds_otp.o(.bss)
    DATA_SUMX                                0x20000530   Data          14  lvds_otp.o(.bss)
    SUREX                                    0x2000053e   Data          14  lvds_otp.o(.bss)
    DATA_SUMZ                                0x2000054c   Data         254  lvds_otp.o(.bss)
    SUREZ                                    0x2000064a   Data         254  lvds_otp.o(.bss)
    SDIO_InitStructure                       0x20000e60   Data          24  sdcard.o(.bss)
    SDIO_CmdInitStructure                    0x20000e78   Data          20  sdcard.o(.bss)
    SDIO_DataInitStructure                   0x20000e8c   Data          24  sdcard.o(.bss)
    __initial_sp                             0x200012a8   Data           0  startup_stm32f10x_xl.o(STACK)



==============================================================================

Memory Map of the image

  Image Entry point : 0x08000131

  Load Region LR_IROM1 (Base: 0x08000000, Size: 0x0000b310, Max: 0x00080000, ABSOLUTE, COMPRESSED[0x0000b1c0])

    Execution Region ER_IROM1 (Base: 0x08000000, Size: 0x0000b060, Max: 0x00080000, ABSOLUTE)

    Base Addr    Size         Type   Attr      Idx    E Section Name        Object

    0x08000000   0x00000130   Data   RO          371    RESET               startup_stm32f10x_xl.o
    0x08000130   0x00000000   Code   RO         1140  * .ARM.Collect$$$$00000000  mc_w.l(entry.o)
    0x08000130   0x00000004   Code   RO         1224    .ARM.Collect$$$$00000001  mc_w.l(entry2.o)
    0x08000134   0x00000004   Code   RO         1227    .ARM.Collect$$$$00000004  mc_w.l(entry5.o)
    0x08000138   0x00000000   Code   RO         1229    .ARM.Collect$$$$00000008  mc_w.l(entry7b.o)
    0x08000138   0x00000000   Code   RO         1231    .ARM.Collect$$$$0000000A  mc_w.l(entry8b.o)
    0x08000138   0x00000008   Code   RO         1232    .ARM.Collect$$$$0000000B  mc_w.l(entry9a.o)
    0x08000140   0x00000000   Code   RO         1234    .ARM.Collect$$$$0000000D  mc_w.l(entry10a.o)
    0x08000140   0x00000000   Code   RO         1236    .ARM.Collect$$$$0000000F  mc_w.l(entry11a.o)
    0x08000140   0x00000004   Code   RO         1225    .ARM.Collect$$$$00002712  mc_w.l(entry2.o)
    0x08000144   0x00000084   Code   RO            1    .text               stm32f10x_it.o
    0x080001c8   0x000008b8   Code   RO           81    .text               main.o
    0x08000a80   0x000006d8   Code   RO          172    .text               lcd.o
    0x08001158   0x000002e8   Code   RO          195    .text               iic.o
    0x08001440   0x0000074c   Code   RO          211    .text               config_gpio_powerout_ssd2828_lowlayerfunction.o
    0x08001b8c   0x00001014   Code   RO          230    .text               t226.o
    0x08002ba0   0x00000b68   Code   RO          269    .text               v_set_c.o
    0x08003708   0x0000049c   Code   RO          310    .text               lvds_i2c.o
    0x08003ba4   0x00000308   Code   RO          322    .text               mtransmit.o
    0x08003eac   0x00001acc   Code   RO          345    .text               lvds_otp.o
    0x08005978   0x00000024   Code   RO          372    .text               startup_stm32f10x_xl.o
    0x0800599c   0x000001e0   Code   RO          387    .text               system_stm32f10x.o
    0x08005b7c   0x000003a4   Code   RO          405    .text               stm32f10x_rcc.o
    0x08005f20   0x0000035c   Code   RO          461    .text               stm32f10x_gpio.o
    0x0800627c   0x000000dc   Code   RO          479    .text               misc.o
    0x08006358   0x0000011c   Code   RO          494    .text               stm32f10x_exti.o
    0x08006474   0x00000408   Code   RO          539    .text               stm32f10x_usart.o
    0x0800687c   0x000001d4   Code   RO          554    .text               stm32f10x_sdio.o
    0x08006a50   0x00000254   Code   RO          569    .text               stm32f10x_dma.o
    0x08006ca4   0x000008e8   Code   RO          701    .text               stm32f10x_flash.o
    0x0800758c   0x00000728   Code   RO          908    .text               tsliic_rev_c.lib(tsliic_rev_c.o)
    0x08007cb4   0x00001d3c   Code   RO          998    .text               SDFAT.lib(sdcard.o)
    0x080099f0   0x00000024   Code   RO         1143    .text               mc_w.l(memcpya.o)
    0x08009a14   0x00000024   Code   RO         1145    .text               mc_w.l(memseta.o)
    0x08009a38   0x00000012   Code   RO         1147    .text               mc_w.l(strcpy.o)
    0x08009a4a   0x000000b0   Code   RO         1179    .text               mf_w.l(fadd.o)
    0x08009afa   0x0000007c   Code   RO         1181    .text               mf_w.l(fdiv.o)
    0x08009b76   0x0000014e   Code   RO         1183    .text               mf_w.l(dadd.o)
    0x08009cc4   0x0000000a   Code   RO         1185    .text               mf_w.l(ffltui.o)
    0x08009cce   0x00000028   Code   RO         1187    .text               mf_w.l(ffixui.o)
    0x08009cf6   0x00000026   Code   RO         1189    .text               mf_w.l(f2d.o)
    0x08009d1c   0x00000038   Code   RO         1191    .text               mf_w.l(d2f.o)
    0x08009d54   0x00000014   Code   RO         1193    .text               mf_w.l(cfcmple.o)
    0x08009d68   0x00000014   Code   RO         1195    .text               mf_w.l(cfrcmple.o)
    0x08009d7c   0x0000001e   Code   RO         1238    .text               mc_w.l(llshl.o)
    0x08009d9a   0x00000024   Code   RO         1240    .text               mc_w.l(llsshr.o)
    0x08009dbe   0x00000000   Code   RO         1251    .text               mc_w.l(iusefp.o)
    0x08009dbe   0x0000006e   Code   RO         1252    .text               mf_w.l(fepilogue.o)
    0x08009e2c   0x000000ba   Code   RO         1254    .text               mf_w.l(depilogue.o)
    0x08009ee6   0x000000e4   Code   RO         1256    .text               mf_w.l(dmul.o)
    0x08009fca   0x000000de   Code   RO         1258    .text               mf_w.l(ddiv.o)
    0x0800a0a8   0x0000002e   Code   RO         1260    .text               mf_w.l(dscalb.o)
    0x0800a0d6   0x00000022   Code   RO         1262    .text               mf_w.l(dflti.o)
    0x0800a0f8   0x00000030   Code   RO         1264    .text               mf_w.l(cdrcmple.o)
    0x0800a128   0x00000024   Code   RO         1266    .text               mc_w.l(init.o)
    0x0800a14c   0x00000020   Code   RO         1268    .text               mc_w.l(llushr.o)
    0x0800a16c   0x000000a2   Code   RO         1270    .text               mf_w.l(dsqrt.o)
    0x0800a20e   0x00000056   Code   RO         1282    .text               mc_w.l(__dczerorl2.o)
    0x0800a264   0x00000050   Code   RO          788    i.Allcolor          STM3210E.lib(lib.o)
    0x0800a2b4   0x00000074   Code   RO          790    i.ShowTxt           STM3210E.lib(lib.o)
    0x0800a328   0x00000028   Code   RO         1211    i.__ARM_fpclassify  m_ws.l(fpclassify.o)
    0x0800a350   0x000000aa   Code   RO         1213    i.__kernel_poly     m_ws.l(poly.o)
    0x0800a3fa   0x00000002   PAD
    0x0800a3fc   0x00000010   Code   RO         1197    i.__mathlib_dbl_divzero  m_ws.l(dunder.o)
    0x0800a40c   0x00000004   Code   RO         1199    i.__mathlib_dbl_infnan2  m_ws.l(dunder.o)
    0x0800a410   0x0000000c   Code   RO         1200    i.__mathlib_dbl_invalid  m_ws.l(dunder.o)
    0x0800a41c   0x0000000e   Code   RO         1201    i.__mathlib_dbl_overflow  m_ws.l(dunder.o)
    0x0800a42a   0x00000002   PAD
    0x0800a42c   0x00000010   Code   RO         1203    i.__mathlib_dbl_underflow  m_ws.l(dunder.o)
    0x0800a43c   0x0000000e   Code   RO         1276    i.__scatterload_copy  mc_w.l(handlers.o)
    0x0800a44a   0x00000002   Code   RO         1277    i.__scatterload_null  mc_w.l(handlers.o)
    0x0800a44c   0x0000000e   Code   RO         1278    i.__scatterload_zeroinit  mc_w.l(handlers.o)
    0x0800a45a   0x00000002   PAD
    0x0800a45c   0x0000000c   Code   RO         1246    i.__set_errno       mc_w.l(errno.o)
    0x0800a468   0x0000002c   Code   RO          792    i.comsend           STM3210E.lib(lib.o)
    0x0800a494   0x0000003e   Code   RO          793    i.num2HEXchar       STM3210E.lib(lib.o)
    0x0800a4d2   0x00000002   PAD
    0x0800a4d4   0x000009d8   Code   RO         1131    i.pow               m_ws.l(pow.o)
    0x0800aeac   0x00000098   Code   RO          794    i.showbmp           STM3210E.lib(lib.o)
    0x0800af44   0x0000004c   Code   RO         1217    i.sqrt              m_ws.l(sqrt.o)
    0x0800af90   0x00000020   Data   RO          347    .constdata          lvds_otp.o
    0x0800afb0   0x00000088   Data   RO         1132    .constdata          m_ws.l(pow.o)
    0x0800b038   0x00000008   Data   RO         1215    .constdata          m_ws.l(qnan.o)
    0x0800b040   0x00000020   Data   RO         1274    Region$$Table       anon$$obj.o


    Execution Region RW_IRAM1 (Base: 0x20000000, Size: 0x000012a8, Max: 0x00010000, ABSOLUTE, COMPRESSED[0x00000160])

    Base Addr    Size         Type   Attr      Idx    E Section Name        Object

    0x20000000   0x00000007   Data   RW            3    .data               stm32f10x_it.o
    0x20000007   0x00000001   PAD
    0x20000008   0x00000030   Data   RW           83    .data               main.o
    0x20000038   0x0000003b   Data   RW          174    .data               lcd.o
    0x20000073   0x00000001   PAD
    0x20000074   0x00000018   Data   RW          231    .data               t226.o
    0x2000008c   0x00000002   Data   RW          324    .data               mtransmit.o
    0x2000008e   0x00000002   PAD
    0x20000090   0x000001c8   Data   RW          348    .data               lvds_otp.o
    0x20000258   0x00000014   Data   RW          388    .data               system_stm32f10x.o
    0x2000026c   0x00000014   Data   RW          406    .data               stm32f10x_rcc.o
    0x20000280   0x00000004   Data   RW          909    .data               tsliic_rev_c.lib(tsliic_rev_c.o)
    0x20000284   0x00000028   Data   RW         1000    .data               SDFAT.lib(sdcard.o)
    0x200002ac   0x00000004   Data   RW         1247    .data               mc_w.l(errno.o)
    0x200002b0   0x0000007f   Zero   RW            2    .bss                stm32f10x_it.o
    0x2000032f   0x00000001   PAD
    0x20000330   0x00000050   Zero   RW           82    .bss                main.o
    0x20000380   0x00000136   Zero   RW          173    .bss                lcd.o
    0x200004b6   0x00000002   PAD
    0x200004b8   0x00000954   Zero   RW          346    .bss                lvds_otp.o
    0x20000e0c   0x00000034   PAD
    0x20000e40   0x00000064   Zero   RW          999    .bss                SDFAT.lib(sdcard.o)
    0x20000ea4   0x00000004   PAD
    0x20000ea8   0x00000400   Zero   RW          369    STACK               startup_stm32f10x_xl.o


==============================================================================

Image component sizes


      Code (inc. data)   RO Data    RW Data    ZI Data      Debug   Object Name

      1868         36          0          0          0       4621   config_gpio_powerout_ssd2828_lowlayerfunction.o
       744         14          0          0          0       3320   iic.o
      1752         68          0         59        310       8660   lcd.o
      1180          8          0          0          0       4667   lvds_i2c.o
      6860       1498         32        456       2388      11249   lvds_otp.o
      2232        264          0         48         80     240530   main.o
       220         22          0          0          0       3865   misc.o
       776         14          0          2          0       4246   mtransmit.o
        36          8        304          0       1024        972   startup_stm32f10x_xl.o
       596          8          0          0          0      14586   stm32f10x_dma.o
       284         10          0          0          0       4823   stm32f10x_exti.o
      2280         46          0          0          0      17007   stm32f10x_flash.o
       860         38          0          0          0      23361   stm32f10x_gpio.o
       132         26          0          7        127     225347   stm32f10x_it.o
       932         36          0         20          0      18100   stm32f10x_rcc.o
       468         22          0          0          0      16756   stm32f10x_sdio.o
      1032         22          0          0          0      14892   stm32f10x_usart.o
       480         38          0         20          0       1891   system_stm32f10x.o
      4116        326          0         24          0       9878   t226.o
      2920         44          0          0          0      10267   v_set_c.o

    ----------------------------------------------------------------------
     29768       2548        368        640       3984     639038   Object Totals
         0          0         32          0          0          0   (incl. Generated)
         0          0          0          4         55          0   (incl. Padding)

    ----------------------------------------------------------------------

      Code (inc. data)   RO Data    RW Data    ZI Data      Debug   Library Member Name

      7484        232          0         40        100      52447   sdcard.o
       454         88          0          0          0     209419   lib.o
        62         10          0          0          0        340   dunder.o
        40          0          0          0          0         68   fpclassify.o
       170          0          0          0          0         96   poly.o
      2520        190        136          0          0        324   pow.o
         0          0          8          0          0          0   qnan.o
        76          0          0          0          0         84   sqrt.o
        86          0          0          0          0          0   __dczerorl2.o
         0          0          0          0          0          0   entry.o
         0          0          0          0          0          0   entry10a.o
         0          0          0          0          0          0   entry11a.o
         8          4          0          0          0          0   entry2.o
         4          0          0          0          0          0   entry5.o
         0          0          0          0          0          0   entry7b.o
         0          0          0          0          0          0   entry8b.o
         8          4          0          0          0          0   entry9a.o
        12          6          0          4          0         68   errno.o
        30          0          0          0          0          0   handlers.o
        36          8          0          0          0         68   init.o
         0          0          0          0          0          0   iusefp.o
        30          0          0          0          0         68   llshl.o
        36          0          0          0          0         68   llsshr.o
        32          0          0          0          0         68   llushr.o
        36          0          0          0          0         68   memcpya.o
        36          0          0          0          0        108   memseta.o
        18          0          0          0          0         68   strcpy.o
        48          0          0          0          0         68   cdrcmple.o
        20          0          0          0          0         68   cfcmple.o
        20          0          0          0          0         68   cfrcmple.o
        56          0          0          0          0         88   d2f.o
       334          0          0          0          0        148   dadd.o
       222          0          0          0          0        100   ddiv.o
       186          0          0          0          0        176   depilogue.o
        34          0          0          0          0         76   dflti.o
       228          0          0          0          0         96   dmul.o
        46          0          0          0          0         80   dscalb.o
       162          0          0          0          0        100   dsqrt.o
        38          0          0          0          0         68   f2d.o
       176          0          0          0          0        140   fadd.o
       124          0          0          0          0         88   fdiv.o
       110          0          0          0          0        168   fepilogue.o
        40          0          0          0          0         68   ffixui.o
        10          0          0          0          0         68   ffltui.o
      1832         12          0          4          0     222242   tsliic_rev_c.o

    ----------------------------------------------------------------------
     14872        554        144         48        104     487272   Library Totals
         8          0          0          0          4          0   (incl. Padding)

    ----------------------------------------------------------------------

      Code (inc. data)   RO Data    RW Data    ZI Data      Debug   Library Name

      7484        232          0         40        100      52447   SDFAT.lib
       454         88          0          0          0     209419   STM3210E.lib
      2868        200        144          0          0        912   m_ws.l
       372         22          0          4          0        584   mc_w.l
      1854          0          0          0          0       1668   mf_w.l
      1832         12          0          4          0     222242   tsliic_rev_c.lib

    ----------------------------------------------------------------------
     14872        554        144         48        104     487272   Library Totals

    ----------------------------------------------------------------------

==============================================================================


      Code (inc. data)   RO Data    RW Data    ZI Data      Debug   

     44640       3102        512        688       4088    1122382   Grand Totals
     44640       3102        512        352       4088    1122382   ELF Image Totals (compressed)
     44640       3102        512        352          0          0   ROM Totals

==============================================================================

    Total RO  Size (Code + RO Data)                45152 (  44.09kB)
    Total RW  Size (RW Data + ZI Data)              4776 (   4.66kB)
    Total ROM Size (Code + RO Data + RW Data)      45504 (  44.44kB)

==============================================================================

